ARM Linker, 4.1 [Build 481] [Professional]

==============================================================================

Section Cross References

    system_stm32f10x.o(.text) refers to system_stm32f10x.o(.data) for SystemCoreClock
    main_v1.8.o(.text) refers to delay.o(.text) for delay_ms
    main_v1.8.o(.text) refers to flash.o(.text) for flash_read
    main_v1.8.o(.text) refers to gpio.o(.text) for Compressor_Control
    main_v1.8.o(.text) refers to usart.o(.text) for USART_TX_Connect
    main_v1.8.o(.text) refers to system_stm32f10x.o(.text) for SystemInit
    main_v1.8.o(.text) refers to sys.o(.text) for NVIC_Configuration
    main_v1.8.o(.text) refers to ht1622.o(.text) for HT1622_Init
    main_v1.8.o(.text) refers to rtc.o(.text) for RTC_Init
    main_v1.8.o(.text) refers to timer.o(.text) for Timerx_Init
    main_v1.8.o(.text) refers to adc.o(.text) for ADC1_Init
    main_v1.8.o(.text) refers to vac.o(.text) for Vac_Process
    main_v1.8.o(.text) refers to basic.o(.text) for fan_run
    main_v1.8.o(.text) refers to task.o(.text) for task
    main_v1.8.o(.text) refers to stm32f10x_usart.o(.text) for USART_GetFlagStatus
    main_v1.8.o(.text) refers to main_v1.8.o(.bss) for PubStrDisplay
    main_v1.8.o(.text) refers to main_v1.8.o(.data) for VolumeSignal
    main_v1.8.o(.text) refers to flash.o(.data) for Flash_Data_Length
    main_v1.8.o(.text) refers to flash.o(.bss) for p_data_read
    main_v1.8.o(.text) refers to basic.o(.data) for Model
    main_v1.8.o(.text) refers to adc.o(.data) for Sample_Value_Set
    main_v1.8.o(.text) refers to vac.o(.data) for Vac_Value_Set
    main_v1.8.o(.text) refers to key.o(.data) for Compressor_Run_Counter
    main_v1.8.o(.text) refers to usart.o(.data) for USART_TX_Connect_Flag
    main_v1.8.o(.text) refers to stm32f10x_rcc.o(.text) for RCC_APB1PeriphClockCmd
    main_v1.8.o(.text) refers to stm32f10x_pwr.o(.text) for PWR_BackupAccessCmd
    main_v1.8.o(.text) refers to stm32f10x_bkp.o(.text) for BKP_WriteBackupRegister
    main_v1.8.o(.text) refers to rtc.o(.bss) for Timer
    gpio.o(.text) refers to stm32f10x_rcc.o(.text) for RCC_APB2PeriphClockCmd
    gpio.o(.text) refers to stm32f10x_gpio.o(.text) for GPIO_Init
    exti.o(.text) refers to stm32f10x_gpio.o(.text) for GPIO_PinRemapConfig
    exti.o(.text) refers to stm32f10x_rcc.o(.text) for RCC_APB2PeriphClockCmd
    exti.o(.text) refers to stm32f10x_exti.o(.text) for EXTI_Init
    exti.o(.text) refers to misc.o(.text) for NVIC_Init
    exti.o(.text) refers to delay.o(.text) for delay_ms
    exti.o(.text) refers to main_v1.8.o(.data) for FlagKeyInt
    rtc.o(.text) refers to misc.o(.text) for NVIC_Init
    rtc.o(.text) refers to stm32f10x_rtc.o(.text) for RTC_WaitForLastTask
    rtc.o(.text) refers to stm32f10x_bkp.o(.text) for BKP_ReadBackupRegister
    rtc.o(.text) refers to stm32f10x_rcc.o(.text) for RCC_APB1PeriphClockCmd
    rtc.o(.text) refers to stm32f10x_pwr.o(.text) for PWR_BackupAccessCmd
    rtc.o(.text) refers to delay.o(.text) for delay_ms
    rtc.o(.text) refers to rtc.o(.constdata) for table_week
    rtc.o(.text) refers to rtc.o(.data) for daycnt
    rtc.o(.text) refers to rtc.o(.bss) for Timer
    rtc.o(.text) refers to main_v1.8.o(.data) for FlagRtcInt
    rtc.o(.text) refers to key.o(.data) for parameter_Set_Flag
    rtc.o(.text) refers to ht1622.o(.text) for disp_date
    rtc.o(.text) refers to main_v1.8.o(.bss) for data_disp
    rtc.o(.text) refers to task.o(.data) for Parameter_Time_Set_Flash
    ht1622.o(.text) refers to delay.o(.text) for delay_us
    ht1622.o(.text) refers to stm32f10x_rcc.o(.text) for RCC_APB2PeriphClockCmd
    ht1622.o(.text) refers to stm32f10x_gpio.o(.text) for GPIO_Init
    timer.o(.text) refers to stm32f10x_rcc.o(.text) for RCC_APB1PeriphClockCmd
    timer.o(.text) refers to stm32f10x_tim.o(.text) for TIM_TimeBaseInit
    timer.o(.text) refers to misc.o(.text) for NVIC_Init
    timer.o(.text) refers to timer.o(.data) for Fre_Test
    timer.o(.text) refers to main_v1.8.o(.data) for Sys_Counter
    timer.o(.text) refers to task.o(.data) for Task_Flag
    key.o(.text) refers to stm32f10x_gpio.o(.text) for GPIO_ReadInputData
    key.o(.text) refers to usart.o(.text) for USART_TX_Run_State_updata
    key.o(.text) refers to key.o(.data) for KeyNum_Temp1
    key.o(.text) refers to main_v1.8.o(.data) for KeyNum
    key.o(.text) refers to task.o(.data) for Key_Press_Counter
    key.o(.text) refers to usart.o(.data) for USART_TX_Compressor_Flag
    key.o(.text) refers to basic.o(.data) for Model_Flash
    vac.o(.text) refers to vac.o(.data) for Vac_Ovl
    vac.o(.text) refers to timer.o(.data) for Fre_Test
    vac.o(.text) refers to task.o(.data) for Vacuumpump_Counter
    vac.o(.text) refers to adc.o(.data) for Coldtrap_Tem
    vac.o(.text) refers to key.o(.data) for Vacuumpump_State
    vac.o(.text) refers to basic.o(.data) for Filament_Static
    vac.o(.text) refers to main_v1.8.o(.bss) for data_disp
    vac.o(.text) refers to main_v1.8.o(.data) for data_led
[...]
    .constdata                               0x080093e6   Section       60  rtc.o(.constdata)
    x$fpl$usenofp                            0x080093e6   Section        0  usenofp.o(x$fpl$usenofp)
    .data                                    0x20000000   Section       20  system_stm32f10x.o(.data)
    .data                                    0x20000014   Section      118  main_v1.8.o(.data)
    m                                        0x20000051   Data           1  main_v1.8.o(.data)
    flagsyncounter                           0x20000052   Data           1  main_v1.8.o(.data)
    .data                                    0x2000008c   Section       16  rtc.o(.data)
    daycnt                                   0x2000008c   Data           2  rtc.o(.data)
    RTC_Time_Set_Step                        0x2000008e   Data           1  rtc.o(.data)
    .data                                    0x2000009c   Section        4  timer.o(.data)
    .data                                    0x200000a0   Section       15  key.o(.data)
    KeyNum_Temp1                             0x200000a2   Data           1  key.o(.data)
    KeyNum_Counter1                          0x200000a3   Data           1  key.o(.data)
    KeyNum_Counter2                          0x200000a4   Data           1  key.o(.data)
    KeyNum_Temp3                             0x200000a5   Data           1  key.o(.data)
    .data                                    0x200000b0   Section      960  vac.o(.data)
    Vac_Value_Set_Step                       0x20000450   Data           4  vac.o(.data)
    .data                                    0x20000470   Section       17  runtime.o(.data)
    Runtime_temp1                            0x20000470   Data           4  runtime.o(.data)
    Runtime_RTC_Flag                         0x20000474   Data           1  runtime.o(.data)
    .data                                    0x20000481   Section       22  task.o(.data)
    Second_Counter                           0x2000048e   Data           1  task.o(.data)
    Second_Counter2                          0x2000048f   Data           1  task.o(.data)
    Second_Counter10                         0x20000490   Data           1  task.o(.data)
    Min_Counter                              0x20000491   Data           1  task.o(.data)
    .data                                    0x20000498   Section     1036  adc.o(.data)
    Sing_Flag                                0x20000878   Data           1  adc.o(.data)
    Sing_Flag                                0x20000879   Data           1  adc.o(.data)
    Sample_Value_Set_Step                    0x2000087a   Data           1  adc.o(.data)
    Coldtrap_Value_Set_Step                  0x2000087b   Data           1  adc.o(.data)
    .data                                    0x200008a4   Section       16  basic.o(.data)
    i                                        0x200008a5   Data           1  basic.o(.data)
    Parameter_Set_Step                       0x200008a6   Data           1  basic.o(.data)
    Model_Value_Set_Step                     0x200008a7   Data           1  basic.o(.data)
    .data                                    0x200008b4   Section       85  flash.o(.data)
    .data                                    0x2000090a   Section        4  delay.o(.data)
    fac_us                                   0x2000090a   Data           1  delay.o(.data)
    fac_ms                                   0x2000090c   Data           2  delay.o(.data)
    .data                                    0x20000910   Section       24  usart.o(.data)
    i                                        0x20000916   Data           1  usart.o(.data)
    USART_RX_Start_Flag                      0x20000917   Data           1  usart.o(.data)
    USART_RX_End_Flag                        0x20000918   Data           1  usart.o(.data)
    USART_TX_Start_Flag                      0x20000919   Data           1  usart.o(.data)
    USART_TX_End_Flag                        0x2000091a   Data           1  usart.o(.data)
    USART_RX_Length                          0x2000091b   Data           1  usart.o(.data)
    USART_RX_Step                            0x2000091c   Data           1  usart.o(.data)
    USART_TX_Vacuometer_Conter               0x2000091f   Data           1  usart.o(.data)
    USART_TX_Vacuumpump_Conter               0x20000920   Data           1  usart.o(.data)
    USART_TX_Compressor_Conter               0x20000921   Data           1  usart.o(.data)
    USART_TX_Data_Conter                     0x20000922   Data           1  usart.o(.data)
    .data                                    0x20000928   Section       20  stm32f10x_rcc.o(.data)
    APBAHBPrescTable                         0x20000928   Data          16  stm32f10x_rcc.o(.data)
    ADCPrescTable                            0x20000938   Data           4  stm32f10x_rcc.o(.data)
    .bss                                     0x2000093c   Section       74  main_v1.8.o(.bss)
    .bss                                     0x20000986   Section       40  rtc.o(.bss)
    .bss                                     0x200009ae   Section       32  adc.o(.bss)
    .bss                                     0x200009d0   Section       80  flash.o(.bss)
    .bss                                     0x20000a20   Section      128  usart.o(.bss)
    .bss                                     0x20000aa0   Section       96  libspace.o(.bss)
    HEAP                                     0x20000b00   Section      512  startup_stm32f10x_md.o(HEAP)
    Heap_Mem                                 0x20000b00   Data         512  startup_stm32f10x_md.o(HEAP)
    STACK                                    0x20000d00   Section     1024  startup_stm32f10x_md.o(STACK)
    Stack_Mem                                0x20000d00   Data        1024  startup_stm32f10x_md.o(STACK)
    __initial_sp                             0x20001100   Data           0  startup_stm32f10x_md.o(STACK)

    Global Symbols

    Symbol Name                              Value     Ov Type        Size  Object(Section)

    BuildAttributes$$THM_ISAv4$P$D$K$B$S$PE$A:L22UL41UL21$X:L11$S22US41US21$IEEE1$IW$USESV6$~STKCKD$USESV7$~SHL$OSPACE$ROPI$EBA8$UX$STANDARDLIB$REQ8$PRES8$EABIv2 0x00000000   Number         0  anon$$obj.o ABSOLUTE
    __ARM_use_no_argv                        0x00000000   Number         0  main_v1.8.o ABSOLUTE
    __ARM_exceptions_init                     - Undefined Weak Reference
    __alloca_initialize                       - Undefined Weak Reference
    __cpp_initialize__aeabi_                  - Undefined Weak Reference
    __cxa_finalize                            - Undefined Weak Reference
    __rt_locale                               - Undefined Weak Reference
    __sigvec_lookup                           - Undefined Weak Reference
    _atexit_init                              - Undefined Weak Reference
    _call_atexit_fns                          - Undefined Weak Reference
    _clock_init                               - Undefined Weak Reference
    _fp_trap_init                             - Undefined Weak Reference
    _fp_trap_shutdown                         - Undefined Weak Reference
    _get_lc_collate                           - Undefined Weak Reference
    _get_lc_ctype                             - Undefined Weak Reference
    _get_lc_monetary                          - Undefined Weak Reference
    _get_lc_numeric                           - Undefined Weak Reference
    _get_lc_time                              - Undefined Weak Reference
    _getenv_init                              - Undefined Weak Reference
    _handle_redirection                       - Undefined Weak Reference
    _init_alloc                               - Undefined Weak Reference
    _init_user_alloc                          - Undefined Weak Reference
    _initio                                   - Undefined Weak Reference
    _rand_init                                - Undefined Weak Reference
    _signal_finish                            - Undefined Weak Reference
    _signal_init                              - Undefined Weak Reference
    _terminate_alloc                          - Undefined Weak Reference
    _terminate_user_alloc                     - Undefined Weak Reference
    _terminateio                              - Undefined Weak Reference
    __Vectors_Size                           0x000000ec   Number         0  startup_stm32f10x_md.o ABSOLUTE
    __Vectors                                0x08000000   Data           4  startup_stm32f10x_md.o(RESET)
    __Vectors_End                            0x080000ec   Data           0  startup_stm32f10x_md.o(RESET)
    __main                                   0x080000ed   Thumb Code     8  __main.o(!!!main)
    __scatterload                            0x080000f5   Thumb Code     0  __scatter.o(!!!scatter)
    __scatterload_rt2                        0x080000f5   Thumb Code    44  __scatter.o(!!!scatter)
    __scatterload_rt2_thumb_only             0x080000f5   Thumb Code     0  __scatter.o(!!!scatter)
    __scatterload_null                       0x08000103   Thumb Code     0  __scatter.o(!!!scatter)
    __decompress                             0x08000129   Thumb Code    58  __dczerorl.o(!!dczerorl)
    __decompress0                            0x08000129   Thumb Code     0  __dczerorl.o(!!dczerorl)
    __scatterload_zeroinit                   0x08000165   Thumb Code    28  __scatter_zi.o(!!handler_zi)
    __rt_lib_init                            0x08000181   Thumb Code     0  libinit.o(.ARM.Collect$$libinit$$00000000)
    __rt_lib_init_alloca_1                   0x08000187   Thumb Code     0  libinit2.o(.ARM.Collect$$libinit$$0000002A)
    __rt_lib_init_argv_1                     0x08000187   Thumb Code     0  libinit2.o(.ARM.Collect$$libinit$$00000028)
    __rt_lib_init_atexit_1                   0x08000187   Thumb Code     0  libinit2.o(.ARM.Collect$$libinit$$00000017)
    __rt_lib_init_clock_1                    0x08000187   Thumb Code     0  libinit2.o(.ARM.Collect$$libinit$$0000001D)
    __rt_lib_init_cpp_1                      0x08000187   Thumb Code     0  libinit2.o(.ARM.Collect$$libinit$$0000002E)
    __rt_lib_init_exceptions_1               0x08000187   Thumb Code     0  libinit2.o(.ARM.Collect$$libinit$$0000002C)
    __rt_lib_init_fp_trap_1                  0x08000187   Thumb Code     0  libinit2.o(.ARM.Collect$$libinit$$0000001B)
    __rt_lib_init_getenv_1                   0x08000187   Thumb Code     0  libinit2.o(.ARM.Collect$$libinit$$0000001F)
    __rt_lib_init_heap_1                     0x08000187   Thumb Code     0  libinit2.o(.ARM.Collect$$libinit$$00000006)
    __rt_lib_init_lc_collate_1               0x08000187   Thumb Code     0  libinit2.o(.ARM.Collect$$libinit$$0000000D)
    __rt_lib_init_lc_ctype_1                 0x08000187   Thumb Code     0  libinit2.o(.ARM.Collect$$libinit$$0000000F)
    __rt_lib_init_lc_monetary_1              0x08000187   Thumb Code     0  libinit2.o(.ARM.Collect$$libinit$$00000011)
    __rt_lib_init_lc_numeric_1               0x08000187   Thumb Code     0  libinit2.o(.ARM.Collect$$libinit$$00000013)
    __rt_lib_init_lc_time_1                  0x08000187   Thumb Code     0  libinit2.o(.ARM.Collect$$libinit$$00000015)
    __rt_lib_init_rand_1                     0x08000187   Thumb Code     0  libinit2.o(.ARM.Collect$$libinit$$0000000A)
    __rt_lib_init_return                     0x08000187   Thumb Code     0  libinit2.o(.ARM.Collect$$libinit$$0000002F)
    __rt_lib_init_signal_1                   0x08000187   Thumb Code     0  libinit2.o(.ARM.Collect$$libinit$$00000019)
    __rt_lib_init_stdio_1                    0x08000187   Thumb Code     0  libinit2.o(.ARM.Collect$$libinit$$00000021)
    __rt_lib_init_user_alloc_1               0x08000187   Thumb Code     0  libinit2.o(.ARM.Collect$$libinit$$00000008)
    __rt_lib_shutdown                        0x08000189   Thumb Code     0  libshutdown.o(.ARM.Collect$$libshutdown$$00000000)
    __rt_lib_shutdown_fp_trap_1              0x0800018b   Thumb Code     0  libshutdown2.o(.ARM.Collect$$libshutdown$$00000006)
    __rt_lib_shutdown_heap_1                 0x0800018b   Thumb Code     0  libshutdown2.o(.ARM.Collect$$libshutdown$$0000000E)
    __rt_lib_shutdown_return                 0x0800018b   Thumb Code     0  libshutdown2.o(.ARM.Collect$$libshutdown$$0000000F)
    __rt_lib_shutdown_signal_1               0x0800018b   Thumb Code     0  libshutdown2.o(.ARM.Collect$$libshutdown$$00000009)
    __rt_lib_shutdown_stdio_1                0x0800018b   Thumb Code     0  libshutdown2.o(.ARM.Collect$$libshutdown$$00000003)
    __rt_lib_shutdown_user_alloc_1           0x0800018b   Thumb Code     0  libshutdown2.o(.ARM.Collect$$libshutdown$$0000000B)
    __rt_entry                               0x0800018d   Thumb Code     0  rtentry.o(.ARM.Collect$$rtentry$$00000000)
    __rt_entry_presh_1                       0x0800018d   Thumb Code     0  rtentry2.o(.ARM.Collect$$rtentry$$00000002)
    __rt_entry_sh                            0x0800018d   Thumb Code     0  rtentry4.o(.ARM.Collect$$rtentry$$00000004)
    __rt_entry_li                            0x08000193   Thumb Code     0  rtentry2.o(.ARM.Collect$$rtentry$$0000000A)
    __rt_entry_postsh_1                      0x08000193   Thumb Code     0  rtentry2.o(.ARM.Collect$$rtentry$$00000009)
    __rt_entry_main                          0x08000197   Thumb Code     0  rtentry2.o(.ARM.Collect$$rtentry$$0000000D)
    __rt_entry_postli_1                      0x08000197   Thumb Code     0  rtentry2.o(.ARM.Collect$$rtentry$$0000000C)
    __rt_exit                                0x0800019f   Thumb Code     0  rtexit.o(.ARM.Collect$$rtexit$$00000000)
    __rt_exit_ls                             0x080001a1   Thumb Code     0  rtexit2.o(.ARM.Collect$$rtexit$$00000003)
    __rt_exit_prels_1                        0x080001a1   Thumb Code     0  rtexit2.o(.ARM.Collect$$rtexit$$00000002)
    __rt_exit_exit                           0x080001a5   Thumb Code     0  rtexit2.o(.ARM.Collect$$rtexit$$00000004)
    NMI_Handler                              0x080001ab   Thumb Code     2  stm32f10x_it.o(.text)
    HardFault_Handler                        0x080001ad   Thumb Code     4  stm32f10x_it.o(.text)
    MemManage_Handler                        0x080001b1   Thumb Code     4  stm32f10x_it.o(.text)
    BusFault_Handler                         0x080001b5   Thumb Code     4  stm32f10x_it.o(.text)
    UsageFault_Handler                       0x080001b9   Thumb Code     4  stm32f10x_it.o(.text)
    SVC_Handler                              0x080001bd   Thumb Code     2  stm32f10x_it.o(.text)
    DebugMon_Handler                         0x080001bf   Thumb Code     2  stm32f10x_it.o(.text)
    PendSV_Handler                           0x080001c1   Thumb Code     2  stm32f10x_it.o(.text)
    SysTick_Handler                          0x080001c3   Thumb Code     2  stm32f10x_it.o(.text)
    SystemInit                               0x0800028d   Thumb Code    78  system_stm32f10x.o(.text)
    SystemCoreClockUpdate                    0x080002db   Thumb Code   142  system_stm32f10x.o(.text)
    DisplayRefresh                           0x0800038d   Thumb Code   100  main_v1.8.o(.text)
    DisplayVolume                            0x080003f1   Thumb Code   184  main_v1.8.o(.text)
    test                                     0x080004a9   Thumb Code   148  main_v1.8.o(.text)
    EnveramentInit                           0x0800053d   Thumb Code   184  main_v1.8.o(.text)
    main                                     0x080005f5   Thumb Code   230  main_v1.8.o(.text)
    BeepErr                                  0x080006db   Thumb Code    88  main_v1.8.o(.text)
    Volume                                   0x08000733   Thumb Code   294  main_v1.8.o(.text)
    DisplayWaveTime                          0x08000859   Thumb Code   224  main_v1.8.o(.text)
    SelectWaveTime                           0x08000939   Thumb Code    92  main_v1.8.o(.text)
    TimeAdjust                               0x08000995   Thumb Code   394  main_v1.8.o(.text)
    DisplayStop                              0x08000b1f   Thumb Code    42  main_v1.8.o(.text)
    DisplayWave                              0x08000b49   Thumb Code    36  main_v1.8.o(.text)
    Stop                                     0x08000b6d   Thumb Code   100  main_v1.8.o(.text)
    DisplayPlayStat                          0x08000bd1   Thumb Code   212  main_v1.8.o(.text)
    DisplayInstructions                      0x08000ca5   Thumb Code    38  main_v1.8.o(.text)
    SetTimer                                 0x08000ccb   Thumb Code    74  main_v1.8.o(.text)
    StateChange                              0x08000d15   Thumb Code   980  main_v1.8.o(.text)
    DisplayMeter                             0x080010e9   Thumb Code   200  main_v1.8.o(.text)
    DisplaySetR                              0x080011b1   Thumb Code    38  main_v1.8.o(.text)
    DisplaySetT                              0x080011d7   Thumb Code   292  main_v1.8.o(.text)
    DisplayWaveTimePosition                  0x080012fb   Thumb Code   222  main_v1.8.o(.text)
    LightControl                             0x080013d9   Thumb Code    44  main_v1.8.o(.text)
    KeyLight                                 0x08001405   Thumb Code   100  main_v1.8.o(.text)
    SystemClock                              0x08001469   Thumb Code  1284  main_v1.8.o(.text)
    WavePlay                                 0x0800196d   Thumb Code   200  main_v1.8.o(.text)
    GetBasicInformation                      0x08001a35   Thumb Code    52  main_v1.8.o(.text)
    DisplayTest                              0x08001a69   Thumb Code   168  main_v1.8.o(.text)
    Beep                                     0x08001b11   Thumb Code     6  main_v1.8.o(.text)
    DisplayFigure                            0x08001b17   Thumb Code   232  main_v1.8.o(.text)
    RtcInitlize                              0x08001bff   Thumb Code   138  main_v1.8.o(.text)
    RtcUpdate                                0x08001c89   Thumb Code   168  main_v1.8.o(.text)
    DisplayTime                              0x08001d31   Thumb Code   308  main_v1.8.o(.text)
    DisplayInit                              0x08001e65   Thumb Code   258  main_v1.8.o(.text)
    LedLight                                 0x08001f67   Thumb Code   124  main_v1.8.o(.text)
    MY_GPIO_Init                             0x08002005   Thumb Code   278  gpio.o(.text)
    Compressor_Control                       0x0800211b   Thumb Code    20  gpio.o(.text)
    Vacuumpump_Control                       0x0800212f   Thumb Code    20  gpio.o(.text)
    JYJ_Control                              0x08002143   Thumb Code    20  gpio.o(.text)
    Vacuometer_Control                       0x08002157   Thumb Code    20  gpio.o(.text)
    LN_Control                               0x0800216b   Thumb Code    20  gpio.o(.text)
    KG1_Control                              0x0800217f   Thumb Code    20  gpio.o(.text)
    KG2_Control                              0x08002193   Thumb Code    20  gpio.o(.text)
    EXTIX_Init                               0x080021d1   Thumb Code   104  exti.o(.text)
    EXTI9_5_IRQHandler                       0x08002239   Thumb Code    30  exti.o(.text)
    RTC_NVIC_Config                          0x08002265   Thumb Code    34  rtc.o(.text)
    RTC_Get_Week                             0x08002287   Thumb Code   114  rtc.o(.text)
    Is_Leap_Year                             0x080022f9   Thumb Code    58  rtc.o(.text)
    RTC_Get                                  0x08002333   Thumb Code   250  rtc.o(.text)
    RTC_Set                                  0x0800242d   Thumb Code   172  rtc.o(.text)
    RTC_Init                                 0x080024d9   Thumb Code   198  rtc.o(.text)
    RTC_IRQHandler                           0x0800259f   Thumb Code    78  rtc.o(.text)
    str_cmpx                                 0x080025ed   Thumb Code    36  rtc.o(.text)
    Auto_Time_Set                            0x08002611   Thumb Code   256  rtc.o(.text)
    RTC_Display                              0x08002711   Thumb Code   784  rtc.o(.text)
    RTC_Numver_Change                        0x08002a21   Thumb Code   968  rtc.o(.text)
    RTC_Time_Set                             0x08002de9   Thumb Code   388  rtc.o(.text)
    SendBit_1622                             0x08002f95   Thumb Code    72  ht1622.o(.text)
    SendCmd                                  0x08002fdd   Thumb Code    50  ht1622.o(.text)
    HT1622_Init                              0x0800300f   Thumb Code   100  ht1622.o(.text)
    SendDataBit_1622                         0x08003073   Thumb Code    70  ht1622.o(.text)
    Write_1622                               0x080030b9   Thumb Code    60  ht1622.o(.text)
    WriteAll_1622                            0x080030f5   Thumb Code    70  ht1622.o(.text)
    Display_RTCtime                          0x0800313b   Thumb Code    68  ht1622.o(.text)
    disp_date                                0x0800317f   Thumb Code    80  ht1622.o(.text)
    TIM_CCER_CC1Econfig                      0x080031e5   Thumb Code    22  timer.o(.text)
    TIM_SMCR_SMSConfig                       0x080031fb   Thumb Code    18  timer.o(.text)
    TIM_CCMR1_IC1FConfig                     0x0800320d   Thumb Code    18  timer.o(.text)
    TIM_CCMR1_IC1PSCConfig                   0x0800321f   Thumb Code    18  timer.o(.text)
    TIM_CCMR1_CC1sConfig                     0x08003231   Thumb Code    18  timer.o(.text)
    TIM_SMCR_ETFConfig                       0x08003243   Thumb Code    18  timer.o(.text)
    TIM_SMCR_ETPSConfig                      0x08003255   Thumb Code    18  timer.o(.text)
    TIM_SMCR_ETPConfig                       0x08003267   Thumb Code    22  timer.o(.text)
    TIM_SMCR_ECEConfig                       0x0800327d   Thumb Code    22  timer.o(.text)
    Timerx_Init                              0x08003293   Thumb Code   466  timer.o(.text)
    TIM1_CC_IRQHandler                       0x08003465   Thumb Code    64  timer.o(.text)
    TIM2_IRQHandler                          0x080034a5   Thumb Code    22  timer.o(.text)
    TIM3_IRQHandler                          0x080034bb   Thumb Code    22  timer.o(.text)
    TIM4_IRQHandler                          0x080034d1   Thumb Code    38  timer.o(.text)
    key_process                              0x08003515   Thumb Code   782  key.o(.text)
    fre2vac                                  0x080038a5   Thumb Code   252  vac.o(.text)
    Vac_Process                              0x080039a1   Thumb Code  1274  vac.o(.text)
    Vac_Value_Change                         0x08003e9b   Thumb Code   436  vac.o(.text)
    Vac_ValueSet                             0x0800404f   Thumb Code   354  vac.o(.text)
    Runtime_Process                          0x080041ed   Thumb Code   404  runtime.o(.text)
    task                                     0x08004559   Thumb Code   206  task.o(.text)
    ADC1_Init                                0x080047c7   Thumb Code    12  adc.o(.text)
    TemperaturePrint                         0x080047d3   Thumb Code   342  adc.o(.text)
    temperature1_ADJ                         0x08004929   Thumb Code   134  adc.o(.text)
    ADC_Process                              0x080049af   Thumb Code  1426  adc.o(.text)
    Sample_Value_Change                      0x08004f41   Thumb Code   356  adc.o(.text)
    Coldtrap_Value_Change                    0x080050a5   Thumb Code   356  adc.o(.text)
    Sample_ValueSet                          0x08005209   Thumb Code   382  adc.o(.text)
    Coldtrap_ValueSet                        0x08005387   Thumb Code   300  adc.o(.text)
    fan_run                                  0x080054f5   Thumb Code   268  basic.o(.text)
    Compressor_Process                       0x08005601   Thumb Code    90  basic.o(.text)
    Vacuumpump_Process                       0x0800565b   Thumb Code    80  basic.o(.text)
    Vacuometer_Process                       0x080056ab   Thumb Code    80  basic.o(.text)
    Connect_Process                          0x080056fb   Thumb Code    44  basic.o(.text)
    Select_Static                            0x08005727   Thumb Code    52  basic.o(.text)
    Model_Display                            0x0800575b   Thumb Code   156  basic.o(.text)
    Parameter_Set                            0x080057f7   Thumb Code   638  basic.o(.text)
    Model_Value_Change                       0x08005a75   Thumb Code    76  basic.o(.text)
    Model_ValueSet                           0x08005ac1   Thumb Code   286  basic.o(.text)
    Filament_Process                         0x08005bdf   Thumb Code    22  basic.o(.text)
    flash_write                              0x08005c41   Thumb Code   174  flash.o(.text)
    flash_read                               0x08005cef   Thumb Code    50  flash.o(.text)
    Parameter_Flash_write                    0x08005d21   Thumb Code    96  flash.o(.text)
    delay_init                               0x08005dbd   Thumb Code    40  delay.o(.text)
    delay_ms                                 0x08005de5   Thumb Code    54  delay.o(.text)
    delay_us                                 0x08005e1b   Thumb Code    54  delay.o(.text)
    NVIC_Configuration                       0x08005e59   Thumb Code    12  sys.o(.text)
    _sys_exit                                0x08005e65   Thumb Code     6  usart.o(.text)
    fputc                                    0x08005e6b   Thumb Code    20  usart.o(.text)
    uart_init                                0x08005e7f   Thumb Code   152  usart.o(.text)
    USART1_IRQHandler                        0x08005f17   Thumb Code   314  usart.o(.text)
    USART1_Config                            0x08006051   Thumb Code   114  usart.o(.text)
    USART1_printf                            0x08006125   Thumb Code   262  usart.o(.text)
    USART_RX_Process                         0x0800622b   Thumb Code   426  usart.o(.text)
    USART_TX_Connect                         0x080063d5   Thumb Code    66  usart.o(.text)
    USART_TX_Compressor_State_updata         0x08006417   Thumb Code   112  usart.o(.text)
    USART_TX_Vacuumpump_State_updata         0x08006487   Thumb Code   118  usart.o(.text)
    USART_TX_Vacuometer_State_updata         0x080064fd   Thumb Code   112  usart.o(.text)
    USART_TX_Run_State_updata                0x0800656d   Thumb Code   416  usart.o(.text)
    Reset_Handler                            0x08006715   Thumb Code     8  startup_stm32f10x_md.o(.text)
    ADC1_2_IRQHandler                        0x0800672f   Thumb Code     0  startup_stm32f10x_md.o(.text)
    CAN1_RX1_IRQHandler                      0x0800672f   Thumb Code     0  startup_stm32f10x_md.o(.text)
    CAN1_SCE_IRQHandler                      0x0800672f   Thumb Code     0  startup_stm32f10x_md.o(.text)
    DMA1_Channel1_IRQHandler                 0x0800672f   Thumb Code     0  startup_stm32f10x_md.o(.text)
    DMA1_Channel2_IRQHandler                 0x0800672f   Thumb Code     0  startup_stm32f10x_md.o(.text)
    DMA1_Channel3_IRQHandler                 0x0800672f   Thumb Code     0  startup_stm32f10x_md.o(.text)
    DMA1_Channel4_IRQHandler                 0x0800672f   Thumb Code     0  startup_stm32f10x_md.o(.text)
    DMA1_Channel5_IRQHandler                 0x0800672f   Thumb Code     0  startup_stm32f10x_md.o(.text)
    DMA1_Channel6_IRQHandler                 0x0800672f   Thumb Code     0  startup_stm32f10x_md.o(.text)
    DMA1_Channel7_IRQHandler                 0x0800672f   Thumb Code     0  startup_stm32f10x_md.o(.text)
    EXTI0_IRQHandler                         0x0800672f   Thumb Code     0  startup_stm32f10x_md.o(.text)
    EXTI15_10_IRQHandler                     0x0800672f   Thumb Code     0  startup_stm32f10x_md.o(.text)
    EXTI1_IRQHandler                         0x0800672f   Thumb Code     0  startup_stm32f10x_md.o(.text)
    EXTI2_IRQHandler                         0x0800672f   Thumb Code     0  startup_stm32f10x_md.o(.text)
    EXTI3_IRQHandler                         0x0800672f   Thumb Code     0  startup_stm32f10x_md.o(.text)
    EXTI4_IRQHandler                         0x0800672f   Thumb Code     0  startup_stm32f10x_md.o(.text)
    FLASH_IRQHandler                         0x0800672f   Thumb Code     0  startup_stm32f10x_md.o(.text)
    I2C1_ER_IRQHandler                       0x0800672f   Thumb Code     0  startup_stm32f10x_md.o(.text)
    I2C1_EV_IRQHandler                       0x0800672f   Thumb Code     0  startup_stm32f10x_md.o(.text)
    I2C2_ER_IRQHandler                       0x0800672f   Thumb Code     0  startup_stm32f10x_md.o(.text)
    I2C2_EV_IRQHandler                       0x0800672f   Thumb Code     0  startup_stm32f10x_md.o(.text)
    PVD_IRQHandler                           0x0800672f   Thumb Code     0  startup_stm32f10x_md.o(.text)
    RCC_IRQHandler                           0x0800672f   Thumb Code     0  startup_stm32f10x_md.o(.text)
    RTCAlarm_IRQHandler                      0x0800672f   Thumb Code     0  startup_stm32f10x_md.o(.text)
    SPI1_IRQHandler                          0x0800672f   Thumb Code     0  startup_stm32f10x_md.o(.text)
    SPI2_IRQHandler                          0x0800672f   Thumb Code     0  startup_stm32f10x_md.o(.text)
    TAMPER_IRQHandler                        0x0800672f   Thumb Code     0  startup_stm32f10x_md.o(.text)
    TIM1_BRK_IRQHandler                      0x0800672f   Thumb Code     0  startup_stm32f10x_md.o(.text)
    TIM1_TRG_COM_IRQHandler                  0x0800672f   Thumb Code     0  startup_stm32f10x_md.o(.text)
    TIM1_UP_IRQHandler                       0x0800672f   Thumb Code     0  startup_stm32f10x_md.o(.text)
    USART2_IRQHandler                        0x0800672f   Thumb Code     0  startup_stm32f10x_md.o(.text)
    USART3_IRQHandler                        0x0800672f   Thumb Code     0  startup_stm32f10x_md.o(.text)
    USBWakeUp_IRQHandler                     0x0800672f   Thumb Code     0  startup_stm32f10x_md.o(.text)
    USB_HP_CAN1_TX_IRQHandler                0x0800672f   Thumb Code     0  startup_stm32f10x_md.o(.text)
    USB_LP_CAN1_RX0_IRQHandler               0x0800672f   Thumb Code     0  startup_stm32f10x_md.o(.text)
    WWDG_IRQHandler                          0x0800672f   Thumb Code     0  startup_stm32f10x_md.o(.text)
    __user_initial_stackheap                 0x08006731   Thumb Code     0  startup_stm32f10x_md.o(.text)
    NVIC_PriorityGroupConfig                 0x08006755   Thumb Code    10  misc.o(.text)
    NVIC_Init                                0x0800675f   Thumb Code   118  misc.o(.text)
    NVIC_SetVectorTable                      0x080067d5   Thumb Code    12  misc.o(.text)
    NVIC_SystemLPConfig                      0x080067e1   Thumb Code    38  misc.o(.text)
    SysTick_CLKSourceConfig                  0x08006807   Thumb Code    40  misc.o(.text)
    EXTI_DeInit                              0x0800684d   Thumb Code    30  stm32f10x_exti.o(.text)
    EXTI_Init                                0x0800686b   Thumb Code   160  stm32f10x_exti.o(.text)
    EXTI_StructInit                          0x0800690b   Thumb Code    16  stm32f10x_exti.o(.text)
    EXTI_GenerateSWInterrupt                 0x0800691b   Thumb Code    16  stm32f10x_exti.o(.text)
    EXTI_GetFlagStatus                       0x0800692b   Thumb Code    20  stm32f10x_exti.o(.text)
    EXTI_ClearFlag                           0x0800693f   Thumb Code     6  stm32f10x_exti.o(.text)
    EXTI_GetITStatus                         0x08006945   Thumb Code    34  stm32f10x_exti.o(.text)
    EXTI_ClearITPendingBit                   0x08006967   Thumb Code     6  stm32f10x_exti.o(.text)
    GPIO_DeInit                              0x08006989   Thumb Code   172  stm32f10x_gpio.o(.text)
    GPIO_AFIODeInit                          0x08006a35   Thumb Code    20  stm32f10x_gpio.o(.text)
    GPIO_Init                                0x08006a49   Thumb Code   274  stm32f10x_gpio.o(.text)
    GPIO_StructInit                          0x08006b5b   Thumb Code    16  stm32f10x_gpio.o(.text)
    GPIO_ReadInputDataBit                    0x08006b6b   Thumb Code    18  stm32f10x_gpio.o(.text)
    GPIO_ReadInputData                       0x08006b7d   Thumb Code     8  stm32f10x_gpio.o(.text)
    GPIO_ReadOutputDataBit                   0x08006b85   Thumb Code    18  stm32f10x_gpio.o(.text)
    GPIO_ReadOutputData                      0x08006b97   Thumb Code     8  stm32f10x_gpio.o(.text)
    GPIO_SetBits                             0x08006b9f   Thumb Code     4  stm32f10x_gpio.o(.text)
    GPIO_ResetBits                           0x08006ba3   Thumb Code     4  stm32f10x_gpio.o(.text)
    GPIO_WriteBit                            0x08006ba7   Thumb Code    10  stm32f10x_gpio.o(.text)
    GPIO_Write                               0x08006bb1   Thumb Code     4  stm32f10x_gpio.o(.text)
    GPIO_PinLockConfig                       0x08006bb5   Thumb Code    18  stm32f10x_gpio.o(.text)
    GPIO_EventOutputConfig                   0x08006bc7   Thumb Code    26  stm32f10x_gpio.o(.text)
    GPIO_EventOutputCmd                      0x08006be1   Thumb Code     6  stm32f10x_gpio.o(.text)
    GPIO_PinRemapConfig                      0x08006be7   Thumb Code   138  stm32f10x_gpio.o(.text)
    GPIO_EXTILineConfig                      0x08006c71   Thumb Code    66  stm32f10x_gpio.o(.text)
    GPIO_ETH_MediaInterfaceConfig            0x08006cb3   Thumb Code     6  stm32f10x_gpio.o(.text)
    RCC_DeInit                               0x08006ce1   Thumb Code    64  stm32f10x_rcc.o(.text)
    RCC_HSEConfig                            0x08006d21   Thumb Code    70  stm32f10x_rcc.o(.text)
    RCC_GetFlagStatus                        0x08006d67   Thumb Code    56  stm32f10x_rcc.o(.text)
    RCC_WaitForHSEStartUp                    0x08006d9f   Thumb Code    48  stm32f10x_rcc.o(.text)
    RCC_AdjustHSICalibrationValue            0x08006dcf   Thumb Code    20  stm32f10x_rcc.o(.text)
    RCC_HSICmd                               0x08006de3   Thumb Code     6  stm32f10x_rcc.o(.text)
    RCC_PLLConfig                            0x08006de9   Thumb Code    24  stm32f10x_rcc.o(.text)
    RCC_PLLCmd                               0x08006e01   Thumb Code     6  stm32f10x_rcc.o(.text)
    RCC_SYSCLKConfig                         0x08006e07   Thumb Code    18  stm32f10x_rcc.o(.text)
    RCC_GetSYSCLKSource                      0x08006e19   Thumb Code    10  stm32f10x_rcc.o(.text)
    RCC_HCLKConfig                           0x08006e23   Thumb Code    18  stm32f10x_rcc.o(.text)
    RCC_PCLK1Config                          0x08006e35   Thumb Code    18  stm32f10x_rcc.o(.text)
    RCC_PCLK2Config                          0x08006e47   Thumb Code    20  stm32f10x_rcc.o(.text)
    RCC_ITConfig                             0x08006e5b   Thumb Code    30  stm32f10x_rcc.o(.text)
    RCC_USBCLKConfig                         0x08006e79   Thumb Code     6  stm32f10x_rcc.o(.text)
    RCC_ADCCLKConfig                         0x08006e7f   Thumb Code    18  stm32f10x_rcc.o(.text)
    RCC_LSEConfig                            0x08006e91   Thumb Code    44  stm32f10x_rcc.o(.text)
    RCC_LSICmd                               0x08006ebd   Thumb Code     6  stm32f10x_rcc.o(.text)
    RCC_RTCCLKConfig                         0x08006ec3   Thumb Code    12  stm32f10x_rcc.o(.text)
    RCC_RTCCLKCmd                            0x08006ecf   Thumb Code     6  stm32f10x_rcc.o(.text)
    RCC_GetClocksFreq                        0x08006ed5   Thumb Code   192  stm32f10x_rcc.o(.text)
    RCC_AHBPeriphClockCmd                    0x08006f95   Thumb Code    26  stm32f10x_rcc.o(.text)
    RCC_APB2PeriphClockCmd                   0x08006faf   Thumb Code    26  stm32f10x_rcc.o(.text)
    RCC_APB1PeriphClockCmd                   0x08006fc9   Thumb Code    26  stm32f10x_rcc.o(.text)
    RCC_APB2PeriphResetCmd                   0x08006fe3   Thumb Code    26  stm32f10x_rcc.o(.text)
    RCC_APB1PeriphResetCmd                   0x08006ffd   Thumb Code    26  stm32f10x_rcc.o(.text)
    RCC_BackupResetCmd                       0x08007017   Thumb Code     6  stm32f10x_rcc.o(.text)
    RCC_ClockSecuritySystemCmd               0x0800701d   Thumb Code     6  stm32f10x_rcc.o(.text)
    RCC_MCOConfig                            0x08007023   Thumb Code     6  stm32f10x_rcc.o(.text)
    RCC_ClearFlag                            0x08007029   Thumb Code    14  stm32f10x_rcc.o(.text)
    RCC_GetITStatus                          0x08007037   Thumb Code    20  stm32f10x_rcc.o(.text)
    RCC_ClearITPendingBit                    0x0800704b   Thumb Code     6  stm32f10x_rcc.o(.text)
    RTC_ITConfig                             0x08007085   Thumb Code    40  stm32f10x_rtc.o(.text)
    RTC_EnterConfigMode                      0x080070ad   Thumb Code    16  stm32f10x_rtc.o(.text)
    RTC_ExitConfigMode                       0x080070bd   Thumb Code    20  stm32f10x_rtc.o(.text)
    RTC_GetCounter                           0x080070d1   Thumb Code    18  stm32f10x_rtc.o(.text)
    RTC_SetCounter                           0x080070e3   Thumb Code    26  stm32f10x_rtc.o(.text)
    RTC_SetPrescaler                         0x080070fd   Thumb Code    28  stm32f10x_rtc.o(.text)
    RTC_SetAlarm                             0x08007119   Thumb Code    26  stm32f10x_rtc.o(.text)
    RTC_GetDivider                           0x08007133   Thumb Code    26  stm32f10x_rtc.o(.text)
    RTC_WaitForLastTask                      0x0800714d   Thumb Code    14  stm32f10x_rtc.o(.text)
    RTC_WaitForSynchro                       0x0800715b   Thumb Code    32  stm32f10x_rtc.o(.text)
    RTC_GetFlagStatus                        0x0800717b   Thumb Code    20  stm32f10x_rtc.o(.text)
    RTC_ClearFlag                            0x0800718f   Thumb Code    22  stm32f10x_rtc.o(.text)
    RTC_GetITStatus                          0x080071a5   Thumb Code    34  stm32f10x_rtc.o(.text)
    RTC_ClearITPendingBit                    0x080071c7   Thumb Code    22  stm32f10x_rtc.o(.text)
    TIM_DeInit                               0x080071fd   Thumb Code   424  stm32f10x_tim.o(.text)
    TIM_TimeBaseInit                         0x080073a5   Thumb Code   122  stm32f10x_tim.o(.text)
    TIM_OC1Init                              0x0800741f   Thumb Code   132  stm32f10x_tim.o(.text)
    TIM_OC2Init                              0x080074a3   Thumb Code   146  stm32f10x_tim.o(.text)
    TIM_OC3Init                              0x08007535   Thumb Code   142  stm32f10x_tim.o(.text)
    TIM_OC4Init                              0x080075c3   Thumb Code   172  stm32f10x_tim.o(.text)
    TIM_SetIC4Prescaler                      0x0800766f   Thumb Code    22  stm32f10x_tim.o(.text)
    TIM_SetIC3Prescaler                      0x080076fb   Thumb Code    18  stm32f10x_tim.o(.text)
    TIM_SetIC2Prescaler                      0x0800777f   Thumb Code    22  stm32f10x_tim.o(.text)
    TIM_SetIC1Prescaler                      0x0800780b   Thumb Code    18  stm32f10x_tim.o(.text)
    TIM_ICInit                               0x08007887   Thumb Code   150  stm32f10x_tim.o(.text)
    TIM_PWMIConfig                           0x0800791d   Thumb Code   124  stm32f10x_tim.o(.text)
    TIM_BDTRConfig                           0x08007999   Thumb Code    32  stm32f10x_tim.o(.text)
    TIM_TimeBaseStructInit                   0x080079b9   Thumb Code    18  stm32f10x_tim.o(.text)
    TIM_OCStructInit                         0x080079cb   Thumb Code    20  stm32f10x_tim.o(.text)
    TIM_ICStructInit                         0x080079df   Thumb Code    18  stm32f10x_tim.o(.text)
    TIM_BDTRStructInit                       0x080079f1   Thumb Code    18  stm32f10x_tim.o(.text)
    TIM_Cmd                                  0x08007a03   Thumb Code    24  stm32f10x_tim.o(.text)
    TIM_CtrlPWMOutputs                       0x08007a1b   Thumb Code    52  stm32f10x_tim.o(.text)
    TIM_ITConfig                             0x08007a4f   Thumb Code    24  stm32f10x_tim.o(.text)
    TIM_GenerateEvent                        0x08007a67   Thumb Code     4  stm32f10x_tim.o(.text)
    TIM_DMAConfig                            0x08007a6b   Thumb Code    10  stm32f10x_tim.o(.text)
    TIM_DMACmd                               0x08007a75   Thumb Code    24  stm32f10x_tim.o(.text)
    TIM_InternalClockConfig                  0x08007a8d   Thumb Code    12  stm32f10x_tim.o(.text)
    TIM_SelectInputTrigger                   0x08007a99   Thumb Code    18  stm32f10x_tim.o(.text)
    TIM_ITRxExternalClockConfig              0x08007aab   Thumb Code    24  stm32f10x_tim.o(.text)
    TIM_TIxExternalClockConfig               0x08007ac3   Thumb Code    62  stm32f10x_tim.o(.text)
    TIM_ETRConfig                            0x08007b01   Thumb Code    24  stm32f10x_tim.o(.text)
    TIM_ETRClockMode1Config                  0x08007b19   Thumb Code    54  stm32f10x_tim.o(.text)
    TIM_ETRClockMode2Config                  0x08007b4f   Thumb Code    32  stm32f10x_tim.o(.text)
    TIM_PrescalerConfig                      0x08007b6f   Thumb Code     6  stm32f10x_tim.o(.text)
    TIM_CounterModeConfig                    0x08007b75   Thumb Code    18  stm32f10x_tim.o(.text)
    TIM_EncoderInterfaceConfig               0x08007b87   Thumb Code    62  stm32f10x_tim.o(.text)
    TIM_ForcedOC1Config                      0x08007bc5   Thumb Code    18  stm32f10x_tim.o(.text)
    TIM_ForcedOC2Config                      0x08007bd7   Thumb Code    22  stm32f10x_tim.o(.text)
    TIM_ForcedOC3Config                      0x08007bed   Thumb Code    18  stm32f10x_tim.o(.text)
    TIM_ForcedOC4Config                      0x08007bff   Thumb Code    22  stm32f10x_tim.o(.text)
    TIM_ARRPreloadConfig                     0x08007c15   Thumb Code    24  stm32f10x_tim.o(.text)
    TIM_SelectCOM                            0x08007c2d   Thumb Code    24  stm32f10x_tim.o(.text)
    TIM_SelectCCDMA                          0x08007c45   Thumb Code    24  stm32f10x_tim.o(.text)
    TIM_CCPreloadControl                     0x08007c5d   Thumb Code    24  stm32f10x_tim.o(.text)
    TIM_OC1PreloadConfig                     0x08007c75   Thumb Code    18  stm32f10x_tim.o(.text)
    TIM_OC2PreloadConfig                     0x08007c87   Thumb Code    22  stm32f10x_tim.o(.text)
    TIM_OC3PreloadConfig                     0x08007c9d   Thumb Code    18  stm32f10x_tim.o(.text)
    TIM_OC4PreloadConfig                     0x08007caf   Thumb Code    22  stm32f10x_tim.o(.text)
    TIM_OC1FastConfig                        0x08007cc5   Thumb Code    18  stm32f10x_tim.o(.text)
    TIM_OC2FastConfig                        0x08007cd7   Thumb Code    22  stm32f10x_tim.o(.text)
    TIM_OC3FastConfig                        0x08007ced   Thumb Code    18  stm32f10x_tim.o(.text)
    TIM_OC4FastConfig                        0x08007cff   Thumb Code    22  stm32f10x_tim.o(.text)
    TIM_ClearOC1Ref                          0x08007d15   Thumb Code    18  stm32f10x_tim.o(.text)
    TIM_ClearOC2Ref                          0x08007d27   Thumb Code    20  stm32f10x_tim.o(.text)
    TIM_ClearOC3Ref                          0x08007d3b   Thumb Code    18  stm32f10x_tim.o(.text)
    TIM_ClearOC4Ref                          0x08007d4d   Thumb Code    20  stm32f10x_tim.o(.text)
    TIM_OC1PolarityConfig                    0x08007d61   Thumb Code    18  stm32f10x_tim.o(.text)
    TIM_OC1NPolarityConfig                   0x08007d73   Thumb Code    18  stm32f10x_tim.o(.text)
    TIM_OC2PolarityConfig                    0x08007d85   Thumb Code    22  stm32f10x_tim.o(.text)
    TIM_OC2NPolarityConfig                   0x08007d9b   Thumb Code    22  stm32f10x_tim.o(.text)
    TIM_OC3PolarityConfig                    0x08007db1   Thumb Code    22  stm32f10x_tim.o(.text)
    TIM_OC3NPolarityConfig                   0x08007dc7   Thumb Code    22  stm32f10x_tim.o(.text)
    TIM_OC4PolarityConfig                    0x08007ddd   Thumb Code    22  stm32f10x_tim.o(.text)
    TIM_CCxCmd                               0x08007df3   Thumb Code    34  stm32f10x_tim.o(.text)
    TIM_CCxNCmd                              0x08007e15   Thumb Code    34  stm32f10x_tim.o(.text)
    TIM_SelectOCxM                           0x08007e37   Thumb Code    82  stm32f10x_tim.o(.text)
    TIM_UpdateDisableConfig                  0x08007e89   Thumb Code    24  stm32f10x_tim.o(.text)
    TIM_UpdateRequestConfig                  0x08007ea1   Thumb Code    24  stm32f10x_tim.o(.text)
    TIM_SelectHallSensor                     0x08007eb9   Thumb Code    24  stm32f10x_tim.o(.text)
    TIM_SelectOnePulseMode                   0x08007ed1   Thumb Code    18  stm32f10x_tim.o(.text)
    TIM_SelectOutputTrigger                  0x08007ee3   Thumb Code    18  stm32f10x_tim.o(.text)
    TIM_SelectSlaveMode                      0x08007ef5   Thumb Code    18  stm32f10x_tim.o(.text)
    TIM_SelectMasterSlaveMode                0x08007f07   Thumb Code    18  stm32f10x_tim.o(.text)
    TIM_SetCounter                           0x08007f19   Thumb Code     4  stm32f10x_tim.o(.text)
    TIM_SetAutoreload                        0x08007f1d   Thumb Code     4  stm32f10x_tim.o(.text)
    TIM_SetCompare1                          0x08007f21   Thumb Code     4  stm32f10x_tim.o(.text)
    TIM_SetCompare2                          0x08007f25   Thumb Code     4  stm32f10x_tim.o(.text)
    TIM_SetCompare3                          0x08007f29   Thumb Code     4  stm32f10x_tim.o(.text)
    TIM_SetCompare4                          0x08007f2d   Thumb Code     6  stm32f10x_tim.o(.text)
    TIM_SetClockDivision                     0x08007f33   Thumb Code    18  stm32f10x_tim.o(.text)
    TIM_GetCapture1                          0x08007f45   Thumb Code     6  stm32f10x_tim.o(.text)
    TIM_GetCapture2                          0x08007f4b   Thumb Code     6  stm32f10x_tim.o(.text)
    TIM_GetCapture3                          0x08007f51   Thumb Code     6  stm32f10x_tim.o(.text)
    TIM_GetCapture4                          0x08007f57   Thumb Code     8  stm32f10x_tim.o(.text)
    TIM_GetCounter                           0x08007f5f   Thumb Code     6  stm32f10x_tim.o(.text)
    TIM_GetPrescaler                         0x08007f65   Thumb Code     6  stm32f10x_tim.o(.text)
    TIM_GetFlagStatus                        0x08007f6b   Thumb Code    18  stm32f10x_tim.o(.text)
    TIM_ClearFlag                            0x08007f7d   Thumb Code     6  stm32f10x_tim.o(.text)
    TIM_GetITStatus                          0x08007f83   Thumb Code    34  stm32f10x_tim.o(.text)
    TIM_ClearITPendingBit                    0x08007fa5   Thumb Code     6  stm32f10x_tim.o(.text)
    USART_DeInit                             0x08007fad   Thumb Code   134  stm32f10x_usart.o(.text)
    USART_Init                               0x08008033   Thumb Code   210  stm32f10x_usart.o(.text)
    USART_StructInit                         0x08008105   Thumb Code    24  stm32f10x_usart.o(.text)
    USART_ClockInit                          0x0800811d   Thumb Code    34  stm32f10x_usart.o(.text)
    USART_ClockStructInit                    0x0800813f   Thumb Code    12  stm32f10x_usart.o(.text)
    USART_Cmd                                0x0800814b   Thumb Code    24  stm32f10x_usart.o(.text)
    USART_ITConfig                           0x08008163   Thumb Code    74  stm32f10x_usart.o(.text)
    USART_DMACmd                             0x080081ad   Thumb Code    24  stm32f10x_usart.o(.text)
    USART_SetAddress                         0x080081c5   Thumb Code    18  stm32f10x_usart.o(.text)
    USART_WakeUpConfig                       0x080081d7   Thumb Code    18  stm32f10x_usart.o(.text)
    USART_ReceiverWakeUpCmd                  0x080081e9   Thumb Code    24  stm32f10x_usart.o(.text)
    USART_LINBreakDetectLengthConfig         0x08008201   Thumb Code    18  stm32f10x_usart.o(.text)
    USART_LINCmd                             0x08008213   Thumb Code    24  stm32f10x_usart.o(.text)
    USART_SendData                           0x0800822b   Thumb Code     8  stm32f10x_usart.o(.text)
    USART_ReceiveData                        0x08008233   Thumb Code    10  stm32f10x_usart.o(.text)
    USART_SendBreak                          0x0800823d   Thumb Code    10  stm32f10x_usart.o(.text)
    USART_SetGuardTime                       0x08008247   Thumb Code    16  stm32f10x_usart.o(.text)
    USART_SetPrescaler                       0x08008257   Thumb Code    16  stm32f10x_usart.o(.text)
    USART_SmartCardCmd                       0x08008267   Thumb Code    24  stm32f10x_usart.o(.text)
    USART_SmartCardNACKCmd                   0x0800827f   Thumb Code    24  stm32f10x_usart.o(.text)
    USART_HalfDuplexCmd                      0x08008297   Thumb Code    24  stm32f10x_usart.o(.text)
    USART_OverSampling8Cmd                   0x080082af   Thumb Code    22  stm32f10x_usart.o(.text)
    USART_OneBitMethodCmd                    0x080082c5   Thumb Code    24  stm32f10x_usart.o(.text)
    USART_IrDAConfig                         0x080082dd   Thumb Code    18  stm32f10x_usart.o(.text)
    USART_IrDACmd                            0x080082ef   Thumb Code    24  stm32f10x_usart.o(.text)
    USART_GetFlagStatus                      0x08008307   Thumb Code    26  stm32f10x_usart.o(.text)
    USART_ClearFlag                          0x08008321   Thumb Code    18  stm32f10x_usart.o(.text)
    USART_GetITStatus                        0x08008333   Thumb Code    84  stm32f10x_usart.o(.text)
    USART_ClearITPendingBit                  0x08008387   Thumb Code    50  stm32f10x_usart.o(.text)
    BKP_DeInit                               0x080083b9   Thumb Code    16  stm32f10x_bkp.o(.text)
    BKP_TamperPinLevelConfig                 0x080083c9   Thumb Code     6  stm32f10x_bkp.o(.text)
    BKP_TamperPinCmd                         0x080083cf   Thumb Code     6  stm32f10x_bkp.o(.text)
    BKP_ITConfig                             0x080083d5   Thumb Code     6  stm32f10x_bkp.o(.text)
    BKP_RTCOutputConfig                      0x080083db   Thumb Code    28  stm32f10x_bkp.o(.text)
    BKP_SetRTCCalibrationValue               0x080083f7   Thumb Code    28  stm32f10x_bkp.o(.text)
    BKP_WriteBackupRegister                  0x08008413   Thumb Code    12  stm32f10x_bkp.o(.text)
    BKP_ReadBackupRegister                   0x0800841f   Thumb Code    14  stm32f10x_bkp.o(.text)
    BKP_GetFlagStatus                        0x0800842d   Thumb Code     8  stm32f10x_bkp.o(.text)
    BKP_ClearFlag                            0x08008435   Thumb Code    16  stm32f10x_bkp.o(.text)
    BKP_GetITStatus                          0x08008445   Thumb Code     8  stm32f10x_bkp.o(.text)
    BKP_ClearITPendingBit                    0x0800844d   Thumb Code    16  stm32f10x_bkp.o(.text)
    PWR_DeInit                               0x0800847d   Thumb Code    22  stm32f10x_pwr.o(.text)
    PWR_BackupAccessCmd                      0x08008493   Thumb Code     6  stm32f10x_pwr.o(.text)
    PWR_PVDCmd                               0x08008499   Thumb Code     6  stm32f10x_pwr.o(.text)
    PWR_PVDLevelConfig                       0x0800849f   Thumb Code    18  stm32f10x_pwr.o(.text)
    PWR_WakeUpPinCmd                         0x080084b1   Thumb Code     6  stm32f10x_pwr.o(.text)
    PWR_EnterSTOPMode                        0x080084b7   Thumb Code    62  stm32f10x_pwr.o(.text)
    PWR_EnterSTANDBYMode                     0x080084f5   Thumb Code    46  stm32f10x_pwr.o(.text)
    PWR_GetFlagStatus                        0x08008523   Thumb Code    20  stm32f10x_pwr.o(.text)
    PWR_ClearFlag                            0x08008537   Thumb Code    14  stm32f10x_pwr.o(.text)
    DMA_DeInit                               0x08008555   Thumb Code   320  stm32f10x_dma.o(.text)
    DMA_Init                                 0x08008695   Thumb Code    60  stm32f10x_dma.o(.text)
    DMA_StructInit                           0x080086d1   Thumb Code    26  stm32f10x_dma.o(.text)
    DMA_Cmd                                  0x080086eb   Thumb Code    24  stm32f10x_dma.o(.text)
    DMA_ITConfig                             0x08008703   Thumb Code    18  stm32f10x_dma.o(.text)
    DMA_SetCurrDataCounter                   0x08008715   Thumb Code     4  stm32f10x_dma.o(.text)
    DMA_GetCurrDataCounter                   0x08008719   Thumb Code     8  stm32f10x_dma.o(.text)
    DMA_GetFlagStatus                        0x08008721   Thumb Code    34  stm32f10x_dma.o(.text)
    DMA_ClearFlag                            0x08008743   Thumb Code    18  stm32f10x_dma.o(.text)
    DMA_GetITStatus                          0x08008755   Thumb Code    34  stm32f10x_dma.o(.text)
    DMA_ClearITPendingBit                    0x08008777   Thumb Code    18  stm32f10x_dma.o(.text)
    ADC_DeInit                               0x0800879d   Thumb Code    78  stm32f10x_adc.o(.text)
    ADC_Init                                 0x080087eb   Thumb Code    70  stm32f10x_adc.o(.text)
    ADC_StructInit                           0x08008831   Thumb Code    18  stm32f10x_adc.o(.text)
    ADC_Cmd                                  0x08008843   Thumb Code    22  stm32f10x_adc.o(.text)
    ADC_DMACmd                               0x08008859   Thumb Code    22  stm32f10x_adc.o(.text)
    ADC_ITConfig                             0x0800886f   Thumb Code    24  stm32f10x_adc.o(.text)
    ADC_ResetCalibration                     0x08008887   Thumb Code    10  stm32f10x_adc.o(.text)
    ADC_GetResetCalibrationStatus            0x08008891   Thumb Code    20  stm32f10x_adc.o(.text)
    ADC_StartCalibration                     0x080088a5   Thumb Code    10  stm32f10x_adc.o(.text)
    ADC_GetCalibrationStatus                 0x080088af   Thumb Code    20  stm32f10x_adc.o(.text)
    ADC_SoftwareStartConvCmd                 0x080088c3   Thumb Code    22  stm32f10x_adc.o(.text)
    ADC_GetSoftwareStartConvStatus           0x080088d9   Thumb Code    20  stm32f10x_adc.o(.text)
    ADC_DiscModeChannelCountConfig           0x080088ed   Thumb Code    24  stm32f10x_adc.o(.text)
    ADC_DiscModeCmd                          0x08008905   Thumb Code    22  stm32f10x_adc.o(.text)
    ADC_RegularChannelConfig                 0x0800891b   Thumb Code   184  stm32f10x_adc.o(.text)
    ADC_ExternalTrigConvCmd                  0x080089d3   Thumb Code    22  stm32f10x_adc.o(.text)
    ADC_GetConversionValue                   0x080089e9   Thumb Code     8  stm32f10x_adc.o(.text)
    ADC_GetDualModeConversionValue           0x080089f1   Thumb Code     6  stm32f10x_adc.o(.text)
    ADC_AutoInjectedConvCmd                  0x080089f7   Thumb Code    22  stm32f10x_adc.o(.text)
    ADC_InjectedDiscModeCmd                  0x08008a0d   Thumb Code    22  stm32f10x_adc.o(.text)
    ADC_ExternalTrigInjectedConvConfig       0x08008a23   Thumb Code    16  stm32f10x_adc.o(.text)
    ADC_ExternalTrigInjectedConvCmd          0x08008a33   Thumb Code    22  stm32f10x_adc.o(.text)
    ADC_SoftwareStartInjectedConvCmd         0x08008a49   Thumb Code    22  stm32f10x_adc.o(.text)
    ADC_GetSoftwareStartInjectedConvCmdStatus 0x08008a5f   Thumb Code    20  stm32f10x_adc.o(.text)
    ADC_InjectedChannelConfig                0x08008a73   Thumb Code   130  stm32f10x_adc.o(.text)
    ADC_InjectedSequencerLengthConfig        0x08008af5   Thumb Code    24  stm32f10x_adc.o(.text)
    ADC_SetInjectedOffset                    0x08008b0d   Thumb Code    12  stm32f10x_adc.o(.text)
    ADC_GetInjectedConversionValue           0x08008b19   Thumb Code    18  stm32f10x_adc.o(.text)
    ADC_AnalogWatchdogCmd                    0x08008b2b   Thumb Code    16  stm32f10x_adc.o(.text)
    ADC_AnalogWatchdogThresholdsConfig       0x08008b3b   Thumb Code     6  stm32f10x_adc.o(.text)
    ADC_AnalogWatchdogSingleChannelConfig    0x08008b41   Thumb Code    16  stm32f10x_adc.o(.text)
    ADC_TempSensorVrefintCmd                 0x08008b51   Thumb Code    34  stm32f10x_adc.o(.text)
    ADC_GetFlagStatus                        0x08008b73   Thumb Code    54  stm32f10x_adc.o(.text)
    ADC_ClearFlag                            0x08008ba9   Thumb Code     6  stm32f10x_adc.o(.text)
    ADC_GetITStatus                          0x08008baf   Thumb Code    36  stm32f10x_adc.o(.text)
    ADC_ClearITPendingBit                    0x08008bd3   Thumb Code    10  stm32f10x_adc.o(.text)
    FLASH_SetLatency                         0x08008bdd   Thumb Code    18  stm32f10x_flash.o(.text)
    FLASH_HalfCycleAccessCmd                 0x08008bef   Thumb Code    22  stm32f10x_flash.o(.text)
    FLASH_PrefetchBufferCmd                  0x08008c05   Thumb Code    22  stm32f10x_flash.o(.text)
    FLASH_Unlock                             0x08008c1b   Thumb Code    12  stm32f10x_flash.o(.text)
    FLASH_UnlockBank1                        0x08008c27   Thumb Code    12  stm32f10x_flash.o(.text)
    FLASH_Lock                               0x08008c33   Thumb Code    14  stm32f10x_flash.o(.text)
    FLASH_LockBank1                          0x08008c41   Thumb Code    14  stm32f10x_flash.o(.text)
    FLASH_GetBank1Status                     0x08008c4f   Thumb Code    50  stm32f10x_flash.o(.text)
    FLASH_WaitForLastOperation               0x08008c81   Thumb Code    38  stm32f10x_flash.o(.text)
    FLASH_ErasePage                          0x08008ca7   Thumb Code    72  stm32f10x_flash.o(.text)
    FLASH_EraseAllPages                      0x08008cef   Thumb Code    68  stm32f10x_flash.o(.text)
    FLASH_WaitForLastBank1Operation          0x08008d33   Thumb Code    38  stm32f10x_flash.o(.text)
    FLASH_EraseAllBank1Pages                 0x08008d59   Thumb Code    68  stm32f10x_flash.o(.text)
    FLASH_GetReadOutProtectionStatus         0x08008d9d   Thumb Code    20  stm32f10x_flash.o(.text)
    FLASH_EraseOptionBytes                   0x08008db1   Thumb Code   152  stm32f10x_flash.o(.text)
    FLASH_ProgramWord                        0x08008e49   Thumb Code    96  stm32f10x_flash.o(.text)
    FLASH_ProgramHalfWord                    0x08008ea9   Thumb Code    60  stm32f10x_flash.o(.text)
    FLASH_ProgramOptionByteData              0x08008ee5   Thumb Code    72  stm32f10x_flash.o(.text)
    FLASH_EnableWriteProtection              0x08008f2d   Thumb Code   208  stm32f10x_flash.o(.text)
    FLASH_ReadOutProtection                  0x08008ffd   Thumb Code   156  stm32f10x_flash.o(.text)
    FLASH_UserOptionByteConfig               0x08009099   Thumb Code    88  stm32f10x_flash.o(.text)
    FLASH_GetUserOptionByte                  0x080090f1   Thumb Code     8  stm32f10x_flash.o(.text)
    FLASH_GetWriteProtectionOptionByte       0x080090f9   Thumb Code     6  stm32f10x_flash.o(.text)
    FLASH_GetPrefetchBufferStatus            0x080090ff   Thumb Code    20  stm32f10x_flash.o(.text)
    FLASH_ITConfig                           0x08009113   Thumb Code    26  stm32f10x_flash.o(.text)
    FLASH_GetFlagStatus                      0x0800912d   Thumb Code    42  stm32f10x_flash.o(.text)
    FLASH_ClearFlag                          0x08009157   Thumb Code     6  stm32f10x_flash.o(.text)
    FLASH_GetStatus                          0x0800915d   Thumb Code    50  stm32f10x_flash.o(.text)
    __use_no_semihosting                     0x080091a5   Thumb Code     2  use_no_semi_2.o(.text)
    __use_two_region_memory                  0x080091a7   Thumb Code     2  heapauxi.o(.text)
    __rt_heap_escrow$2region                 0x080091a9   Thumb Code     2  heapauxi.o(.text)
    __rt_heap_expand$2region                 0x080091ab   Thumb Code     2  heapauxi.o(.text)
    __I$use$semihosting                      0x080091ad   Thumb Code     0  use_no_semi.o(.text)
    __use_no_semihosting_swi                 0x080091ad   Thumb Code     2  use_no_semi.o(.text)
    __user_setup_stackheap                   0x080091af   Thumb Code    74  sys_stackheap_outer.o(.text)
    exit                                     0x080091f9   Thumb Code    12  exit.o(.text)
    __user_libspace                          0x08009205   Thumb Code     8  libspace.o(.text)
    __user_perproc_libspace                  0x08009205   Thumb Code     0  libspace.o(.text)
    __user_perthread_libspace                0x08009205   Thumb Code     0  libspace.o(.text)
    __rt_fp_status_addr                      0x0800920d   Thumb Code    12  rt_fp_status_addr_intlibspace.o(.text)
    __fpl_dcmp_Inf                           0x08009219   Thumb Code    24  dcmpi.o(x$fpl$dcmpinf)
    __aeabi_ui2d                             0x08009231   Thumb Code     0  dflt_clz.o(x$fpl$dfltu)
    _dfltu                                   0x08009231   Thumb Code    38  dflt_clz.o(x$fpl$dfltu)
    __aeabi_cdcmple                          0x08009259   Thumb Code     0  dleqf.o(x$fpl$dleqf)
    _dcmple                                  0x08009259   Thumb Code   120  dleqf.o(x$fpl$dleqf)
    __fpl_dcmple_InfNaN                      0x080092bb   Thumb Code     0  dleqf.o(x$fpl$dleqf)
    __fpl_dnaninf                            0x080092d1   Thumb Code   156  dnaninf.o(x$fpl$dnaninf)
    __aeabi_cdrcmple                         0x0800936d   Thumb Code     0  drleqf.o(x$fpl$drleqf)
    _drcmple                                 0x0800936d   Thumb Code   108  drleqf.o(x$fpl$drleqf)
    _fp_init                                 0x080093d9   Thumb Code    14  fpinit.o(x$fpl$fpinit)
    __fplib_config_pureend_doubles           0x080093e5   Thumb Code     0  fpinit.o(x$fpl$fpinit)
    Month_Tab                                0x080093e6   Data          36  rtc.o(.constdata)
    __I$use$fp                               0x080093e7   Thumb Code     0  usenofp.o(x$fpl$usenofp)
    table_week                               0x0800940a   Data          12  rtc.o(.constdata)
    mon_table                                0x08009416   Data          12  rtc.o(.constdata)
    Region$$Table$$Base                      0x08009424   Number         0  anon$$obj.o(Region$$Table)
    Region$$Table$$Limit                     0x08009444   Number         0  anon$$obj.o(Region$$Table)
    SystemCoreClock                          0x20000000   Data           4  system_stm32f10x.o(.data)
    AHBPrescTable                            0x20000004   Data          16  system_stm32f10x.o(.data)
    data_led                                 0x20000014   Data          16  main_v1.8.o(.data)
    DISPLAYSETIME                            0x20000024   Data          10  main_v1.8.o(.data)
    DISPLAYWAVE                              0x2000002e   Data          10  main_v1.8.o(.data)
    DISPLAYTIME                              0x20000038   Data          10  main_v1.8.o(.data)
    DISPLAYTIMEMETER                         0x20000042   Data          10  main_v1.8.o(.data)
    Runtime                                  0x2000004c   Data           4  main_v1.8.o(.data)
    Beep_Flag                                0x20000050   Data           1  main_v1.8.o(.data)
    FlagKeyInt                               0x20000053   Data           1  main_v1.8.o(.data)
    FlagRtcInt                               0x20000054   Data           1  main_v1.8.o(.data)
    FlagBuzzer                               0x20000055   Data           1  main_v1.8.o(.data)
    FlagShine                                0x20000056   Data           1  main_v1.8.o(.data)
    FlagLight                                0x20000057   Data           1  main_v1.8.o(.data)
    FlagShineSetTime1                        0x20000058   Data           1  main_v1.8.o(.data)
    FlagShineSetTime2                        0x20000059   Data           1  main_v1.8.o(.data)
    FlagShineWave                            0x2000005a   Data           1  main_v1.8.o(.data)
    FlagShineTime                            0x2000005b   Data           1  main_v1.8.o(.data)
    FlagShineTimePosi                        0x2000005c   Data           1  main_v1.8.o(.data)
    FlagShineInterval                        0x2000005d   Data           1  main_v1.8.o(.data)
    FlagShineIntervalBak                     0x2000005e   Data           1  main_v1.8.o(.data)
    FlagShineInstruction                     0x2000005f   Data           1  main_v1.8.o(.data)
    FlagShineSetT                            0x20000060   Data           1  main_v1.8.o(.data)
    FlagShineSetR                            0x20000061   Data           1  main_v1.8.o(.data)
    FlagShinePause                           0x20000062   Data           1  main_v1.8.o(.data)
    PlayStatus                               0x20000063   Data           1  main_v1.8.o(.data)
    PosiValue                                0x20000064   Data           1  main_v1.8.o(.data)
    PubstrTimer                              0x20000066   Data           8  main_v1.8.o(.data)
    Sys_Counter                              0x20000070   Data           4  main_v1.8.o(.data)
    KeyValue                                 0x20000074   Data           1  main_v1.8.o(.data)
    KeyNum                                   0x20000075   Data           1  main_v1.8.o(.data)
    KeyPressed                               0x20000076   Data           1  main_v1.8.o(.data)
    WaveValue                                0x20000077   Data           1  main_v1.8.o(.data)
    WaveTime                                 0x20000078   Data           1  main_v1.8.o(.data)
    WaveTimeNum                              0x20000079   Data           1  main_v1.8.o(.data)
    WaveTimeStart                            0x2000007a   Data           1  main_v1.8.o(.data)
    WaveTimeStop                             0x2000007b   Data           1  main_v1.8.o(.data)
    VolumeSignal                             0x2000007c   Data           1  main_v1.8.o(.data)
    VolumeSignalBak                          0x2000007d   Data           1  main_v1.8.o(.data)
    SetHour                                  0x2000007e   Data           1  main_v1.8.o(.data)
    SetMin                                   0x2000007f   Data           1  main_v1.8.o(.data)
    PubFlagSecond                            0x20000080   Data           1  main_v1.8.o(.data)
    PubFlagFinished                          0x20000081   Data           1  main_v1.8.o(.data)
    Temp1_B                                  0x20000082   Data           1  main_v1.8.o(.data)
    Temp1_C                                  0x20000083   Data           1  main_v1.8.o(.data)
    Temp2_B                                  0x20000084   Data           1  main_v1.8.o(.data)
    Temp2_C                                  0x20000085   Data           1  main_v1.8.o(.data)
    Temp3_B                                  0x20000086   Data           1  main_v1.8.o(.data)
    Temp3_C                                  0x20000087   Data           1  main_v1.8.o(.data)
    Temp4_B                                  0x20000088   Data           1  main_v1.8.o(.data)
    Temp4_C                                  0x20000089   Data           1  main_v1.8.o(.data)
    COMPILED_DATE                            0x20000090   Data           4  rtc.o(.data)
    COMPILED_TIME                            0x20000094   Data           4  rtc.o(.data)
    Set_Number                               0x20000098   Data           1  rtc.o(.data)
    data_temp1                               0x20000099   Data           1  rtc.o(.data)
    data_temp2                               0x2000009a   Data           1  rtc.o(.data)
    temp_RTC                                 0x2000009b   Data           1  rtc.o(.data)
    Fre_Test                                 0x2000009c   Data           4  timer.o(.data)
    key_down                                 0x200000a0   Data           1  key.o(.data)
    Compressor_Run_Counter2                  0x200000a1   Data           1  key.o(.data)
    Key_Compressor_Press                     0x200000a6   Data           1  key.o(.data)
    parameter_Set_Flag                       0x200000a7   Data           1  key.o(.data)
    Parameter_Set_Read                       0x200000a8   Data           1  key.o(.data)
    Compressor_State                         0x200000a9   Data           1  key.o(.data)
    Vacuumpump_State                         0x200000aa   Data           1  key.o(.data)
    Vacuometer_State                         0x200000ab   Data           1  key.o(.data)
    Key_VacuumpumpandVacuometer_Press        0x200000ac   Data           1  key.o(.data)
    Compressor_Run_Counter                   0x200000ad   Data           1  key.o(.data)
    LN_Run_Counter                           0x200000ae   Data           1  key.o(.data)
    Vac_Ovl                                  0x200000b0   Data           1  vac.o(.data)
    fre_t0_vac                               0x200000b2   Data         924  vac.o(.data)
    Vac_Temp                                 0x20000454   Data           2  vac.o(.data)
    Fre_temp                                 0x20000456   Data           2  vac.o(.data)
    Vac                                      0x20000458   Data           4  vac.o(.data)
    Vac_Data_temp                            0x2000045c   Data           5  vac.o(.data)
    Vac_Disp_Temp                            0x20000464   Data           4  vac.o(.data)
    Vac_Value_Set                            0x20000468   Data           4  vac.o(.data)
    Vac_Value_Set_Temp                       0x2000046c   Data           4  vac.o(.data)
    Runtime_Temp                             0x20000478   Data           4  runtime.o(.data)
    Runtime_data                             0x2000047c   Data           5  runtime.o(.data)
    Beep_Counter                             0x20000481   Data           1  task.o(.data)
    Task_Flag                                0x20000482   Data           1  task.o(.data)
    Fan_Flag                                 0x20000483   Data           1  task.o(.data)
    Compressor_Flag                          0x20000484   Data           1  task.o(.data)
    Vacuumpump_Flag                          0x20000485   Data           1  task.o(.data)
    Vacuometer_Flag                          0x20000486   Data           1  task.o(.data)
    Connect_Flag                             0x20000487   Data           1  task.o(.data)
    Select_Static_Flag                       0x20000488   Data           1  task.o(.data)
    KG1_Control_Flag                         0x20000489   Data           1  task.o(.data)
    KG2_Control_Flag                         0x2000048a   Data           1  task.o(.data)
    JYJ_Control_Static                       0x2000048b   Data           1  task.o(.data)
    LN_Control_Static                        0x2000048c   Data           1  task.o(.data)
    USART_TX_Data_Time_Conter                0x2000048d   Data           1  task.o(.data)
    Vacuumpump_Counter                       0x20000492   Data           1  task.o(.data)
    Parameter_Time_Set_Flash                 0x20000493   Data           1  task.o(.data)
    Parameter_Time_Set_Flash_Counter         0x20000494   Data           1  task.o(.data)
    Key_Press_Counter                        0x20000495   Data           1  task.o(.data)
    JYJ_Control_Counter                      0x20000496   Data           1  task.o(.data)
    temperature                              0x20000498   Data         936  adc.o(.data)
    temperature_ADJ                          0x20000840   Data          56  adc.o(.data)
    ADC_ConvertedValueLocal                  0x2000087c   Data           8  adc.o(.data)
    Coldtrap_Tem                             0x20000884   Data           2  adc.o(.data)
    Sample_Tem                               0x20000886   Data           2  adc.o(.data)
    Sample_Value_Set                         0x20000888   Data           2  adc.o(.data)
    Coldtrap_Value_Set                       0x2000088a   Data           2  adc.o(.data)
    Sample_Value_Set_Temp                    0x2000088c   Data           2  adc.o(.data)
    Coldtrap_Value_Set_Temp                  0x2000088e   Data           2  adc.o(.data)
    Coldtrap_data                            0x20000890   Data           3  adc.o(.data)
    Coldtrap_Tem_Temp                        0x20000894   Data           2  adc.o(.data)
    Sample_data                              0x20000896   Data           3  adc.o(.data)
    Sample_Tem_Temp                          0x2000089a   Data           2  adc.o(.data)
    ADC_ConvertedValue                       0x2000089c   Data           8  adc.o(.data)
    Parameter_Set_Complete_Flag              0x200008a4   Data           1  basic.o(.data)
    Model_Value_Set                          0x200008a8   Data           1  basic.o(.data)
    Model_Value_Set_Temp                     0x200008a9   Data           1  basic.o(.data)
    Sample_Flash                             0x200008aa   Data           1  basic.o(.data)
    Coldtrap_Flash                           0x200008ab   Data           1  basic.o(.data)
    Model_Flash                              0x200008ac   Data           1  basic.o(.data)
    Vac_Flash                                0x200008ad   Data           1  basic.o(.data)
    Sample_Flag                              0x200008ae   Data           1  basic.o(.data)
    Coldtrap_Flag                            0x200008af   Data           1  basic.o(.data)
    Model_Flag                               0x200008b0   Data           1  basic.o(.data)
    Vac_Flag                                 0x200008b1   Data           1  basic.o(.data)
    Model                                    0x200008b2   Data           1  basic.o(.data)
    Filament_Static                          0x200008b3   Data           1  basic.o(.data)
    Flash_Write_Address                      0x200008b4   Data           4  flash.o(.data)
    p_data_write                             0x200008b8   Data          80  flash.o(.data)
    Flash_Data_Length                        0x20000908   Data           1  flash.o(.data)
    USART_TX_Connect_Flag                    0x20000910   Data           1  usart.o(.data)
    USART_TX_Compressor_Flag                 0x20000911   Data           1  usart.o(.data)
    USART_TX_Vacuumpump_Flag                 0x20000912   Data           1  usart.o(.data)
    USART_TX_Vacuometer_Flag                 0x20000913   Data           1  usart.o(.data)
    USART_TX_Data_Flag                       0x20000914   Data           1  usart.o(.data)
    USART_RX_STA                             0x20000915   Data           1  usart.o(.data)
    USART_RX_Flag                            0x2000091d   Data           1  usart.o(.data)
    USART_TX_Flag                            0x2000091e   Data           1  usart.o(.data)
    __stdout                                 0x20000924   Data           4  usart.o(.data)
    DisplayBuff                              0x2000093c   Data          16  main_v1.8.o(.bss)
    TimerBuf                                 0x2000094c   Data          10  main_v1.8.o(.bss)
    PubStrDisplay                            0x20000956   Data          16  main_v1.8.o(.bss)
    data_disp                                0x20000966   Data          32  main_v1.8.o(.bss)
    Timer                                    0x20000986   Data          10  rtc.o(.bss)
    RTC_Set_Time                             0x20000990   Data          10  rtc.o(.bss)
    RTC_Set_Time1                            0x2000099a   Data          10  rtc.o(.bss)
    RTC_Set_Time2                            0x200009a4   Data          10  rtc.o(.bss)
    AdcTemp                                  0x200009ae   Data          32  adc.o(.bss)
    p_data_read                              0x200009d0   Data          80  flash.o(.bss)
    USART_RX_BUF                             0x20000a20   Data          64  usart.o(.bss)
    USART_TX_BUF                             0x20000a60   Data          64  usart.o(.bss)
    __libspace_start                         0x20000aa0   Data          96  libspace.o(.bss)
    __temporary_stack_top$libspace           0x20000b00   Data           0  libspace.o(.bss)



==============================================================================

Memory Map of the image

  Image Entry point : 0x080000ed

  Load Region LR_IROM1 (Base: 0x08000000, Size: 0x00009d80, Max: 0x00010000, ABSOLUTE, COMPRESSED[0x00009b40])

    Execution Region ER_IROM1 (Base: 0x08000000, Size: 0x00009444, Max: 0x00010000, ABSOLUTE)

    Base Addr    Size         Type   Attr      Idx    E Section Name        Object

    0x08000000   0x000000ec   Data   RO          477    RESET               startup_stm32f10x_md.o
    0x080000ec   0x00000008   Code   RO          658  * !!!main             c_w.l(__main.o)(c_w.l)
    0x080000f4   0x00000034   Code   RO          835    !!!scatter          c_w.l(__scatter.o)(c_w.l)
    0x08000128   0x0000003a   Code   RO          833    !!dczerorl          c_w.l(__dczerorl.o)(c_w.l)
    0x08000162   0x00000002   PAD
    0x08000164   0x0000001c   Code   RO          837    !!handler_zi        c_w.l(__scatter_zi.o)(c_w.l)
    0x08000180   0x00000006   Code   RO          707    .ARM.Collect$$libinit$$00000000  c_w.l(libinit.o)(c_w.l)
    0x08000186   0x00000000   Code   RO          715    .ARM.Collect$$libinit$$00000006  c_w.l(libinit2.o)(c_w.l)
    0x08000186   0x00000000   Code   RO          717    .ARM.Collect$$libinit$$00000008  c_w.l(libinit2.o)(c_w.l)
    0x08000186   0x00000000   Code   RO          719    .ARM.Collect$$libinit$$0000000A  c_w.l(libinit2.o)(c_w.l)
    0x08000186   0x00000000   Code   RO          722    .ARM.Collect$$libinit$$0000000D  c_w.l(libinit2.o)(c_w.l)
    0x08000186   0x00000000   Code   RO          724    .ARM.Collect$$libinit$$0000000F  c_w.l(libinit2.o)(c_w.l)
    0x08000186   0x00000000   Code   RO          726    .ARM.Collect$$libinit$$00000011  c_w.l(libinit2.o)(c_w.l)
    0x08000186   0x00000000   Code   RO          728    .ARM.Collect$$libinit$$00000013  c_w.l(libinit2.o)(c_w.l)
    0x08000186   0x00000000   Code   RO          730    .ARM.Collect$$libinit$$00000015  c_w.l(libinit2.o)(c_w.l)
    0x08000186   0x00000000   Code   RO          732    .ARM.Collect$$libinit$$00000017  c_w.l(libinit2.o)(c_w.l)
    0x08000186   0x00000000   Code   RO          734    .ARM.Collect$$libinit$$00000019  c_w.l(libinit2.o)(c_w.l)
    0x08000186   0x00000000   Code   RO          736    .ARM.Collect$$libinit$$0000001B  c_w.l(libinit2.o)(c_w.l)
    0x08000186   0x00000000   Code   RO          738    .ARM.Collect$$libinit$$0000001D  c_w.l(libinit2.o)(c_w.l)
    0x08000186   0x00000000   Code   RO          740    .ARM.Collect$$libinit$$0000001F  c_w.l(libinit2.o)(c_w.l)
    0x08000186   0x00000000   Code   RO          742    .ARM.Collect$$libinit$$00000021  c_w.l(libinit2.o)(c_w.l)
    0x08000186   0x00000000   Code   RO          746    .ARM.Collect$$libinit$$00000028  c_w.l(libinit2.o)(c_w.l)
    0x08000186   0x00000000   Code   RO          748    .ARM.Collect$$libinit$$0000002A  c_w.l(libinit2.o)(c_w.l)
    0x08000186   0x00000000   Code   RO          750    .ARM.Collect$$libinit$$0000002C  c_w.l(libinit2.o)(c_w.l)
    0x08000186   0x00000000   Code   RO          752    .ARM.Collect$$libinit$$0000002E  c_w.l(libinit2.o)(c_w.l)
    0x08000186   0x00000002   Code   RO          753    .ARM.Collect$$libinit$$0000002F  c_w.l(libinit2.o)(c_w.l)
    0x08000188   0x00000002   Code   RO          777    .ARM.Collect$$libshutdown$$00000000  c_w.l(libshutdown.o)(c_w.l)
    0x0800018a   0x00000000   Code   RO          788    .ARM.Collect$$libshutdown$$00000003  c_w.l(libshutdown2.o)(c_w.l)
    0x0800018a   0x00000000   Code   RO          791    .ARM.Collect$$libshutdown$$00000006  c_w.l(libshutdown2.o)(c_w.l)
    0x0800018a   0x00000000   Code   RO          794    .ARM.Collect$$libshutdown$$00000009  c_w.l(libshutdown2.o)(c_w.l)
    0x0800018a   0x00000000   Code   RO          796    .ARM.Collect$$libshutdown$$0000000B  c_w.l(libshutdown2.o)(c_w.l)
    0x0800018a   0x00000000   Code   RO          799    .ARM.Collect$$libshutdown$$0000000E  c_w.l(libshutdown2.o)(c_w.l)
    0x0800018a   0x00000002   Code   RO          800    .ARM.Collect$$libshutdown$$0000000F  c_w.l(libshutdown2.o)(c_w.l)
    0x0800018c   0x00000000   Code   RO          670    .ARM.Collect$$rtentry$$00000000  c_w.l(rtentry.o)(c_w.l)
    0x0800018c   0x00000000   Code   RO          676    .ARM.Collect$$rtentry$$00000002  c_w.l(rtentry2.o)(c_w.l)
    0x0800018c   0x00000006   Code   RO          691    .ARM.Collect$$rtentry$$00000004  c_w.l(rtentry4.o)(c_w.l)
    0x08000192   0x00000000   Code   RO          678    .ARM.Collect$$rtentry$$00000009  c_w.l(rtentry2.o)(c_w.l)
    0x08000192   0x00000004   Code   RO          679    .ARM.Collect$$rtentry$$0000000A  c_w.l(rtentry2.o)(c_w.l)
    0x08000196   0x00000000   Code   RO          681    .ARM.Collect$$rtentry$$0000000C  c_w.l(rtentry2.o)(c_w.l)
    0x08000196   0x00000008   Code   RO          682    .ARM.Collect$$rtentry$$0000000D  c_w.l(rtentry2.o)(c_w.l)
    0x0800019e   0x00000002   Code   RO          711    .ARM.Collect$$rtexit$$00000000  c_w.l(rtexit.o)(c_w.l)
    0x080001a0   0x00000000   Code   RO          757    .ARM.Collect$$rtexit$$00000002  c_w.l(rtexit2.o)(c_w.l)
    0x080001a0   0x00000004   Code   RO          758    .ARM.Collect$$rtexit$$00000003  c_w.l(rtexit2.o)(c_w.l)
    0x080001a4   0x00000006   Code   RO          759    .ARM.Collect$$rtexit$$00000004  c_w.l(rtexit2.o)(c_w.l)
    0x080001aa   0x0000001a   Code   RO            1    .text               stm32f10x_it.o
    0x080001c4   0x000001c8   Code   RO          104    .text               system_stm32f10x.o
    0x0800038c   0x00001c78   Code   RO          122    .text               main_v1.8.o
    0x08002004   0x000001cc   Code   RO          201    .text               gpio.o
    0x080021d0   0x00000094   Code   RO          216    .text               exti.o
    0x08002264   0x00000d30   Code   RO          229    .text               rtc.o
    0x08002f94   0x00000250   Code   RO          250    .text               ht1622.o
    0x080031e4   0x00000330   Code   RO          262    .text               timer.o
    0x08003514   0x00000390   Code   RO          278    .text               key.o
    0x080038a4   0x00000948   Code   RO          297    .text               vac.o
    0x080041ec   0x000001bc   Code   RO          316    .text               runtime.o
    0x080043a8   0x000002f4   Code   RO          332    .text               task.o
    0x0800469c   0x00000e58   Code   RO          351    .text               adc.o
    0x080054f4   0x0000074c   Code   RO          372    .text               basic.o
    0x08005c40   0x0000017c   Code   RO          388    .text               flash.o
    0x08005dbc   0x0000009c   Code   RO          408    .text               delay.o
    0x08005e58   0x0000000c   Code   RO          422    .text               sys.o
    0x08005e64   0x000008b0   Code   RO          434    .text               usart.o
    0x08006714   0x00000040   Code   RO          478    .text               startup_stm32f10x_md.o
    0x08006754   0x000000f8   Code   RO          482    .text               misc.o
    0x0800684c   0x0000013c   Code   RO          494    .text               stm32f10x_exti.o
    0x08006988   0x00000358   Code   RO          506    .text               stm32f10x_gpio.o
    0x08006ce0   0x000003a4   Code   RO          518    .text               stm32f10x_rcc.o
    0x08007084   0x00000178   Code   RO          532    .text               stm32f10x_rtc.o
    0x080071fc   0x00000dae   Code   RO          556    .text               stm32f10x_tim.o
    0x08007faa   0x00000002   PAD
    0x08007fac   0x0000040c   Code   RO          568    .text               stm32f10x_usart.o
    0x080083b8   0x000000c4   Code   RO          580    .text               stm32f10x_bkp.o
    0x0800847c   0x000000d8   Code   RO          592    .text               stm32f10x_pwr.o
    0x08008554   0x00000248   Code   RO          604    .text               stm32f10x_dma.o
    0x0800879c   0x00000440   Code   RO          616    .text               stm32f10x_adc.o
    0x08008bdc   0x000005c8   Code   RO          628    .text               stm32f10x_flash.o
    0x080091a4   0x00000002   Code   RO          654    .text               c_w.l(use_no_semi_2.o)(c_w.l)
    0x080091a6   0x00000006   Code   RO          656    .text               c_w.l(heapauxi.o)(c_w.l)
    0x080091ac   0x00000002   Code   RO          668    .text               c_w.l(use_no_semi.o)(c_w.l)
    0x080091ae   0x0000004a   Code   RO          697    .text               c_w.l(sys_stackheap_outer.o)(c_w.l)
    0x080091f8   0x0000000c   Code   RO          699    .text               c_w.l(exit.o)(c_w.l)
    0x08009204   0x00000008   Code   RO          708    .text               c_w.l(libspace.o)(c_w.l)
    0x0800920c   0x0000000c   Code   RO          767    .text               c_w.l(rt_fp_status_addr_intlibspace.o)(c_w.l)
    0x08009218   0x00000018   Code   RO          693    x$fpl$dcmpinf       fz_ws.l(dcmpi.o)(fz_ws.l)
    0x08009230   0x00000026   Code   RO          660    x$fpl$dfltu         fz_ws.l(dflt_clz.o)(fz_ws.l)
    0x08009256   0x00000002   PAD
    0x08009258   0x00000078   Code   RO          672    x$fpl$dleqf         fz_ws.l(dleqf.o)(fz_ws.l)
    0x080092d0   0x0000009c   Code   RO          695    x$fpl$dnaninf       fz_ws.l(dnaninf.o)(fz_ws.l)
    0x0800936c   0x0000006c   Code   RO          666    x$fpl$drleqf        fz_ws.l(drleqf.o)(fz_ws.l)
    0x080093d8   0x0000000e   Code   RO          754    x$fpl$fpinit        fz_ws.l(fpinit.o)(fz_ws.l)
    0x080093e6   0x00000000   Code   RO          674    x$fpl$usenofp       fz_ws.l(usenofp.o)(fz_ws.l)
    0x080093e6   0x0000003c   Data   RO          231    .constdata          rtc.o
    0x08009422   0x00000002   PAD
    0x08009424   0x00000020   Data   RO          831    Region$$Table       anon$$obj.o


    Execution Region RW_IRAM1 (Base: 0x20000000, Size: 0x00001100, Max: 0x00005000, ABSOLUTE, COMPRESSED[0x000006fc])

    Base Addr    Size         Type   Attr      Idx    E Section Name        Object

    0x20000000   0x00000014   Data   RW          105    .data               system_stm32f10x.o
    0x20000014   0x00000076   Data   RW          124    .data               main_v1.8.o
    0x2000008a   0x00000002   PAD
    0x2000008c   0x00000010   Data   RW          232    .data               rtc.o
    0x2000009c   0x00000004   Data   RW          263    .data               timer.o
    0x200000a0   0x0000000f   Data   RW          279    .data               key.o
    0x200000af   0x00000001   PAD
    0x200000b0   0x000003c0   Data   RW          298    .data               vac.o
    0x20000470   0x00000011   Data   RW          317    .data               runtime.o
    0x20000481   0x00000016   Data   RW          333    .data               task.o
    0x20000497   0x00000001   PAD
    0x20000498   0x0000040c   Data   RW          353    .data               adc.o
    0x200008a4   0x00000010   Data   RW          373    .data               basic.o
    0x200008b4   0x00000055   Data   RW          390    .data               flash.o
    0x20000909   0x00000001   PAD
    0x2000090a   0x00000004   Data   RW          409    .data               delay.o
    0x2000090e   0x00000002   PAD
    0x20000910   0x00000018   Data   RW          436    .data               usart.o
    0x20000928   0x00000014   Data   RW          519    .data               stm32f10x_rcc.o
    0x2000093c   0x0000004a   Zero   RW          123    .bss                main_v1.8.o
    0x20000986   0x00000028   Zero   RW          230    .bss                rtc.o
    0x200009ae   0x00000020   Zero   RW          352    .bss                adc.o
    0x200009ce   0x00000002   PAD
    0x200009d0   0x00000050   Zero   RW          389    .bss                flash.o
    0x20000a20   0x00000080   Zero   RW          435    .bss                usart.o
    0x20000aa0   0x00000060   Zero   RW          709    .bss                c_w.l(libspace.o)(c_w.l)
    0x20000b00   0x00000200   Zero   RW          476    HEAP                startup_stm32f10x_md.o
    0x20000d00   0x00000400   Zero   RW          475    STACK               startup_stm32f10x_md.o


==============================================================================

Image component sizes


      Code (inc. data)   RO Data    RW Data    ZI Data      Debug   Object Name

      3672        314          0       1036         32          0   adc.o
      1868        156          0         16          0          0   basic.o
         0          0          0          0          0          0   core_cm3.o
       156          8          0          4          0          0   delay.o
       148         14          0          0          0          0   exti.o
       380         60          0         85         80          0   flash.o
       460         42          0          0          0          0   gpio.o
       592         22          0          0          0          0   ht1622.o
       912        130          0         15          0          0   key.o
      7288        682          0        118         74          0   main_v1.8.o
       248         30          0          0          0          0   misc.o
      3376        154         60         16         40          0   rtc.o
       444         40          0         17          0          0   runtime.o
        64         26        236          0       1536          0   startup_stm32f10x_md.o
      1088         36          0          0          0          0   stm32f10x_adc.o
       196         32          0          0          0          0   stm32f10x_bkp.o
       584         20          0          0          0          0   stm32f10x_dma.o
       316         28          0          0          0          0   stm32f10x_exti.o
      1480         52          0          0          0          0   stm32f10x_flash.o
       856         40          0          0          0          0   stm32f10x_gpio.o
        26          0          0          0          0          0   stm32f10x_it.o
       216         16          0          0          0          0   stm32f10x_pwr.o
       932         52          0         20          0          0   stm32f10x_rcc.o
       376         32          0          0          0          0   stm32f10x_rtc.o
      3502         86          0          0          0          0   stm32f10x_tim.o
      1036         20          0          0          0          0   stm32f10x_usart.o
        12          0          0          0          0          0   sys.o
       456         36          0         20          0          0   system_stm32f10x.o
       756        118          0         22          0          0   task.o
       816         30          0          4          0          0   timer.o
      2224        186          0         24        128          0   usart.o
      2376        202          0        960          0          0   vac.o

    ----------------------------------------------------------------------
     36858       2664        330       2364       1892          0   Object Totals
         0          0         32          0          0          0   (incl. Generated)
         2          0          2          7          2          3   (incl. Padding)

    ----------------------------------------------------------------------

      Code (inc. data)   RO Data    RW Data    ZI Data      Debug   Library Member Name

        58          0          0          0          0          0   __dczerorl.o
         8          0          0          0          0          0   __main.o
        52          8          0          0          0          0   __scatter.o
        28          0          0          0          0          0   __scatter_zi.o
        12          0          0          0          0          0   exit.o
         6          0          0          0          0          0   heapauxi.o
         6          0          0          0          0          0   libinit.o
         2          0          0          0          0          0   libinit2.o
         2          0          0          0          0          0   libshutdown.o
         2          0          0          0          0          0   libshutdown2.o
         8          4          0          0         96          0   libspace.o
        12          4          0          0          0          0   rt_fp_status_addr_intlibspace.o
         0          0          0          0          0          0   rtentry.o
        12          0          0          0          0          0   rtentry2.o
         6          0          0          0          0          0   rtentry4.o
         2          0          0          0          0          0   rtexit.o
        10          0          0          0          0          0   rtexit2.o
        74          0          0          0          0          0   sys_stackheap_outer.o
         2          0          0          0          0          0   use_no_semi.o
         2          0          0          0          0          0   use_no_semi_2.o
        24          0          0          0          0          0   dcmpi.o
        38          0          0          0          0          0   dflt_clz.o
       120          4          0          0          0          0   dleqf.o
       156          4          0          0          0          0   dnaninf.o
       108          0          0          0          0          0   drleqf.o
        14          0          0          0          0          0   fpinit.o
         0          0          0          0          0          0   usenofp.o

    ----------------------------------------------------------------------
       768         24          0          0         96          0   Library Totals
         4          0          0          0          0          0   (incl. Padding)

    ----------------------------------------------------------------------

      Code (inc. data)   RO Data    RW Data    ZI Data      Debug   Library Name

       304         16          0          0         96        640   c_w.l
       460          8          0          0          0        476   fz_ws.l

    ----------------------------------------------------------------------
       768         24          0          0         96          0   Library Totals

    ----------------------------------------------------------------------

==============================================================================


      Code (inc. data)   RO Data    RW Data    ZI Data      Debug   

     37626       2688        330       2364       1988     426748   Grand Totals
     37626       2688        330       1788       1988     426748   ELF Image Totals (compressed)
     37626       2688        330       1788          0          0   ROM Totals

==============================================================================

    Total RO  Size (Code + RO Data)                37956 (  37.07kB)
    Total RW  Size (RW Data + ZI Data)              4352 (   4.25kB)
    Total ROM Size (Code + RO Data + RW Data)      39744 (  38.81kB)

==============================================================================

