<html>
<body>
<pre>
<h1>µVision Build Log</h1>
<h2>Project:</h2>
E:\lin\CHENGXU\V3¾­µä°æ\monitorindoorone20160621\USER\monitorindoorone.uvproj
Project File Date:  05/25/2016

<h2>Output:</h2>
Build target 'Target 1'
assembling startup_stm32f10x_hd.s...
compiling stm32f10x_it.c...
compiling system_stm32f10x.c...
compiling main_v1.0.c...
main_v1.0.c(290): warning:  #223-D: function "IWDG_Configuration" declared implicitly
main_v1.0.c:       IWDG_Configuration() ;
main_v1.0.c:       ^
main_v1.0.c: main_v1.0.c: 1 warning, 0 errors
compiling delay.c...
compiling sys.c...
compiling usart.c...
..\SYSTEM\usart\usart.c(497): warning:  #186-D: pointless comparison of unsigned integer with zero
..\SYSTEM\usart\usart.c:       if((aHex>=0)&&(aHex<=9))
..\SYSTEM\usart\usart.c:               ^
..\SYSTEM\usart\usart.c(536): warning:  #223-D: function "toupper" declared implicitly
..\SYSTEM\usart\usart.c:                s1 = toupper(h1) - 0x30;
..\SYSTEM\usart\usart.c:                     ^
..\SYSTEM\usart\usart.c: ..\SYSTEM\usart\usart.c: 2 warnings, 0 errors
compiling diskio.c...
compiling adc.c...
compiling flash.c...
compiling gpio.c...
compiling rtc.c...
compiling task.c...
compiling timer.c...
compiling spi.c...
compiling crc.c...
compiling EC808.c...
compiling SHT21.c...
compiling spi_flash.c...
compiling key.c...
compiling i2c.c...
compiling vcnl4000.c...
compiling oled.c...
compiling ht1632.c...
compiling 6658spi.c...
..\HARDWARE\SPI\6658spi.c(173): warning:  #550-D: variable "nReturnByte" was set but never used
..\HARDWARE\SPI\6658spi.c:      T_UInt8 nReturnByte;
..\HARDWARE\SPI\6658spi.c:              ^
..\HARDWARE\SPI\6658spi.c: ..\HARDWARE\SPI\6658spi.c: 1 warning, 0 errors
compiling core_cm3.c...
compiling misc.c...
compiling stm32f10x_adc.c...
compiling stm32f10x_bkp.c...
compiling stm32f10x_dma.c...
compiling stm32f10x_exti.c...
compiling stm32f10x_flash.c...
compiling stm32f10x_gpio.c...
compiling stm32f10x_i2c.c...
compiling stm32f10x_iwdg.c...
compiling stm32f10x_pwr.c...
compiling stm32f10x_rcc.c...
compiling stm32f10x_rtc.c...
compiling stm32f10x_spi.c...
compiling stm32f10x_tim.c...
compiling stm32f10x_usart.c...
linking...
Program Size: Code=48374 RO-data=31342 RW-data=2700 ZI-data=21988  
FromELF: creating hex file...
"monitorindoorone.axf" - 0 Error(s), 4 Warning(s).
Build target 'Target 1'
assembling startup_stm32f10x_hd.s...
compiling stm32f10x_it.c...
compiling system_stm32f10x.c...
compiling main_v1.0.c...
main_v1.0.c(290): warning:  #223-D: function "IWDG_Configuration" declared implicitly
main_v1.0.c:       IWDG_Configuration() ;
main_v1.0.c:       ^
main_v1.0.c: main_v1.0.c: 1 warning, 0 errors
compiling delay.c...
compiling sys.c...
compiling usart.c...
..\SYSTEM\usart\usart.c(497): warning:  #186-D: pointless comparison of unsigned integer with zero
..\SYSTEM\usart\usart.c:       if((aHex>=0)&&(aHex<=9))
..\SYSTEM\usart\usart.c:               ^
..\SYSTEM\usart\usart.c(536): warning:  #223-D: function "toupper" declared implicitly
..\SYSTEM\usart\usart.c:                s1 = toupper(h1) - 0x30;
..\SYSTEM\usart\usart.c:                     ^
..\SYSTEM\usart\usart.c: ..\SYSTEM\usart\usart.c: 2 warnings, 0 errors
compiling diskio.c...
compiling adc.c...
compiling flash.c...
compiling gpio.c...
compiling rtc.c...
compiling task.c...
compiling timer.c...
compiling spi.c...
compiling crc.c...
compiling EC808.c...
compiling SHT21.c...
compiling spi_flash.c...
compiling key.c...
compiling i2c.c...
compiling vcnl4000.c...
compiling oled.c...
compiling ht1632.c...
compiling 6658spi.c...
..\HARDWARE\SPI\6658spi.c(173): warning:  #550-D: variable "nReturnByte" was set but never used
..\HARDWARE\SPI\6658spi.c:      T_UInt8 nReturnByte;
..\HARDWARE\SPI\6658spi.c:              ^
..\HARDWARE\SPI\6658spi.c: ..\HARDWARE\SPI\6658spi.c: 1 warning, 0 errors
compiling core_cm3.c...
compiling misc.c...
compiling stm32f10x_adc.c...
compiling stm32f10x_bkp.c...
compiling stm32f10x_dma.c...
compiling stm32f10x_exti.c...
compiling stm32f10x_flash.c...
compiling stm32f10x_gpio.c...
compiling stm32f10x_i2c.c...
compiling stm32f10x_iwdg.c...
compiling stm32f10x_pwr.c...
compiling stm32f10x_rcc.c...
compiling stm32f10x_rtc.c...
compiling stm32f10x_spi.c...
compiling stm32f10x_tim.c...
compiling stm32f10x_usart.c...
linking...
Program Size: Code=48374 RO-data=31342 RW-data=2700 ZI-data=21988  
FromELF: creating hex file...
"monitorindoorone.axf" - 0 Error(s), 4 Warning(s).
Load "E:\\lin\\CHENGXU\\V3¾­µä°æ\\monitorindoorone20160621\\USER\\monitorindoorone.AXF" 
Set JLink Project File to "E:\lin\CHENGXU\V3¾­µä°æ\monitorindoorone20160621\USER\JLinkSettings.ini"
 
JLink info:
------------
DLL: V4.98 , compiled Mar 20 2015 18:23:08
Firmware: J-Link V9 compiled Feb 20 2015 09:20:19
Hardware: V9.20
Feature(s) : GDB, RDI, FlashBP, FlashDL, JFlash 
 
* JLink Info: TotalIRLen = 9, IRPrint = 0x0011
* JLink Info: Found Cortex-M3 r1p1, Little endian.
* JLink Info: FPUnit: 6 code (BP) slots and 2 literal slots
* JLink Info: CoreSight components:
* JLink Info: ROMTbl 0 @ E00FF000
* JLink Info: ROMTbl 0 [0]: FFF0F000, CID: B105E00D, PID: 001BB000 SCS
* JLink Info: ROMTbl 0 [1]: FFF02000, CID: B105E00D, PID: 001BB002 DWT
* JLink Info: ROMTbl 0 [2]: FFF03000, CID: B105E00D, PID: 000BB003 FPB
* JLink Info: ROMTbl 0 [3]: FFF01000, CID: B105E00D, PID: 001BB001 ITM
* JLink Info: ROMTbl 0 [4]: FFF41000, CID: B105900D, PID: 001BB923 TPIU-Lite
* JLink Info: ROMTbl 0 [5]: FFF42000, CID: B105900D, PID: 101BB924 ETM-M3
ROMTableAddr = 0xE00FF003
 
Target info:
------------
Device: STM32F103VC
* JLink Info: Device "STM32F103VC" selected.
VTarget = 3.317V
State of Pins: 
TCK: 1, TDI: 0, TDO: 1, TMS: 1, TRES: 1, TRST: 1
Hardware-Breakpoints: 6
Software-Breakpoints: 8192
Watchpoints:          4
JTAG speed: 5000 kHz
 
Erase Done.
Programming Done.
Verify OK.
Application running ...
Load "E:\\lin\\CHENGXU\\V3¾­µä°æ\\monitorindoorone20160621\\USER\\monitorindoorone.AXF" 
Set JLink Project File to "E:\lin\CHENGXU\V3¾­µä°æ\monitorindoorone20160621\USER\JLinkSettings.ini"
 
JLink info:
------------
DLL: V4.98 , compiled Mar 20 2015 18:23:08
Firmware: J-Link V9 compiled Feb 20 2015 09:20:19
Hardware: V9.20
Feature(s) : GDB, RDI, FlashBP, FlashDL, JFlash 
 
* JLink Info: TotalIRLen = 9, IRPrint = 0x0011
* JLink Info: Found Cortex-M3 r1p1, Little endian.
* JLink Info: FPUnit: 6 code (BP) slots and 2 literal slots
* JLink Info: CoreSight components:
* JLink Info: ROMTbl 0 @ E00FF000
* JLink Info: ROMTbl 0 [0]: FFF0F000, CID: B105E00D, PID: 001BB000 SCS
* JLink Info: ROMTbl 0 [1]: FFF02000, CID: B105E00D, PID: 001BB002 DWT
* JLink Info: ROMTbl 0 [2]: FFF03000, CID: B105E00D, PID: 000BB003 FPB
* JLink Info: ROMTbl 0 [3]: FFF01000, CID: B105E00D, PID: 001BB001 ITM
* JLink Info: ROMTbl 0 [4]: FFF41000, CID: B105900D, PID: 001BB923 TPIU-Lite
* JLink Info: ROMTbl 0 [5]: FFF42000, CID: B105900D, PID: 101BB924 ETM-M3
ROMTableAddr = 0xE00FF003
 
Target info:
------------
Device: STM32F103VC
* JLink Info: Device "STM32F103VC" selected.
VTarget = 3.320V
State of Pins: 
TCK: 1, TDI: 0, TDO: 1, TMS: 1, TRES: 1, TRST: 1
Hardware-Breakpoints: 6
Software-Breakpoints: 8192
Watchpoints:          4
JTAG speed: 5000 kHz
 
Erase Done.
Programming Done.
Verify OK.
Application running ...
Load "E:\\lin\\CHENGXU\\V3¾­µä°æ\\monitorindoorone20160621\\USER\\monitorindoorone.AXF" 
Set JLink Project File to "E:\lin\CHENGXU\V3¾­µä°æ\monitorindoorone20160621\USER\JLinkSettings.ini"
 
JLink info:
------------
DLL: V4.98 , compiled Mar 20 2015 18:23:08
Firmware: J-Link V9 compiled Feb 20 2015 09:20:19
Hardware: V9.20
Feature(s) : GDB, RDI, FlashBP, FlashDL, JFlash 
 
* JLink Info: TotalIRLen = 9, IRPrint = 0x0011
* JLink Info: Found Cortex-M3 r1p1, Little endian.
* JLink Info: FPUnit: 6 code (BP) slots and 2 literal slots
* JLink Info: CoreSight components:
* JLink Info: ROMTbl 0 @ E00FF000
* JLink Info: ROMTbl 0 [0]: FFF0F000, CID: B105E00D, PID: 001BB000 SCS
* JLink Info: ROMTbl 0 [1]: FFF02000, CID: B105E00D, PID: 001BB002 DWT
* JLink Info: ROMTbl 0 [2]: FFF03000, CID: B105E00D, PID: 000BB003 FPB
* JLink Info: ROMTbl 0 [3]: FFF01000, CID: B105E00D, PID: 001BB001 ITM
* JLink Info: ROMTbl 0 [4]: FFF41000, CID: B105900D, PID: 001BB923 TPIU-Lite
* JLink Info: ROMTbl 0 [5]: FFF42000, CID: B105900D, PID: 101BB924 ETM-M3
ROMTableAddr = 0xE00FF003
 
Target info:
------------
Device: STM32F103VC
* JLink Info: Device "STM32F103VC" selected.
VTarget = 3.319V
State of Pins: 
TCK: 1, TDI: 0, TDO: 1, TMS: 1, TRES: 1, TRST: 1
Hardware-Breakpoints: 6
Software-Breakpoints: 8192
Watchpoints:          4
JTAG speed: 5000 kHz
 
Erase Done.
Programming Done.
Verify OK.
Application running ...
Load "E:\\lin\\CHENGXU\\V3¾­µä°æ\\monitorindoorone20160621\\USER\\monitorindoorone.AXF" 
Set JLink Project File to "E:\lin\CHENGXU\V3¾­µä°æ\monitorindoorone20160621\USER\JLinkSettings.ini"
 
JLink info:
------------
DLL: V4.98 , compiled Mar 20 2015 18:23:08
Firmware: J-Link V9 compiled Feb 20 2015 09:20:19
Hardware: V9.20
Feature(s) : GDB, RDI, FlashBP, FlashDL, JFlash 
 
* JLink Info: TotalIRLen = 9, IRPrint = 0x0011
* JLink Info: Found Cortex-M3 r1p1, Little endian.
* JLink Info: FPUnit: 6 code (BP) slots and 2 literal slots
* JLink Info: CoreSight components:
* JLink Info: ROMTbl 0 @ E00FF000
* JLink Info: ROMTbl 0 [0]: FFF0F000, CID: B105E00D, PID: 001BB000 SCS
* JLink Info: ROMTbl 0 [1]: FFF02000, CID: B105E00D, PID: 001BB002 DWT
* JLink Info: ROMTbl 0 [2]: FFF03000, CID: B105E00D, PID: 000BB003 FPB
* JLink Info: ROMTbl 0 [3]: FFF01000, CID: B105E00D, PID: 001BB001 ITM
* JLink Info: ROMTbl 0 [4]: FFF41000, CID: B105900D, PID: 001BB923 TPIU-Lite
* JLink Info: ROMTbl 0 [5]: FFF42000, CID: B105900D, PID: 101BB924 ETM-M3
ROMTableAddr = 0xE00FF003
 
Target info:
------------
Device: STM32F103VC
* JLink Info: Device "STM32F103VC" selected.
VTarget = 3.317V
State of Pins: 
TCK: 1, TDI: 0, TDO: 1, TMS: 1, TRES: 1, TRST: 1
Hardware-Breakpoints: 6
Software-Breakpoints: 8192
Watchpoints:          4
JTAG speed: 5000 kHz
 
Erase Done.
Programming Done.
Verify OK.
Application running ...
