ARM Linker, 4.1 [Build 481] [Standard]

==============================================================================

Section Cross References

    startup_stm32f10x_hd.o(STACK) refers (Special) to heapauxi.o(.text) for __use_two_region_memory
    startup_stm32f10x_hd.o(HEAP) refers (Special) to heapauxi.o(.text) for __use_two_region_memory
    startup_stm32f10x_hd.o(RESET) refers (Special) to heapauxi.o(.text) for __use_two_region_memory
    startup_stm32f10x_hd.o(RESET) refers to startup_stm32f10x_hd.o(.text) for Reset_Handler
    startup_stm32f10x_hd.o(RESET) refers to stm32f10x_it.o(i.NMI_Handler) for NMI_Handler
    startup_stm32f10x_hd.o(RESET) refers to stm32f10x_it.o(i.HardFault_Handler) for HardFault_Handler
    startup_stm32f10x_hd.o(RESET) refers to stm32f10x_it.o(i.MemManage_Handler) for MemManage_Handler
    startup_stm32f10x_hd.o(RESET) refers to stm32f10x_it.o(i.BusFault_Handler) for BusFault_Handler
    startup_stm32f10x_hd.o(RESET) refers to stm32f10x_it.o(i.UsageFault_Handler) for UsageFault_Handler
    startup_stm32f10x_hd.o(RESET) refers to stm32f10x_it.o(i.SVC_Handler) for SVC_Handler
    startup_stm32f10x_hd.o(RESET) refers to stm32f10x_it.o(i.DebugMon_Handler) for DebugMon_Handler
    startup_stm32f10x_hd.o(RESET) refers to stm32f10x_it.o(i.PendSV_Handler) for PendSV_Handler
    startup_stm32f10x_hd.o(RESET) refers to stm32f10x_it.o(i.SysTick_Handler) for SysTick_Handler
    startup_stm32f10x_hd.o(RESET) refers to rtc.o(i.RTC_IRQHandler) for RTC_IRQHandler
    startup_stm32f10x_hd.o(RESET) refers to adc.o(i.ADC1_2_IRQHandler) for ADC1_2_IRQHandler
    startup_stm32f10x_hd.o(RESET) refers to stm32f10x_it.o(i.USB_HP_CAN1_TX_IRQHandler) for USB_HP_CAN1_TX_IRQHandler
    startup_stm32f10x_hd.o(RESET) refers to stm32f10x_it.o(i.USB_LP_CAN1_RX0_IRQHandler) for USB_LP_CAN1_RX0_IRQHandler
    startup_stm32f10x_hd.o(RESET) refers to timer.o(i.TIM1_CC_IRQHandler) for TIM1_CC_IRQHandler
    startup_stm32f10x_hd.o(RESET) refers to timer.o(i.TIM2_IRQHandler) for TIM2_IRQHandler
    startup_stm32f10x_hd.o(RESET) refers to timer.o(i.TIM3_IRQHandler) for TIM3_IRQHandler
    startup_stm32f10x_hd.o(RESET) refers to timer.o(i.TIM4_IRQHandler) for TIM4_IRQHandler
    startup_stm32f10x_hd.o(RESET) refers to usart.o(i.USART1_IRQHandler) for USART1_IRQHandler
    startup_stm32f10x_hd.o(RESET) refers to usart.o(i.USART2_IRQHandler) for USART2_IRQHandler
    startup_stm32f10x_hd.o(RESET) refers to stm32f10x_it.o(i.USBWakeUp_IRQHandler) for USBWakeUp_IRQHandler
    startup_stm32f10x_hd.o(RESET) refers to usart.o(i.UART4_IRQHandler) for UART4_IRQHandler
    startup_stm32f10x_hd.o(RESET) refers to usart.o(i.UART5_IRQHandler) for UART5_IRQHandler
    startup_stm32f10x_hd.o(.text) refers (Special) to heapauxi.o(.text) for __use_two_region_memory
    startup_stm32f10x_hd.o(.text) refers to startup_stm32f10x_hd.o(STACK) for __initial_sp
    startup_stm32f10x_hd.o(.text) refers to __main.o(!!!main) for __main
    startup_stm32f10x_hd.o(.text) refers to startup_stm32f10x_hd.o(HEAP) for Heap_Mem
    system_stm32f10x.o(i.SetSysClock) refers to system_stm32f10x.o(i.SetSysClockTo72) for SetSysClockTo72
    system_stm32f10x.o(i.SystemCoreClockUpdate) refers to system_stm32f10x.o(.data) for SystemCoreClock
    system_stm32f10x.o(i.SystemInit) refers to system_stm32f10x.o(i.SetSysClock) for SetSysClock
    main_v1.0.o(i.EnveramentInit) refers to flash.o(i.flash_read) for flash_read
    main_v1.0.o(i.EnveramentInit) refers to spi_flash.o(i.SPI_Flash_Read) for SPI_Flash_Read
    main_v1.0.o(i.EnveramentInit) refers to spi_flash.o(i.SPI_Flash_Write) for SPI_Flash_Write
    main_v1.0.o(i.EnveramentInit) refers to rtc.o(i.RTC_Set) for RTC_Set
    main_v1.0.o(i.EnveramentInit) refers to flash.o(i.flash_write) for flash_write
    main_v1.0.o(i.EnveramentInit) refers to rtc.o(.bss) for RTC_Set_Time4
    main_v1.0.o(i.EnveramentInit) refers to flash.o(.data) for Flash_Data_Length
    main_v1.0.o(i.EnveramentInit) refers to flash.o(.bss) for p_data_read
    main_v1.0.o(i.EnveramentInit) refers to adc.o(.data) for PM25_Vs
    main_v1.0.o(i.EnveramentInit) refers to main_v1.0.o(.data) for CO2_Data_Vs
    main_v1.0.o(i.EnveramentInit) refers to task.o(.data) for Temperature_Vs
    main_v1.0.o(i.EnveramentInit) refers to main_v1.0.o(.bss) for ID_msg
    main_v1.0.o(i.EnveramentInit) refers to task.o(.bss) for data_num_buf
    main_v1.0.o(i.main) refers to system_stm32f10x.o(i.SystemInit) for SystemInit
    main_v1.0.o(i.main) refers to sys.o(i.NVIC_Configuration) for NVIC_Configuration
    main_v1.0.o(i.main) refers to stm32f10x_iwdg.o(i.IWDG_Configuration) for IWDG_Configuration
    main_v1.0.o(i.main) refers to spi_flash.o(i.SPI_FLASH_Init) for SPI_FLASH_Init
    main_v1.0.o(i.main) refers to gpio.o(i.MY_GPIO_Init) for MY_GPIO_Init
    main_v1.0.o(i.main) refers to delay.o(i.delay_init) for delay_init
    main_v1.0.o(i.main) refers to rtc.o(i.RTC_Init) for RTC_Init
[...]
    USB_LP_CAN1_RX0_IRQHandler               0x080074c7   Thumb Code     2  stm32f10x_it.o(i.USB_LP_CAN1_RX0_IRQHandler)
    UsageFault_Handler                       0x080074c9   Thumb Code     4  stm32f10x_it.o(i.UsageFault_Handler)
    VCNL4000_Init1                           0x080074cd   Thumb Code    32  vcnl4000.o(i.VCNL4000_Init1)
    VCNL4000_Init2                           0x080074ed   Thumb Code    32  vcnl4000.o(i.VCNL4000_Init2)
    VCNL4000_MeasurementResult1              0x0800750d   Thumb Code    38  vcnl4000.o(i.VCNL4000_MeasurementResult1)
    VCNL4000_MeasurementResult2              0x08007533   Thumb Code    38  vcnl4000.o(i.VCNL4000_MeasurementResult2)
    VCNL4000_ReadOneByte1                    0x08007559   Thumb Code    62  vcnl4000.o(i.VCNL4000_ReadOneByte1)
    VCNL4000_ReadOneByte2                    0x08007597   Thumb Code    62  vcnl4000.o(i.VCNL4000_ReadOneByte2)
    VCNL4000_WriteOneByte1                   0x080075d5   Thumb Code    46  vcnl4000.o(i.VCNL4000_WriteOneByte1)
    VCNL4000_WriteOneByte2                   0x08007603   Thumb Code    46  vcnl4000.o(i.VCNL4000_WriteOneByte2)
    __ARM_fpclassify                         0x08007631   Thumb Code    40  fpclassify.o(i.__ARM_fpclassify)
    _sys_exit                                0x08007659   Thumb Code     6  usart.o(i._sys_exit)
    data_lvbo                                0x0800765f   Thumb Code    66  ec808.o(i.data_lvbo)
    delay_init                               0x080076a1   Thumb Code    40  delay.o(i.delay_init)
    delay_ms                                 0x080076d1   Thumb Code    54  delay.o(i.delay_ms)
    delay_us                                 0x0800770d   Thumb Code    54  delay.o(i.delay_us)
    flash_read                               0x08007749   Thumb Code    50  flash.o(i.flash_read)
    flash_write                              0x0800777b   Thumb Code   174  flash.o(i.flash_write)
    get_params                               0x08007829   Thumb Code   254  task.o(i.get_params)
    get_params2                              0x08007965   Thumb Code    70  task.o(i.get_params2)
    main                                     0x08007b79   Thumb Code   286  main_v1.0.o(i.main)
    pm25_test                                0x08007cd5   Thumb Code   116  task.o(i.pm25_test)
    receice_from_co2                         0x08007d6d   Thumb Code   236  main_v1.0.o(i.receice_from_co2)
    receice_from_usb                         0x08007e7d   Thumb Code   162  main_v1.0.o(i.receice_from_usb)
    receice_from_wifi                        0x08007f31   Thumb Code   348  main_v1.0.o(i.receice_from_wifi)
    receive_mac_from_wifi                    0x080080a1   Thumb Code   244  usart.o(i.receive_mac_from_wifi)
    receive_msg_from_usb                     0x080081a9   Thumb Code  1226  usart.o(i.receive_msg_from_usb)
    receive_msg_from_wifi                    0x08008681   Thumb Code   310  usart.o(i.receive_msg_from_wifi)
    send_msg_to_usb                          0x080087f5   Thumb Code   442  usart.o(i.send_msg_to_usb)
    send_msg_to_wifi                         0x080089dd   Thumb Code   280  usart.o(i.send_msg_to_wifi)
    send_msg_to_wifi_1                       0x08008b29   Thumb Code   164  usart.o(i.send_msg_to_wifi_1)
    task                                     0x08008bd9   Thumb Code   424  task.o(i.task)
    task_25ms                                0x0800946b   Thumb Code     8  task.o(i.task_25ms)
    task_75ms                                0x08009929   Thumb Code     8  task.o(i.task_75ms)
    time_sound                               0x0800a0c9   Thumb Code  1628  usart.o(i.time_sound)
    uart1_init                               0x0800a751   Thumb Code   154  usart.o(i.uart1_init)
    _get_lc_numeric                          0x0800acbd   Thumb Code    44  lc_numeric_c.o(locale$$code)
    __aeabi_d2f                              0x0800ace9   Thumb Code     0  d2f.o(x$fpl$d2f)
    _d2f                                     0x0800ace9   Thumb Code    98  d2f.o(x$fpl$d2f)
    __aeabi_dadd                             0x0800ad4d   Thumb Code     0  daddsub_clz.o(x$fpl$dadd)
    _dadd                                    0x0800ad4d   Thumb Code   328  daddsub_clz.o(x$fpl$dadd)
    __fpl_dcmp_Inf                           0x0800ae99   Thumb Code    24  dcmpi.o(x$fpl$dcmpinf)
    __aeabi_ddiv                             0x0800aeb1   Thumb Code     0  ddiv.o(x$fpl$ddiv)
    _ddiv                                    0x0800aeb1   Thumb Code   552  ddiv.o(x$fpl$ddiv)
    __aeabi_d2uiz                            0x0800b161   Thumb Code     0  dfixu.o(x$fpl$dfixu)
    _dfixu                                   0x0800b161   Thumb Code    90  dfixu.o(x$fpl$dfixu)
    __aeabi_i2d                              0x0800b1bb   Thumb Code     0  dflt_clz.o(x$fpl$dflt)
    _dflt                                    0x0800b1bb   Thumb Code    46  dflt_clz.o(x$fpl$dflt)
    __aeabi_ui2d                             0x0800b1e9   Thumb Code     0  dflt_clz.o(x$fpl$dfltu)
    _dfltu                                   0x0800b1e9   Thumb Code    38  dflt_clz.o(x$fpl$dfltu)
    __aeabi_cdcmple                          0x0800b211   Thumb Code     0  dleqf.o(x$fpl$dleqf)
    _dcmple                                  0x0800b211   Thumb Code   120  dleqf.o(x$fpl$dleqf)
    __fpl_dcmple_InfNaN                      0x0800b273   Thumb Code     0  dleqf.o(x$fpl$dleqf)
    __aeabi_dmul                             0x0800b289   Thumb Code     0  dmul.o(x$fpl$dmul)
    _dmul                                    0x0800b289   Thumb Code   332  dmul.o(x$fpl$dmul)
    __fpl_dnaninf                            0x0800b3dd   Thumb Code   156  dnaninf.o(x$fpl$dnaninf)
    __fpl_dretinf                            0x0800b479   Thumb Code    12  dretinf.o(x$fpl$dretinf)
    __aeabi_cdrcmple                         0x0800b485   Thumb Code     0  drleqf.o(x$fpl$drleqf)
    _drcmple                                 0x0800b485   Thumb Code   108  drleqf.o(x$fpl$drleqf)
    __aeabi_dsub                             0x0800b4f1   Thumb Code     0  daddsub_clz.o(x$fpl$dsub)
    _dsub                                    0x0800b4f1   Thumb Code   464  daddsub_clz.o(x$fpl$dsub)
    __aeabi_f2d                              0x0800b6c5   Thumb Code     0  f2d.o(x$fpl$f2d)
    _f2d                                     0x0800b6c5   Thumb Code    86  f2d.o(x$fpl$f2d)
    __aeabi_fadd                             0x0800b71d   Thumb Code     0  faddsub_clz.o(x$fpl$fadd)
    _fadd                                    0x0800b71d   Thumb Code   196  faddsub_clz.o(x$fpl$fadd)
    __fpl_fcmp_Inf                           0x0800b7e1   Thumb Code    24  fcmpi.o(x$fpl$fcmpinf)
    __aeabi_fdiv                             0x0800b7f9   Thumb Code     0  fdiv.o(x$fpl$fdiv)
    _fdiv                                    0x0800b7f9   Thumb Code   384  fdiv.o(x$fpl$fdiv)
    __aeabi_cfcmpeq                          0x0800b97d   Thumb Code     0  feqf.o(x$fpl$feqf)
    _fcmpeq                                  0x0800b97d   Thumb Code   104  feqf.o(x$fpl$feqf)
    __aeabi_f2iz                             0x0800b9e5   Thumb Code     0  ffix.o(x$fpl$ffix)
    _ffix                                    0x0800b9e5   Thumb Code    54  ffix.o(x$fpl$ffix)
    __aeabi_f2uiz                            0x0800ba1d   Thumb Code     0  ffixu.o(x$fpl$ffixu)
    _ffixu                                   0x0800ba1d   Thumb Code    62  ffixu.o(x$fpl$ffixu)
    __aeabi_i2f                              0x0800ba5d   Thumb Code     0  fflt_clz.o(x$fpl$fflt)
    _fflt                                    0x0800ba5d   Thumb Code    48  fflt_clz.o(x$fpl$fflt)
    __aeabi_ui2f                             0x0800ba8d   Thumb Code     0  fflt_clz.o(x$fpl$ffltu)
    _ffltu                                   0x0800ba8d   Thumb Code    38  fflt_clz.o(x$fpl$ffltu)
    __aeabi_cfcmple                          0x0800bab5   Thumb Code     0  fleqf.o(x$fpl$fleqf)
    _fcmple                                  0x0800bab5   Thumb Code   104  fleqf.o(x$fpl$fleqf)
    __fpl_fcmple_InfNaN                      0x0800bb07   Thumb Code     0  fleqf.o(x$fpl$fleqf)
    __aeabi_fmul                             0x0800bb1d   Thumb Code     0  fmul.o(x$fpl$fmul)
    _fmul                                    0x0800bb1d   Thumb Code   258  fmul.o(x$fpl$fmul)
    __fpl_fnaninf                            0x0800bc1f   Thumb Code   140  fnaninf.o(x$fpl$fnaninf)
    _fp_init                                 0x0800bcab   Thumb Code    14  fpinit.o(x$fpl$fpinit)
    __fplib_config_pureend_doubles           0x0800bcb7   Thumb Code     0  fpinit.o(x$fpl$fpinit)
    __fpl_fretinf                            0x0800bcb9   Thumb Code    10  fretinf.o(x$fpl$fretinf)
    __aeabi_cfrcmple                         0x0800bcc3   Thumb Code     0  frleqf.o(x$fpl$frleqf)
    _frcmple                                 0x0800bcc3   Thumb Code    98  frleqf.o(x$fpl$frleqf)
    __aeabi_frsub                            0x0800bd25   Thumb Code     0  faddsub_clz.o(x$fpl$frsb)
    _frsb                                    0x0800bd25   Thumb Code    20  faddsub_clz.o(x$fpl$frsb)
    __aeabi_fsub                             0x0800bd39   Thumb Code     0  faddsub_clz.o(x$fpl$fsub)
    _fsub                                    0x0800bd39   Thumb Code   234  faddsub_clz.o(x$fpl$fsub)
    _printf_fp_dec                           0x0800be23   Thumb Code     4  printf1.o(x$fpl$printf1)
    Month_Tab                                0x0800be26   Data          36  rtc.o(.constdata)
    __I$use$fp                               0x0800be27   Thumb Code     0  usenofp.o(x$fpl$usenofp)
    table_week                               0x0800be4a   Data          12  rtc.o(.constdata)
    mon_table                                0x0800be56   Data          12  rtc.o(.constdata)
    oled_asc2_402                            0x0800be62   Data          10  oled.o(.constdata)
    oled_asc2_1206                           0x0800be6c   Data        1140  oled.o(.constdata)
    oled_asc2_1608                           0x0800c2e0   Data        1520  oled.o(.constdata)
    oled_asc2_1612                           0x0800c8d0   Data        2280  oled.o(.constdata)
    oled_asc2_2416                           0x0800d1b8   Data        2280  oled.o(.constdata)
    oled_asc2_wendu                          0x0800daa0   Data         100  oled.o(.constdata)
    oled_asc2_baifenhao                      0x0800db04   Data         100  oled.o(.constdata)
    oled_asc2_BOFANG                         0x0800db68   Data        1024  oled.o(.constdata)
    oled_asc2_ZANTING                        0x0800df68   Data        1024  oled.o(.constdata)
    oled_asc2_wifi0                          0x0800e368   Data        1024  oled.o(.constdata)
    oled_asc2_wifi4                          0x0800e768   Data        1024  oled.o(.constdata)
    oled_asc2_wifi3                          0x0800eb68   Data        1024  oled.o(.constdata)
    oled_asc2_wifi2                          0x0800ef68   Data        1024  oled.o(.constdata)
    oled_asc2_wifi1                          0x0800f368   Data        1024  oled.o(.constdata)
    oled_asc2_wifi5                          0x0800f768   Data        1024  oled.o(.constdata)
    oled_asc2_pow4                           0x0800fb68   Data        1024  oled.o(.constdata)
    oled_asc2_pow3                           0x0800ff68   Data        1024  oled.o(.constdata)
    oled_asc2_pow2                           0x08010368   Data        1024  oled.o(.constdata)
    oled_asc2_pow1                           0x08010768   Data        1024  oled.o(.constdata)
    oled_asc2_pow0                           0x08010b68   Data        1024  oled.o(.constdata)
    oled_asc2_4020                           0x08010f68   Data        9500  oled.o(.constdata)
    oled_asc2_11                             0x08013484   Data          76  oled.o(.constdata)
    oled_asc2_PM                             0x080134d0   Data          96  oled.o(.constdata)
    oled_asc2_CO                             0x08013530   Data          96  oled.o(.constdata)
    oled_asc2_CO2                            0x08013590   Data          96  oled.o(.constdata)
    oled_asc2_HCHO                           0x080135f0   Data          96  oled.o(.constdata)
    Region$$Table$$Base                      0x08013728   Number         0  anon$$obj.o(Region$$Table)
    Region$$Table$$Limit                     0x08013748   Number         0  anon$$obj.o(Region$$Table)
    Tx_Buffer                                0x20000200   Data          27  main_v1.0.o(.data)
    DeviceID                                 0x2000021c   Data           4  main_v1.0.o(.data)
    FlashID                                  0x20000220   Data           4  main_v1.0.o(.data)
    TransferStatus1                          0x20000224   Data           1  main_v1.0.o(.data)
    Runtime                                  0x20000228   Data           4  main_v1.0.o(.data)
    CO2_Receive_Flag                         0x2000022c   Data           1  main_v1.0.o(.data)
    USART1_RX_Timer                          0x2000022d   Data           1  main_v1.0.o(.data)
    USART2_RX_Timer                          0x2000022e   Data           1  main_v1.0.o(.data)
    USART4_RX_Timer                          0x2000022f   Data           1  main_v1.0.o(.data)
    USART5_RX_Timer                          0x20000230   Data           1  main_v1.0.o(.data)
    Data_Test                                0x20000231   Data           6  main_v1.0.o(.data)
    CO2_Data_Vs                              0x20000238   Data           2  main_v1.0.o(.data)
    CO_Data_Vs                               0x2000023a   Data           2  main_v1.0.o(.data)
    senser_co2_flag                          0x2000023c   Data           1  main_v1.0.o(.data)
    textFile1                                0x2000023d   Data           4  main_v1.0.o(.data)
    receive_wifi_num                         0x20000242   Data           2  main_v1.0.o(.data)
    receive_usb_num                          0x20000244   Data           2  main_v1.0.o(.data)
    flash_ceshi                              0x20000246   Data           1  main_v1.0.o(.data)
    rtc_ceshi                                0x20000247   Data           1  main_v1.0.o(.data)
    ceshu_flash_sound                        0x20000248   Data           1  main_v1.0.o(.data)
    FlagRtcInt                               0x20000249   Data           1  main_v1.0.o(.data)
    PubstrTimer                              0x2000024a   Data           8  main_v1.0.o(.data)
    Sys_Counter                              0x20000254   Data           4  main_v1.0.o(.data)
    vncl_Sys_Counter                         0x20000258   Data           4  main_v1.0.o(.data)
    SetHour                                  0x2000025c   Data           1  main_v1.0.o(.data)
    SetMin                                   0x2000025d   Data           1  main_v1.0.o(.data)
    PubFlagSecond                            0x2000025e   Data           1  main_v1.0.o(.data)
    PubFlagFinished                          0x2000025f   Data           1  main_v1.0.o(.data)
    Temp1_B                                  0x20000260   Data           1  main_v1.0.o(.data)
    Temp1_C                                  0x20000261   Data           1  main_v1.0.o(.data)
    Temp2_B                                  0x20000262   Data           1  main_v1.0.o(.data)
    Temp2_C                                  0x20000263   Data           1  main_v1.0.o(.data)
    Temp3_B                                  0x20000264   Data           1  main_v1.0.o(.data)
    Temp3_C                                  0x20000265   Data           1  main_v1.0.o(.data)
    Temp4_B                                  0x20000266   Data           1  main_v1.0.o(.data)
    Temp4_C                                  0x20000267   Data           1  main_v1.0.o(.data)
    CRC_Code                                 0x20000268   Data           2  main_v1.0.o(.data)
    CO2_Data                                 0x2000026a   Data           2  main_v1.0.o(.data)
    CO2_Data_Vo                              0x2000026c   Data           2  main_v1.0.o(.data)
    CO_Data                                  0x2000026e   Data           2  main_v1.0.o(.data)
    sound_display                            0x20000278   Data           1  usart.o(.data)
    cmd_jianya_flag                          0x20000279   Data           1  usart.o(.data)
    internet                                 0x2000027a   Data           1  usart.o(.data)
    Jiaoyan_Data_Vs                          0x2000027b   Data           1  usart.o(.data)
    Usb_led_Vs                               0x2000027c   Data           1  usart.o(.data)
    USART1_RX_BUF_Counter                    0x2000027d   Data           1  usart.o(.data)
    USART2_RX_BUF_Counter                    0x2000027e   Data           1  usart.o(.data)
    USART4_RX_BUF_Counter                    0x2000027f   Data           1  usart.o(.data)
    USART5_RX_BUF_Counter                    0x20000280   Data           1  usart.o(.data)
    USART_RX_STA                             0x20000281   Data           1  usart.o(.data)
    textFile                                 0x20000282   Data          33  usart.o(.data)
    textFile_1                               0x200002a3   Data          16  usart.o(.data)
    textFile_2                               0x200002b3   Data          16  usart.o(.data)
    textFile_3                               0x200002c3   Data          16  usart.o(.data)
    textFile_4                               0x200002d3   Data          16  usart.o(.data)
    textFile_5                               0x200002e3   Data          16  usart.o(.data)
    TemperatureFile                          0x200002f3   Data          18  usart.o(.data)
    HumidityFile                             0x20000305   Data          19  usart.o(.data)
    CO_DataFile                              0x20000318   Data          17  usart.o(.data)
    CO2_DataFile                             0x20000329   Data          17  usart.o(.data)
    VOC_DataFile                             0x2000033a   Data          13  usart.o(.data)
    PM25_ValueFile                           0x20000347   Data          14  usart.o(.data)
    danweiFile1                              0x20000355   Data           4  usart.o(.data)
    danweiFile2                              0x20000359   Data           7  usart.o(.data)
    danweiFile3                              0x20000360   Data          14  usart.o(.data)
    danweiFile6                              0x2000036e   Data          11  usart.o(.data)
    textFile_6                               0x20000379   Data          48  usart.o(.data)
    textFile_7                               0x200003a9   Data          48  usart.o(.data)
    textFile_8                               0x200003d9   Data          48  usart.o(.data)
    textFile_9                               0x20000409   Data          34  usart.o(.data)
    textFile_10                              0x2000042b   Data          62  usart.o(.data)
    textFile_11                              0x20000469   Data          46  usart.o(.data)
    textFile_12                              0x20000497   Data          67  usart.o(.data)
    textFile_13                              0x200004da   Data          36  usart.o(.data)
    textFile_14                              0x200004fe   Data          30  usart.o(.data)
    textFile_15                              0x2000051c   Data          30  usart.o(.data)
    textFile_16                              0x2000053a   Data          30  usart.o(.data)
    textFile_17                              0x20000558   Data          30  usart.o(.data)
    textFile_18                              0x20000576   Data          19  usart.o(.data)
    textFile_19                              0x20000589   Data          19  usart.o(.data)
    textFile_20                              0x2000059c   Data          19  usart.o(.data)
    textFile_21                              0x200005af   Data          19  usart.o(.data)
    timeiFile                                0x200005c2   Data           9  usart.o(.data)
    timeiFile_10_fen                         0x200005cb   Data           5  usart.o(.data)
    danweiFile4                              0x200005d0   Data           4  usart.o(.data)
    danweiFile5                              0x200005d4   Data           4  usart.o(.data)
    Temperature_display                      0x200005da   Data           2  usart.o(.data)
    Humidity_display                         0x200005dc   Data           2  usart.o(.data)
    PM25_Value_display                       0x200005de   Data           2  usart.o(.data)
    CO2_Data_display                         0x200005e0   Data           2  usart.o(.data)
    CO_Data_display                          0x200005e2   Data           2  usart.o(.data)
    VOC_Data_display                         0x200005e4   Data           4  usart.o(.data)
    dataa111_name                            0x200005e8   Data           8  usart.o(.data)
    __stdout                                 0x200005f0   Data           4  usart.o(.data)
    PM25_Vs                                  0x200005f4   Data           2  adc.o(.data)
    PM25_k                                   0x200005f6   Data           2  adc.o(.data)
    senser_pm_flag                           0x200005f8   Data           1  adc.o(.data)
    PM25_Cal                                 0x200005f9   Data           1  adc.o(.data)
    PM25_Value_1                             0x200005fa   Data           2  adc.o(.data)
    PM25_Value_base                          0x200005fc   Data           2  adc.o(.data)
    Alpha                                    0x200005fe   Data           1  adc.o(.data)
    Beta                                     0x200005ff   Data           1  adc.o(.data)
    ADC_Start_Flag_Counter                   0x20000600   Data           1  adc.o(.data)
    Inc_Flag                                 0x20000601   Data           1  adc.o(.data)
    Dec_Flag                                 0x20000602   Data           1  adc.o(.data)
    Coldtrap_Tem                             0x20000606   Data           2  adc.o(.data)
    Sample_Tem                               0x20000608   Data           2  adc.o(.data)
    Sample_Value_Set                         0x2000060a   Data           2  adc.o(.data)
    Coldtrap_Value_Set                       0x2000060c   Data           2  adc.o(.data)
    Sample_Value_Set_Temp                    0x2000060e   Data           2  adc.o(.data)
    Coldtrap_Value_Set_Temp                  0x20000610   Data           2  adc.o(.data)
    ADC_temp0                                0x20000612   Data           2  adc.o(.data)
    ADC_temp1                                0x20000614   Data           2  adc.o(.data)
    ADC_temp2                                0x20000616   Data           2  adc.o(.data)
    ADC_temp3                                0x20000618   Data           2  adc.o(.data)
    Coldtrap_data                            0x2000061a   Data           3  adc.o(.data)
    Coldtrap_Tem_Temp                        0x2000061e   Data           2  adc.o(.data)
    Sample_data                              0x20000620   Data           3  adc.o(.data)
    Sample_Tem_Temp                          0x20000624   Data           2  adc.o(.data)
    PM25_Temp                                0x20000628   Data           4  adc.o(.data)
    PM25_Vo                                  0x2000062c   Data           2  adc.o(.data)
    BAT_Value                                0x2000062e   Data           2  adc.o(.data)
    CO_Value                                 0x20000630   Data           2  adc.o(.data)
    PM25_Value                               0x20000632   Data           2  adc.o(.data)
    PM25_Value_2                             0x20000634   Data           2  adc.o(.data)
    PM25_Value_3                             0x20000636   Data           2  adc.o(.data)
    PM25_Value_4                             0x20000638   Data           2  adc.o(.data)
    Flash_Write_Address                      0x2000063c   Data           4  flash.o(.data)
    p_data_write                             0x20000640   Data         224  flash.o(.data)
    Flash_Data_Length                        0x20000720   Data           1  flash.o(.data)
    COMPILED_DATE                            0x20000728   Data           4  rtc.o(.data)
    COMPILED_TIME                            0x2000072c   Data           4  rtc.o(.data)
    Set_Number                               0x20000730   Data           1  rtc.o(.data)
    data_temp1                               0x20000731   Data           1  rtc.o(.data)
    data_temp2                               0x20000732   Data           1  rtc.o(.data)
    temp_RTC                                 0x20000733   Data           1  rtc.o(.data)
    rtc_data                                 0x20000734   Data           8  rtc.o(.data)
    rtc_data1                                0x2000073c   Data           2  rtc.o(.data)
    USART_TX_Data_Time_Conter                0x20000740   Data           1  task.o(.data)
    vncl4010_Flag                            0x20000741   Data           1  task.o(.data)
    vncl4010_Flag_1                          0x20000742   Data           1  task.o(.data)
    Task_Flag                                0x20000743   Data           1  task.o(.data)
    LOGIN_CMD_Flag                           0x20000744   Data           1  task.o(.data)
    LOGIN_CMD_Flag_num                       0x20000745   Data           1  task.o(.data)
    Second_LOGIN_CMD_Flag_num                0x20000746   Data           1  task.o(.data)
    Pingji_Flag                              0x20000747   Data           1  task.o(.data)
    RE_HEART_CMD_Flag                        0x20000748   Data           1  task.o(.data)
    SE_HEART_CMD_Flag                        0x20000749   Data           1  task.o(.data)
    RE_DATA_CMD_Flag                         0x2000074a   Data           1  task.o(.data)
    SE_DATA_CMD_Flag                         0x2000074b   Data           1  task.o(.data)
    WIFI_Flag                                0x2000074c   Data           1  task.o(.data)
    WIFI_internet_Flag                       0x2000074d   Data           1  task.o(.data)
    re_frequency                             0x2000074e   Data           2  task.o(.data)
    test_imid                                0x20000750   Data           1  task.o(.data)
    imid_test                                0x20000751   Data           1  task.o(.data)
    pm25_test_st                             0x20000752   Data           1  task.o(.data)
    Set_time_Flag                            0x20000753   Data           1  task.o(.data)
    Set_mac_Flag                             0x20000754   Data           1  task.o(.data)
    send_i_len                               0x20000758   Data           4  task.o(.data)
    send_i_len_num                           0x2000075c   Data           4  task.o(.data)
    heart_init                               0x20000760   Data           1  task.o(.data)
    send_data_init                           0x20000761   Data           1  task.o(.data)
    send_data_init_one                       0x20000762   Data           1  task.o(.data)
    WIFI_internet_send_Flag                  0x20000763   Data           1  task.o(.data)
    data_num                                 0x20000764   Data           4  task.o(.data)
    data_size                                0x20000768   Data           4  task.o(.data)
    data_started                             0x2000076c   Data           4  task.o(.data)
    data_ended                               0x20000770   Data           4  task.o(.data)
    Sensor_Sample_Flag_Timer                 0x20000774   Data           2  task.o(.data)
    Sensor_Sample_Flag                       0x20000776   Data           1  task.o(.data)
    PM25_Detect_Timer                        0x20000778   Data           2  task.o(.data)
    PM25_Detect_Flag                         0x2000077a   Data           1  task.o(.data)
    PM25_Vs_Flag                             0x2000077b   Data           1  task.o(.data)
    PM25_Detect_Timer2                       0x2000077c   Data           1  task.o(.data)
    time_num_20s                             0x2000077d   Data           1  task.o(.data)
    oled_Flag                                0x2000077e   Data           1  task.o(.data)
    oled_Flag_1                              0x2000077f   Data           1  task.o(.data)
    oled_time_Flag                           0x20000780   Data           1  task.o(.data)
    task_10_Flag                             0x20000781   Data           1  task.o(.data)
    task_25_Flag                             0x20000782   Data           1  task.o(.data)
    task_75_Flag                             0x20000783   Data           1  task.o(.data)
    VOC_Data_Vs                              0x20000784   Data           2  task.o(.data)
    Temperature_Vs                           0x20000786   Data           2  task.o(.data)
    Humidity_Vs                              0x20000788   Data           2  task.o(.data)
    pm25_ok                                  0x2000078a   Data           1  task.o(.data)
    voc_ok                                   0x2000078b   Data           1  task.o(.data)
    co2_ok                                   0x2000078c   Data           1  task.o(.data)
    co_ok                                    0x2000078d   Data           1  task.o(.data)
    tmp_ok                                   0x2000078e   Data           1  task.o(.data)
    hmp_ok                                   0x2000078f   Data           1  task.o(.data)
    VCNL4000_1                               0x20000790   Data           1  task.o(.data)
    VCNL4000_2                               0x20000791   Data           1  task.o(.data)
    pm25_test_mun                            0x20000796   Data           2  task.o(.data)
    led_hx_num                               0x20000798   Data           1  task.o(.data)
    led_hx_dir                               0x20000799   Data           1  task.o(.data)
    co_LED                                   0x2000079a   Data           1  task.o(.data)
    tmp_LED                                  0x2000079b   Data           1  task.o(.data)
    co2_LED                                  0x2000079c   Data           1  task.o(.data)
    hum_LED                                  0x2000079d   Data           1  task.o(.data)
    voc_LED                                  0x2000079e   Data           1  task.o(.data)
    pm25_LED                                 0x2000079f   Data           1  task.o(.data)
    WIFI_flag_view                           0x200007a0   Data           1  task.o(.data)
    hx_LED_times                             0x200007a1   Data           1  task.o(.data)
    hx_LED_leibie                            0x200007a2   Data           1  task.o(.data)
    VCNL1                                    0x200007a3   Data           1  task.o(.data)
    VCNL1_num                                0x200007a4   Data           1  task.o(.data)
    VCNL2                                    0x200007a5   Data           1  task.o(.data)
    VCNL2_num                                0x200007a6   Data           1  task.o(.data)
    VCNL_page                                0x200007a7   Data           1  task.o(.data)
    VCNL_page_num                            0x200007a8   Data           1  task.o(.data)
    VCNL4000_1_num                           0x200007a9   Data           1  task.o(.data)
    VCNL4000_2_num                           0x200007aa   Data           1  task.o(.data)
    power_flag_inimd                         0x200007ab   Data           1  task.o(.data)
    power_flag_inimd_num                     0x200007ac   Data           1  task.o(.data)
    wifi_set                                 0x200007ad   Data           1  task.o(.data)
    wifi_oled_set                            0x200007ae   Data           1  task.o(.data)
    wifi_oled_set_num                        0x200007af   Data           1  task.o(.data)
    wifi_set_num                             0x200007b0   Data           2  task.o(.data)
    internet__send_flag                      0x200007b2   Data           1  task.o(.data)
    internet__send_flag_0                    0x200007b3   Data           1  task.o(.data)
    BAT_Value_down                           0x200007b4   Data           1  task.o(.data)
    VNCL_ceshi                               0x200007b5   Data           1  task.o(.data)
    senser_ceshi                             0x200007b6   Data           1  task.o(.data)
    senser_level                             0x200007b7   Data           1  task.o(.data)
    Ceshi1_num                               0x200007b8   Data           1  task.o(.data)
    Usb_led_Vs_num                           0x200007b9   Data           1  task.o(.data)
    Usb_led_red_Vs_num                       0x200007ba   Data           1  task.o(.data)
    ceshu_flash_sound_num                    0x200007bb   Data           1  task.o(.data)
    data_num_10                              0x200007bc   Data           1  task.o(.data)
    WIFI_internet_send__num_Flag             0x200007bd   Data           1  task.o(.data)
    led_t                                    0x200007be   Data           1  task.o(.data)
    led_fag                                  0x200007bf   Data           1  task.o(.data)
    led_t_1                                  0x200007c0   Data           1  task.o(.data)
    led0pwmval                               0x200007c2   Data           2  task.o(.data)
    dir                                      0x200007c4   Data           1  task.o(.data)
    PM25_fan_num                             0x200007c5   Data           1  task.o(.data)
    Value_Tvoc                               0x200007d0   Data           4  task.o(.data)
    VOC_Data                                 0x200007d4   Data           4  task.o(.data)
    Humidity                                 0x200007d8   Data           2  task.o(.data)
    Temperature                              0x200007da   Data           2  task.o(.data)
    a                                        0x200007dc   Data           4  task.o(.data)
    seng_data_num                            0x200007e0   Data           4  task.o(.data)
    WiFi_server_flag                         0x200007e6   Data           1  task.o(.data)
    ADC_Start_Flag                           0x200007e8   Data           1  timer.o(.data)
    Fre_Test                                 0x200007ec   Data           4  timer.o(.data)
    senser_voc_flag                          0x200009f0   Data           1  ec808.o(.data)
    senser_co_flag                           0x200009f1   Data           1  ec808.o(.data)
    Tvoc_Status                              0x200009f2   Data           1  ec808.o(.data)
    CO_Data_Vo                               0x200009f4   Data           2  ec808.o(.data)
    VOC_Data_Vo                              0x200009f8   Data           4  ec808.o(.data)
    Temp_Calib                               0x200009fc   Data           4  sht21.o(.data)
    senser_th_flag                           0x20000a00   Data           1  sht21.o(.data)
    senser_flag                              0x20000a01   Data           1  sht21.o(.data)
    shidu                                    0x20000a02   Data           2  sht21.o(.data)
    shidu_temp                               0x20000a04   Data           2  sht21.o(.data)
    wendu                                    0x20000a06   Data           2  sht21.o(.data)
    wendu_tem                                0x20000a08   Data           2  sht21.o(.data)
    VCNL4000_ALS_Result1                     0x20000a0a   Data           2  vcnl4000.o(.data)
    VCNL4000_PROX_Result1                    0x20000a0c   Data           2  vcnl4000.o(.data)
    VCNL4000_ALS_Result2                     0x20000a0e   Data           2  vcnl4000.o(.data)
    VCNL4000_PROX_Result2                    0x20000a10   Data           2  vcnl4000.o(.data)
    VCNL4000_PROX_Result1_1                  0x20000a12   Data           2  vcnl4000.o(.data)
    VCNL4000_PROX_Result1_2                  0x20000a14   Data           2  vcnl4000.o(.data)
    VCNL4000_PROX_Result2_1                  0x20000a16   Data           2  vcnl4000.o(.data)
    VCNL4000_PROX_Result2_2                  0x20000a18   Data           2  vcnl4000.o(.data)
    VCNL4000_PROX_Res1                       0x20000a1a   Data           2  vcnl4000.o(.data)
    VCNL4000_PROX_Res2                       0x20000a1c   Data           2  vcnl4000.o(.data)
    OLED_menu                                0x20000a20   Data          32  oled.o(.data)
    OLED_menu2                               0x20000a40   Data          32  oled.o(.data)
    OLED_menu1                               0x20000a60   Data           8  oled.o(.data)
    OLED_menu4                               0x20000a68   Data           8  oled.o(.data)
    Sound_Vs                                 0x20000a70   Data           1  oled.o(.data)
    OLED_curPos                              0x20000a71   Data           1  oled.o(.data)
    sound_oled                               0x20000a72   Data           1  oled.o(.data)
    sound_oled_num                           0x20000a73   Data           1  oled.o(.data)
    wifi_oled                                0x20000a74   Data           1  oled.o(.data)
    power_oled                               0x20000a75   Data           1  oled.o(.data)
    Rx_Buffer                                0x20000a8c   Data          26  main_v1.0.o(.bss)
    TimerBuf                                 0x20000aa6   Data          10  main_v1.0.o(.bss)
    PubStrDisplay                            0x20000ab0   Data          16  main_v1.0.o(.bss)
    data_disp                                0x20000ac0   Data          32  main_v1.0.o(.bss)
    CO2_Data_tem                             0x20000ae0   Data          10  main_v1.0.o(.bss)
    USART6_TX_BUF                            0x20000aea   Data          10  main_v1.0.o(.bss)
    ID_msg                                   0x20000af4   Data          13  main_v1.0.o(.bss)
    Set_time                                 0x20000b02   Data          12  usart.o(.bss)
    Mac_TX_BUF                               0x20000b0e   Data          10  usart.o(.bss)
    Internet_TX_BUF                          0x20000b18   Data          10  usart.o(.bss)
    wifi_msg_temp                            0x20000b22   Data        1000  usart.o(.bss)
    wifi_msg_temp_1                          0x20000f0a   Data         100  usart.o(.bss)
    USART1_RX_BUF                            0x20000f6e   Data         564  usart.o(.bss)
    USART1_RX_BUF1                           0x200011a2   Data         564  usart.o(.bss)
    USART1_TX_BUF                            0x200013d6   Data          64  usart.o(.bss)
    USART2_RX_BUF                            0x20001416   Data          64  usart.o(.bss)
    USART2_TX_BUF                            0x20001456   Data          64  usart.o(.bss)
    USART4_RX_BUF                            0x20001496   Data          64  usart.o(.bss)
    USART4_TX_BUF                            0x200014d6   Data          10  usart.o(.bss)
    USART5_TX_BUF                            0x200014e0   Data          10  usart.o(.bss)
    USART5_RX_BUF                            0x200014ea   Data          64  usart.o(.bss)
    Mac_msg                                  0x2000152a   Data          18  usart.o(.bss)
    wifi_msg_temp_2                          0x2000153c   Data          50  usart.o(.bss)
    usb_msg_temp                             0x2000156e   Data         256  usart.o(.bss)
    AdcTemp                                  0x2000166e   Data          80  adc.o(.bss)
    ADC_ConvertedValueLocal                  0x200016be   Data          12  adc.o(.bss)
    ADC_ConvertedValueLocal_PM25             0x200016ca   Data        4000  adc.o(.bss)
    ADC_ConvertedValueLocal_ADC0             0x2000266a   Data         400  adc.o(.bss)
    ADC_ConvertedValueLocal_ADC2             0x200027fa   Data         400  adc.o(.bss)
    ADC_ConvertedValueLocal_ADC3             0x2000298a   Data         400  adc.o(.bss)
    ADC_ConvertedValueLocal_ADC4             0x20002b1a   Data         400  adc.o(.bss)
    ADC_ConvertedValueLocal_ADC5             0x20002caa   Data         400  adc.o(.bss)
    PM25_Value_Temp                          0x20002e3a   Data        2000  adc.o(.bss)
    PM25_Value_temp                          0x2000360a   Data          10  adc.o(.bss)
    ADC_Converted_Temp                       0x20003614   Data          40  adc.o(.bss)
    PM25_Value_filter                        0x2000363c   Data          10  adc.o(.bss)
    ADC_ConvertedValue                       0x20003646   Data          40  adc.o(.bss)
    p_data_read                              0x20003670   Data         224  flash.o(.bss)
    Timer                                    0x20003750   Data          10  rtc.o(.bss)
    RTC_Set_Time                             0x2000375a   Data          10  rtc.o(.bss)
    RTC_Set_Time1                            0x20003764   Data          10  rtc.o(.bss)
    RTC_Set_Time2                            0x2000376e   Data          10  rtc.o(.bss)
    RTC_Set_Time3                            0x20003778   Data          10  rtc.o(.bss)
    RTC_Set_Time4                            0x20003782   Data          10  rtc.o(.bss)
    data_buffer                              0x2000378c   Data          20  task.o(.bss)
    re_data_buffer                           0x200037a0   Data        1000  task.o(.bss)
    seng_data_buffer                         0x20003b88   Data        1000  task.o(.bss)
    Mac_msg0                                 0x20003f70   Data          10  task.o(.bss)
    data_num_buf                             0x20003f7a   Data          15  task.o(.bss)
    Co_Buf                                   0x20003f8a   Data          15  ec808.o(.bss)
    Tvoc_Buf                                 0x20003f99   Data          15  ec808.o(.bss)
    CO_Data_temp                             0x20003fa8   Data          10  ec808.o(.bss)
    hcho_Data_temp                           0x20003fb2   Data          10  ec808.o(.bss)
    shidu_data_temp                          0x20003fbc   Data          10  sht21.o(.bss)
    TP_data_temp                             0x20003fc6   Data          10  sht21.o(.bss)
    SPI_FLASH_BUFFER                         0x20003fd0   Data        4096  spi_flash.o(.bss)
    OLED_GRAM                                0x20004fd0   Data        2112  oled.o(.bss)
    __libspace_start                         0x20005810   Data          96  libspace.o(.bss)
    __temporary_stack_top$libspace           0x20005870   Data           0  libspace.o(.bss)



==============================================================================

Memory Map of the image

  Image Entry point : 0x08000131

  Load Region LR_IROM1 (Base: 0x08000000, Size: 0x000141f0, Max: 0x00040000, ABSOLUTE, COMPRESSED[0x00013b2c])

    Execution Region ER_IROM1 (Base: 0x08000000, Size: 0x00013764, Max: 0x00040000, ABSOLUTE)

    Base Addr    Size         Type   Attr      Idx    E Section Name        Object

    0x08000000   0x00000130   Data   RO            3    RESET               startup_stm32f10x_hd.o
    0x08000130   0x00000008   Code   RO         4457  * !!!main             c_w.l(__main.o)(c_w.l)
    0x08000138   0x00000034   Code   RO         4757    !!!scatter          c_w.l(__scatter.o)(c_w.l)
    0x0800016c   0x00000064   Code   RO         4755    !!dclz77c           c_w.l(__dclz77c.o)(c_w.l)
    0x080001d0   0x0000001c   Code   RO         4759    !!handler_zi        c_w.l(__scatter_zi.o)(c_w.l)
    0x080001ec   0x00000000   Code   RO         4448    .ARM.Collect$$_printf_percent$$00000000  c_w.l(_printf_percent.o)(c_w.l)
    0x080001ec   0x00000006   Code   RO         4447    .ARM.Collect$$_printf_percent$$00000003  c_w.l(_printf_f.o)(c_w.l)
    0x080001f2   0x00000006   Code   RO         4446    .ARM.Collect$$_printf_percent$$00000009  c_w.l(_printf_d.o)(c_w.l)
    0x080001f8   0x00000004   Code   RO         4537    .ARM.Collect$$_printf_percent$$00000017  c_w.l(_printf_percent_end.o)(c_w.l)
    0x080001fc   0x00000006   Code   RO         4632    .ARM.Collect$$libinit$$00000000  c_w.l(libinit.o)(c_w.l)
    0x08000202   0x00000000   Code   RO         4635    .ARM.Collect$$libinit$$00000006  c_w.l(libinit2.o)(c_w.l)
    0x08000202   0x00000000   Code   RO         4637    .ARM.Collect$$libinit$$00000008  c_w.l(libinit2.o)(c_w.l)
    0x08000202   0x00000000   Code   RO         4639    .ARM.Collect$$libinit$$0000000A  c_w.l(libinit2.o)(c_w.l)
    0x08000202   0x00000006   Code   RO         4640    .ARM.Collect$$libinit$$0000000B  c_w.l(libinit2.o)(c_w.l)
    0x08000208   0x00000000   Code   RO         4642    .ARM.Collect$$libinit$$0000000D  c_w.l(libinit2.o)(c_w.l)
    0x08000208   0x00000000   Code   RO         4644    .ARM.Collect$$libinit$$0000000F  c_w.l(libinit2.o)(c_w.l)
    0x08000208   0x00000000   Code   RO         4646    .ARM.Collect$$libinit$$00000011  c_w.l(libinit2.o)(c_w.l)
    0x08000208   0x0000000a   Code   RO         4647    .ARM.Collect$$libinit$$00000012  c_w.l(libinit2.o)(c_w.l)
    0x08000212   0x00000000   Code   RO         4648    .ARM.Collect$$libinit$$00000013  c_w.l(libinit2.o)(c_w.l)
    0x08000212   0x00000000   Code   RO         4650    .ARM.Collect$$libinit$$00000015  c_w.l(libinit2.o)(c_w.l)
    0x08000212   0x00000000   Code   RO         4652    .ARM.Collect$$libinit$$00000017  c_w.l(libinit2.o)(c_w.l)
    0x08000212   0x00000000   Code   RO         4654    .ARM.Collect$$libinit$$00000019  c_w.l(libinit2.o)(c_w.l)
    0x08000212   0x00000000   Code   RO         4656    .ARM.Collect$$libinit$$0000001B  c_w.l(libinit2.o)(c_w.l)
    0x08000212   0x00000000   Code   RO         4658    .ARM.Collect$$libinit$$0000001D  c_w.l(libinit2.o)(c_w.l)
    0x08000212   0x00000000   Code   RO         4660    .ARM.Collect$$libinit$$0000001F  c_w.l(libinit2.o)(c_w.l)
    0x08000212   0x00000000   Code   RO         4662    .ARM.Collect$$libinit$$00000021  c_w.l(libinit2.o)(c_w.l)
    0x08000212   0x00000000   Code   RO         4666    .ARM.Collect$$libinit$$00000028  c_w.l(libinit2.o)(c_w.l)
    0x08000212   0x00000000   Code   RO         4668    .ARM.Collect$$libinit$$0000002A  c_w.l(libinit2.o)(c_w.l)
    0x08000212   0x00000000   Code   RO         4670    .ARM.Collect$$libinit$$0000002C  c_w.l(libinit2.o)(c_w.l)
    0x08000212   0x00000000   Code   RO         4672    .ARM.Collect$$libinit$$0000002E  c_w.l(libinit2.o)(c_w.l)
    0x08000212   0x00000002   Code   RO         4673    .ARM.Collect$$libinit$$0000002F  c_w.l(libinit2.o)(c_w.l)
    0x08000214   0x00000002   Code   RO         4707    .ARM.Collect$$libshutdown$$00000000  c_w.l(libshutdown.o)(c_w.l)
    0x08000216   0x00000000   Code   RO         4716    .ARM.Collect$$libshutdown$$00000003  c_w.l(libshutdown2.o)(c_w.l)
    0x08000216   0x00000000   Code   RO         4719    .ARM.Collect$$libshutdown$$00000006  c_w.l(libshutdown2.o)(c_w.l)
    0x08000216   0x00000000   Code   RO         4722    .ARM.Collect$$libshutdown$$00000009  c_w.l(libshutdown2.o)(c_w.l)
    0x08000216   0x00000000   Code   RO         4724    .ARM.Collect$$libshutdown$$0000000B  c_w.l(libshutdown2.o)(c_w.l)
    0x08000216   0x00000000   Code   RO         4727    .ARM.Collect$$libshutdown$$0000000E  c_w.l(libshutdown2.o)(c_w.l)
    0x08000216   0x00000002   Code   RO         4728    .ARM.Collect$$libshutdown$$0000000F  c_w.l(libshutdown2.o)(c_w.l)
    0x08000218   0x00000000   Code   RO         4525    .ARM.Collect$$rtentry$$00000000  c_w.l(rtentry.o)(c_w.l)
    0x08000218   0x00000000   Code   RO         4554    .ARM.Collect$$rtentry$$00000002  c_w.l(rtentry2.o)(c_w.l)
    0x08000218   0x00000006   Code   RO         4569    .ARM.Collect$$rtentry$$00000004  c_w.l(rtentry4.o)(c_w.l)
    0x0800021e   0x00000000   Code   RO         4556    .ARM.Collect$$rtentry$$00000009  c_w.l(rtentry2.o)(c_w.l)
    0x0800021e   0x00000004   Code   RO         4557    .ARM.Collect$$rtentry$$0000000A  c_w.l(rtentry2.o)(c_w.l)
    0x08000222   0x00000000   Code   RO         4559    .ARM.Collect$$rtentry$$0000000C  c_w.l(rtentry2.o)(c_w.l)
    0x08000222   0x00000008   Code   RO         4560    .ARM.Collect$$rtentry$$0000000D  c_w.l(rtentry2.o)(c_w.l)
    0x0800022a   0x00000002   Code   RO         4674    .ARM.Collect$$rtexit$$00000000  c_w.l(rtexit.o)(c_w.l)
    0x0800022c   0x00000000   Code   RO         4681    .ARM.Collect$$rtexit$$00000002  c_w.l(rtexit2.o)(c_w.l)
    0x0800022c   0x00000004   Code   RO         4682    .ARM.Collect$$rtexit$$00000003  c_w.l(rtexit2.o)(c_w.l)
    0x08000230   0x00000006   Code   RO         4683    .ARM.Collect$$rtexit$$00000004  c_w.l(rtexit2.o)(c_w.l)
    0x08000236   0x00000002   PAD
    0x08000238   0x00000048   Code   RO            4    .text               startup_stm32f10x_hd.o
    0x08000280   0x00000002   Code   RO         4414    .text               c_w.l(use_no_semi_2.o)(c_w.l)
    0x08000282   0x00000002   PAD
    0x08000284   0x00000028   Code   RO         4420    .text               c_w.l(noretval__2sprintf.o)(c_w.l)
    0x080002ac   0x00000050   Code   RO         4424    .text               c_w.l(_printf_pad.o)(c_w.l)
    0x080002fc   0x00000074   Code   RO         4426    .text               c_w.l(_printf_dec.o)(c_w.l)
    0x08000370   0x00000144   Code   RO         4438    .text               c_w.l(__printf_flags_wp.o)(c_w.l)
    0x080004b4   0x0000003e   Code   RO         4449    .text               c_w.l(strlen.o)(c_w.l)
    0x080004f2   0x0000008a   Code   RO         4451    .text               c_w.l(rt_memcpy_v6.o)(c_w.l)
    0x0800057c   0x00000064   Code   RO         4453    .text               c_w.l(rt_memcpy_w.o)(c_w.l)
    0x080005e0   0x00000006   Code   RO         4455    .text               c_w.l(heapauxi.o)(c_w.l)
    0x080005e6   0x00000002   Code   RO         4523    .text               c_w.l(use_no_semi.o)(c_w.l)
    0x080005e8   0x000000b4   Code   RO         4529    .text               c_w.l(_printf_intcommon.o)(c_w.l)
    0x0800069c   0x0000040e   Code   RO         4531    .text               c_w.l(_printf_fp_dec.o)(c_w.l)
    0x08000aaa   0x00000002   PAD
    0x08000aac   0x00000030   Code   RO         4533    .text               c_w.l(_printf_char_common.o)(c_w.l)
    0x08000adc   0x0000000a   Code   RO         4535    .text               c_w.l(_sputc.o)(c_w.l)
    0x08000ae6   0x00000010   Code   RO         4538    .text               c_w.l(rtudiv10.o)(c_w.l)
    0x08000af6   0x00000002   PAD
    0x08000af8   0x0000000c   Code   RO         4574    .text               c_w.l(rt_locale_intlibspace.o)(c_w.l)
    0x08000b04   0x0000008a   Code   RO         4576    .text               c_w.l(lludiv10.o)(c_w.l)
    0x08000b8e   0x00000002   PAD
    0x08000b90   0x0000007c   Code   RO         4578    .text               c_w.l(_printf_fp_infnan.o)(c_w.l)
    0x08000c0c   0x000000ec   Code   RO         4582    .text               c_w.l(bigflt0.o)(c_w.l)
    0x08000cf8   0x00000008   Code   RO         4617    .text               c_w.l(libspace.o)(c_w.l)
    0x08000d00   0x0000004a   Code   RO         4620    .text               c_w.l(sys_stackheap_outer.o)(c_w.l)
    0x08000d4a   0x0000000c   Code   RO         4622    .text               c_w.l(exit.o)(c_w.l)
    0x08000d56   0x00000002   PAD
    0x08000d58   0x00000080   Code   RO         4624    .text               c_w.l(strcmpv7m.o)(c_w.l)
    0x08000dd8   0x0000000c   Code   RO         4691    .text               c_w.l(rt_fp_status_addr_intlibspace.o)(c_w.l)
    0x08000de4   0x0000003e   Code   RO         4585    CL$$btod_d2e        c_w.l(btod.o)(c_w.l)
    0x08000e22   0x00000046   Code   RO         4587    CL$$btod_d2e_denorm_low  c_w.l(btod.o)(c_w.l)
    0x08000e68   0x00000060   Code   RO         4586    CL$$btod_d2e_norm_op1  c_w.l(btod.o)(c_w.l)
    0x08000ec8   0x00000338   Code   RO         4595    CL$$btod_div_common  c_w.l(btod.o)(c_w.l)
    0x08001200   0x000000c6   Code   RO         4592    CL$$btod_e2e        c_w.l(btod.o)(c_w.l)
    0x080012c6   0x00000028   Code   RO         4589    CL$$btod_ediv       c_w.l(btod.o)(c_w.l)
    0x080012ee   0x00000028   Code   RO         4588    CL$$btod_emul       c_w.l(btod.o)(c_w.l)
    0x08001316   0x00000244   Code   RO         4594    CL$$btod_mult_common  c_w.l(btod.o)(c_w.l)
    0x0800155a   0x00000002   PAD
    0x0800155c   0x00000018   Code   RO          722    i.ADC1_2_IRQHandler  adc.o
    0x08001574   0x00000044   Code   RO          723    i.ADC1_GPIO_Config  adc.o
    0x080015b8   0x0000000c   Code   RO          724    i.ADC1_Init         adc.o
    0x080015c4   0x00000128   Code   RO          725    i.ADC1_Mode_Config  adc.o
    0x080016ec   0x00000016   Code   RO         2230    i.ADC_Cmd           stm32f10x_adc.o
    0x08001702   0x00000016   Code   RO         2231    i.ADC_DMACmd        stm32f10x_adc.o
    0x08001718   0x0000011c   Code   RO          726    i.ADC_Data_process  adc.o
    0x08001834   0x00000014   Code   RO         2238    i.ADC_GetCalibrationStatus  stm32f10x_adc.o
    0x08001848   0x00000014   Code   RO         2244    i.ADC_GetResetCalibrationStatus  stm32f10x_adc.o
    0x0800185c   0x00000054   Code   RO         2248    i.ADC_Init          stm32f10x_adc.o
    0x080018b0   0x000002f8   Code   RO          727    i.ADC_Process       adc.o
    0x08001ba8   0x000000b8   Code   RO         2252    i.ADC_RegularChannelConfig  stm32f10x_adc.o
    0x08001c60   0x0000000a   Code   RO         2253    i.ADC_ResetCalibration  stm32f10x_adc.o
    0x08001c6a   0x00000016   Code   RO         2255    i.ADC_SoftwareStartConvCmd  stm32f10x_adc.o
    0x08001c80   0x0000000a   Code   RO         2257    i.ADC_StartCalibration  stm32f10x_adc.o
    0x08001c8a   0x00000010   Code   RO         2448    i.BKP_DeInit        stm32f10x_bkp.o
    0x08001c9a   0x00000002   PAD
    0x08001c9c   0x00000010   Code   RO         2453    i.BKP_ReadBackupRegister  stm32f10x_bkp.o
    0x08001cac   0x00000010   Code   RO         2457    i.BKP_WriteBackupRegister  stm32f10x_bkp.o
    0x08001cbc   0x00000004   Code   RO           10    i.BusFault_Handler  stm32f10x_it.o
    0x08001cc0   0x00000038   Code   RO         1236    i.CRC16             crc.o
    0x08001cf8   0x0000001c   Code   RO         2524    i.DMA_ClearFlag     stm32f10x_dma.o
    0x08001d14   0x00000018   Code   RO         2526    i.DMA_Cmd           stm32f10x_dma.o
    0x08001d2c   0x00000150   Code   RO         2527    i.DMA_DeInit        stm32f10x_dma.o
    0x08001e7c   0x0000002c   Code   RO         2529    i.DMA_GetFlagStatus  stm32f10x_dma.o
    0x08001ea8   0x0000003c   Code   RO         2532    i.DMA_Init          stm32f10x_dma.o
    0x08001ee4   0x00000002   Code   RO           11    i.DebugMon_Handler  stm32f10x_it.o
    0x08001ee6   0x00000020   Code   RO         1807    i.DisplayProcess    oled.o
    0x08001f06   0x00000002   PAD
    0x08001f08   0x00000068   Code   RO         1250    i.EC805_IIC1_Read   ec808.o
    0x08001f70   0x0000020c   Code   RO         1251    i.EC805_Process     ec808.o
    0x0800217c   0x00000064   Code   RO         1252    i.EC808_IIC1_Read   ec808.o
    0x080021e0   0x000002d0   Code   RO         1253    i.EC808_Process     ec808.o
    0x080024b0   0x00000348   Code   RO          212    i.EnveramentInit    main_v1.0.o
    0x080027f8   0x0000000c   Code   RO         2650    i.FLASH_ClearFlag   stm32f10x_flash.o
    0x08002804   0x0000004c   Code   RO         2655    i.FLASH_ErasePage   stm32f10x_flash.o
    0x08002850   0x00000038   Code   RO         2656    i.FLASH_GetBank1Status  stm32f10x_flash.o
    0x08002888   0x00000014   Code   RO         2666    i.FLASH_LockBank1   stm32f10x_flash.o
    0x0800289c   0x00000064   Code   RO         2670    i.FLASH_ProgramWord  stm32f10x_flash.o
    0x08002900   0x00000018   Code   RO         2673    i.FLASH_Unlock      stm32f10x_flash.o
    0x08002918   0x00000026   Code   RO         2677    i.FLASH_WaitForLastOperation  stm32f10x_flash.o
    0x0800293e   0x00000112   Code   RO         2830    i.GPIO_Init         stm32f10x_gpio.o
    0x08002a50   0x00000004   Code   RO         2837    i.GPIO_ResetBits    stm32f10x_gpio.o
    0x08002a54   0x00000004   Code   RO         2838    i.GPIO_SetBits      stm32f10x_gpio.o
    0x08002a58   0x0000000e   Code   RO          900    i.GREEN_hx          task.o
    0x08002a66   0x00000002   PAD
    0x08002a68   0x0000004c   Code   RO         2016    i.HT1632C_Init      ht1632.o
    0x08002ab4   0x00000040   Code   RO         2017    i.HT1632C_Write     ht1632.o
    0x08002af4   0x00000030   Code   RO         2018    i.HT1632C_Write_CMD  ht1632.o
    0x08002b24   0x00000044   Code   RO         2019    i.HT1632C_Write_DATA  ht1632.o
    0x08002b68   0x00000004   Code   RO           12    i.HardFault_Handler  stm32f10x_it.o
    0x08002b6c   0x00000034   Code   RO          393    i.HexToAsc          usart.o
    0x08002ba0   0x00000044   Code   RO         1254    i.I2C_Ack           ec808.o
    0x08002be4   0x00000044   Code   RO         1334    i.I2C_Ack           sht21.o
    0x08002c28   0x00000048   Code   RO         1574    i.I2C_Initial1      i2c.o
    0x08002c70   0x00000054   Code   RO         1575    i.I2C_Initial2      i2c.o
    0x08002cc4   0x0000005c   Code   RO         1580    i.I2C_ReadByte1     i2c.o
    0x08002d20   0x00000050   Code   RO         1581    i.I2C_ReadByte2     i2c.o
    0x08002d70   0x00000060   Code   RO         1255    i.I2C_ReceiveByte   ec808.o
    0x08002dd0   0x00000068   Code   RO         1335    i.I2C_ReceiveByte   sht21.o
    0x08002e38   0x00000020   Code   RO         1582    i.I2C_SDA_IN1       i2c.o
    0x08002e58   0x00000020   Code   RO         1583    i.I2C_SDA_IN2       i2c.o
    0x08002e78   0x00000024   Code   RO         1584    i.I2C_SDA_OUT1      i2c.o
    0x08002e9c   0x00000024   Code   RO         1585    i.I2C_SDA_OUT2      i2c.o
    0x08002ec0   0x00000060   Code   RO         1256    i.I2C_SendByte      ec808.o
    0x08002f20   0x00000060   Code   RO         1336    i.I2C_SendByte      sht21.o
    0x08002f80   0x0000005c   Code   RO         1586    i.I2C_SendByte1     i2c.o
    0x08002fdc   0x0000005c   Code   RO         1587    i.I2C_SendByte2     i2c.o
    0x08003038   0x00000068   Code   RO         1257    i.I2C_Start         ec808.o
    0x080030a0   0x00000068   Code   RO         1337    i.I2C_Start         sht21.o
    0x08003108   0x00000078   Code   RO         1588    i.I2C_Start1        i2c.o
    0x08003180   0x00000070   Code   RO         1589    i.I2C_Start2        i2c.o
    0x080031f0   0x0000003c   Code   RO         1258    i.I2C_Stop          ec808.o
    0x0800322c   0x0000003c   Code   RO         1338    i.I2C_Stop          sht21.o
    0x08003268   0x00000048   Code   RO         1590    i.I2C_Stop1         i2c.o
    0x080032b0   0x00000040   Code   RO         1591    i.I2C_Stop2         i2c.o
    0x080032f0   0x0000006c   Code   RO         1592    i.I2C_WaitAck1      i2c.o
    0x0800335c   0x00000060   Code   RO         1593    i.I2C_WaitAck2      i2c.o
    0x080033bc   0x00000058   Code   RO         1259    i.I2C_Wait_Ack      ec808.o
    0x08003414   0x00000060   Code   RO         1339    i.I2C_Wait_Ack      sht21.o
    0x08003474   0x0000000a   Code   RO         1596    i.I2C_delay1        i2c.o
    0x0800347e   0x00000002   PAD
    0x08003480   0x0000002c   Code   RO         1260    i.IAQ_Init          ec808.o
    0x080034ac   0x00000110   Code   RO          395    i.ID_information    usart.o
    0x080035bc   0x00000022   Code   RO         3142    i.IWDG_Configuration  stm32f10x_iwdg.o
    0x080035de   0x00000002   PAD
    0x080035e0   0x00000010   Code   RO         3143    i.IWDG_Enable       stm32f10x_iwdg.o
    0x080035f0   0x00000010   Code   RO         3145    i.IWDG_ReloadCounter  stm32f10x_iwdg.o
    0x08003600   0x0000000c   Code   RO         3146    i.IWDG_SetPrescaler  stm32f10x_iwdg.o
    0x0800360c   0x0000000c   Code   RO         3147    i.IWDG_SetReload    stm32f10x_iwdg.o
    0x08003618   0x0000000c   Code   RO         3148    i.IWDG_WriteAccessCmd  stm32f10x_iwdg.o
    0x08003624   0x00000054   Code   RO          396    i.Internet_TX_State  usart.o
    0x08003678   0x0000003a   Code   RO          819    i.Is_Leap_Year      rtc.o
    0x080036b2   0x00000002   PAD
    0x080036b4   0x00000324   Code   RO         1808    i.LCD2_update       oled.o
    0x080039d8   0x00000058   Code   RO         1809    i.LCD_time_update   oled.o
    0x08003a30   0x00000010   Code   RO         2022    i.LED_blue          ht1632.o
    0x08003a40   0x00000010   Code   RO         2023    i.LED_green         ht1632.o
    0x08003a50   0x00000010   Code   RO         2024    i.LED_red           ht1632.o
    0x08003a60   0x000001c4   Code   RO          803    i.MY_GPIO_Init      gpio.o
    0x08003c24   0x00000050   Code   RO          397    i.Mac_TX_State      usart.o
    0x08003c74   0x00000004   Code   RO           13    i.MemManage_Handler  stm32f10x_it.o
    0x08003c78   0x00000002   Code   RO           14    i.NMI_Handler       stm32f10x_it.o
    0x08003c7a   0x0000000c   Code   RO          380    i.NVIC_Configuration  sys.o
    0x08003c86   0x00000002   PAD
    0x08003c88   0x00000084   Code   RO         2188    i.NVIC_Init         misc.o
    0x08003d0c   0x00000014   Code   RO         2189    i.NVIC_PriorityGroupConfig  misc.o
    0x08003d20   0x0000002c   Code   RO         1810    i.OLED_Clear        oled.o
    0x08003d4c   0x00000028   Code   RO         1811    i.OLED_Display1     oled.o
    0x08003d74   0x000000d0   Code   RO         1813    i.OLED_Display3     oled.o
    0x08003e44   0x0000002c   Code   RO         1814    i.OLED_Display4     oled.o
    0x08003e70   0x000000e8   Code   RO         1815    i.OLED_Display5     oled.o
    0x08003f58   0x0000001c   Code   RO         1816    i.OLED_Display_Off  oled.o
    0x08003f74   0x0000001c   Code   RO         1817    i.OLED_Display_On   oled.o
    0x08003f90   0x00000070   Code   RO         1818    i.OLED_DrawPoint    oled.o
    0x08004000   0x00000150   Code   RO         1820    i.OLED_Init         oled.o
    0x08004150   0x00000050   Code   RO         1821    i.OLED_Refresh_Gram  oled.o
    0x080041a0   0x000000e4   Code   RO         1822    i.OLED_ShowChar     oled.o
    0x08004284   0x00000164   Code   RO         1823    i.OLED_ShowChar_1   oled.o
    0x080043e8   0x00000094   Code   RO         1824    i.OLED_ShowChar_11  oled.o
    0x0800447c   0x00000100   Code   RO         1825    i.OLED_ShowChar_12  oled.o
    0x0800457c   0x0000006a   Code   RO         1832    i.OLED_ShowString_24_1  oled.o
    0x080045e6   0x00000052   Code   RO         1833    i.OLED_ShowString_40  oled.o
    0x08004638   0x00000084   Code   RO         1834    i.OLED_WR_Byte      oled.o
    0x080046bc   0x000000dc   Code   RO         1835    i.OLED_down         oled.o
    0x08004798   0x000000dc   Code   RO         1836    i.OLED_up           oled.o
    0x08004874   0x0000000c   Code   RO         3190    i.PWR_BackupAccessCmd  stm32f10x_pwr.o
    0x08004880   0x00000002   Code   RO           15    i.PendSV_Handler    stm32f10x_it.o
    0x08004882   0x00000002   PAD
    0x08004884   0x00000018   Code   RO         3250    i.RCC_ADCCLKConfig  stm32f10x_rcc.o
    0x0800489c   0x00000020   Code   RO         3251    i.RCC_AHBPeriphClockCmd  stm32f10x_rcc.o
    0x080048bc   0x00000020   Code   RO         3252    i.RCC_APB1PeriphClockCmd  stm32f10x_rcc.o
    0x080048dc   0x00000020   Code   RO         3254    i.RCC_APB2PeriphClockCmd  stm32f10x_rcc.o
    0x080048fc   0x0000000c   Code   RO         3257    i.RCC_BackupResetCmd  stm32f10x_rcc.o
    0x08004908   0x00000014   Code   RO         3258    i.RCC_ClearFlag     stm32f10x_rcc.o
    0x0800491c   0x000000d4   Code   RO         3262    i.RCC_GetClocksFreq  stm32f10x_rcc.o
    0x080049f0   0x0000003c   Code   RO         3263    i.RCC_GetFlagStatus  stm32f10x_rcc.o
    0x08004a2c   0x00000034   Code   RO         3270    i.RCC_LSEConfig     stm32f10x_rcc.o
    0x08004a60   0x0000000c   Code   RO         3277    i.RCC_RTCCLKCmd     stm32f10x_rcc.o
    0x08004a6c   0x00000010   Code   RO         3278    i.RCC_RTCCLKConfig  stm32f10x_rcc.o
    0x08004a7c   0x0000000e   Code   RO          901    i.RED_hx            task.o
    0x08004a8a   0x00000002   PAD
    0x08004a8c   0x00000018   Code   RO         3452    i.RTC_EnterConfigMode  stm32f10x_rtc.o
    0x08004aa4   0x0000001c   Code   RO         3453    i.RTC_ExitConfigMode  stm32f10x_rtc.o
    0x08004ac0   0x00000114   Code   RO          821    i.RTC_Get           rtc.o
    0x08004bd4   0x00000078   Code   RO          822    i.RTC_Get_Week      rtc.o
    0x08004c4c   0x0000005c   Code   RO          823    i.RTC_IRQHandler    rtc.o
    0x08004ca8   0x00000030   Code   RO         3458    i.RTC_ITConfig      stm32f10x_rtc.o
    0x08004cd8   0x000000d2   Code   RO          824    i.RTC_Init          rtc.o
    0x08004daa   0x00000022   Code   RO          825    i.RTC_NVIC_Config   rtc.o
    0x08004dcc   0x000000bc   Code   RO          827    i.RTC_Set           rtc.o
    0x08004e88   0x00000024   Code   RO         3460    i.RTC_SetCounter    stm32f10x_rtc.o
    0x08004eac   0x00000024   Code   RO         3461    i.RTC_SetPrescaler  stm32f10x_rtc.o
    0x08004ed0   0x00000014   Code   RO         3462    i.RTC_WaitForLastTask  stm32f10x_rtc.o
    0x08004ee4   0x00000028   Code   RO         3463    i.RTC_WaitForSynchro  stm32f10x_rtc.o
    0x08004f0c   0x00000054   Code   RO         1393    i.SPI2_ReadWriteByte  spi_flash.o
    0x08004f60   0x00000018   Code   RO         3545    i.SPI_Cmd           stm32f10x_spi.o
    0x08004f78   0x000000ac   Code   RO         1397    i.SPI_FLASH_Init    spi_flash.o
    0x08005024   0x00000024   Code   RO         1408    i.SPI_FLASH_Write_Enable  spi_flash.o
    0x08005048   0x00000048   Code   RO         1409    i.SPI_Flash_Erase_Sector  spi_flash.o
    0x08005090   0x00000058   Code   RO         1411    i.SPI_Flash_Read    spi_flash.o
    0x080050e8   0x00000030   Code   RO         1412    i.SPI_Flash_ReadSR  spi_flash.o
    0x08005118   0x00000012   Code   RO         1414    i.SPI_Flash_Wait_Busy  spi_flash.o
    0x0800512a   0x00000002   PAD
    0x0800512c   0x000000b8   Code   RO         1415    i.SPI_Flash_Write   spi_flash.o
    0x080051e4   0x00000046   Code   RO         1416    i.SPI_Flash_Write_NoCheck  spi_flash.o
    0x0800522a   0x00000002   PAD
    0x0800522c   0x0000005c   Code   RO         1417    i.SPI_Flash_Write_Page  spi_flash.o
    0x08005288   0x0000003c   Code   RO         3558    i.SPI_Init          stm32f10x_spi.o
    0x080052c4   0x00000002   Code   RO           16    i.SVC_Handler       stm32f10x_it.o
    0x080052c6   0x00000008   Code   RO          178    i.SetSysClock       system_stm32f10x.o
    0x080052ce   0x00000002   PAD
    0x080052d0   0x000000c8   Code   RO          179    i.SetSysClockTo72   system_stm32f10x.o
    0x08005398   0x00000404   Code   RO         1341    i.Sht21Work         sht21.o
    0x0800579c   0x00000028   Code   RO         2192    i.SysTick_CLKSourceConfig  misc.o
    0x080057c4   0x00000002   Code   RO           17    i.SysTick_Handler   stm32f10x_it.o
    0x080057c6   0x00000002   PAD
    0x080057c8   0x00000060   Code   RO          181    i.SystemInit        system_stm32f10x.o
    0x08005828   0x00000050   Code   RO         1065    i.TIM1_CC_IRQHandler  timer.o
    0x08005878   0x00000034   Code   RO         1066    i.TIM2_IRQHandler   timer.o
    0x080058ac   0x0000001c   Code   RO         1068    i.TIM3_IRQHandler   timer.o
    0x080058c8   0x00000040   Code   RO         1071    i.TIM4_IRQHandler   timer.o
    0x08005908   0x00000016   Code   RO         1072    i.TIM_CCER_CC1Econfig  timer.o
    0x0800591e   0x00000012   Code   RO         1073    i.TIM_CCMR1_CC1sConfig  timer.o
    0x08005930   0x00000012   Code   RO         1074    i.TIM_CCMR1_IC1FConfig  timer.o
    0x08005942   0x00000012   Code   RO         1075    i.TIM_CCMR1_IC1PSCConfig  timer.o
    0x08005954   0x00000006   Code   RO         3695    i.TIM_ClearITPendingBit  stm32f10x_tim.o
    0x0800595a   0x00000018   Code   RO         3700    i.TIM_Cmd           stm32f10x_tim.o
    0x08005972   0x00000006   Code   RO         3715    i.TIM_GetCapture1   stm32f10x_tim.o
    0x08005978   0x00000022   Code   RO         3721    i.TIM_GetITStatus   stm32f10x_tim.o
    0x0800599a   0x00000018   Code   RO         3725    i.TIM_ITConfig      stm32f10x_tim.o
    0x080059b2   0x0000000c   Code   RO         3727    i.TIM_InternalClockConfig  stm32f10x_tim.o
    0x080059be   0x00000016   Code   RO         1076    i.TIM_SMCR_ECEConfig  timer.o
    0x080059d4   0x00000012   Code   RO         1077    i.TIM_SMCR_ETFConfig  timer.o
    0x080059e6   0x00000016   Code   RO         1078    i.TIM_SMCR_ETPConfig  timer.o
    0x080059fc   0x00000012   Code   RO         1079    i.TIM_SMCR_ETPSConfig  timer.o
    0x08005a0e   0x00000012   Code   RO         1080    i.TIM_SMCR_SMSConfig  timer.o
    0x08005a20   0x00000012   Code   RO         3753    i.TIM_SelectInputTrigger  stm32f10x_tim.o
    0x08005a32   0x00000012   Code   RO         3757    i.TIM_SelectOutputTrigger  stm32f10x_tim.o
    0x08005a44   0x000000a4   Code   RO         3771    i.TIM_TimeBaseInit  stm32f10x_tim.o
    0x08005ae8   0x00000042   Code   RO         1342    i.TP_data_lvbo      sht21.o
    0x08005b2a   0x00000002   PAD
    0x08005b2c   0x000000b0   Code   RO         1081    i.Timer1_Init       timer.o
    0x08005bdc   0x0000005c   Code   RO         1082    i.Timer2_Init       timer.o
    0x08005c38   0x00000078   Code   RO         1083    i.Timer3_Init       timer.o
    0x08005cb0   0x00000060   Code   RO         1084    i.Timer4_Init       timer.o
    0x08005d10   0x0000001a   Code   RO         1085    i.Timerx_Init       timer.o
    0x08005d2a   0x00000002   PAD
    0x08005d2c   0x00000040   Code   RO          399    i.UART4_IRQHandler  usart.o
    0x08005d6c   0x00000038   Code   RO          400    i.UART5_IRQHandler  usart.o
    0x08005da4   0x00000040   Code   RO          401    i.USART1_IRQHandler  usart.o
    0x08005de4   0x000000a4   Code   RO          404    i.USART2_Config     usart.o
    0x08005e88   0x00000040   Code   RO          405    i.USART2_IRQHandler  usart.o
    0x08005ec8   0x0000006c   Code   RO          408    i.USART3_TX_State   usart.o
    0x08005f34   0x000000a8   Code   RO          409    i.USART4_Config     usart.o
    0x08005fdc   0x000000a8   Code   RO          410    i.USART5_Config     usart.o
    0x08006084   0x00000678   Code   RO          411    i.USART5_TX_State   usart.o
    0x080066fc   0x000006b0   Code   RO          412    i.USART5_TX_State1  usart.o
    0x08006dac   0x00000080   Code   RO          413    i.USART5_TX_State2  usart.o
    0x08006e2c   0x00000080   Code   RO          414    i.USART5_TX_State3  usart.o
    0x08006eac   0x00000080   Code   RO          415    i.USART5_TX_State4  usart.o
    0x08006f2c   0x000000e0   Code   RO          417    i.USART5_TX_State6  usart.o
    0x0800700c   0x000001b8   Code   RO          418    i.USART5_TX_ceshi_1  usart.o
    0x080071c4   0x00000144   Code   RO          419    i.USART5_TX_ceshi_2  usart.o
    0x08007308   0x00000018   Code   RO         4236    i.USART_Cmd         stm32f10x_usart.o
    0x08007320   0x0000001a   Code   RO         4239    i.USART_GetFlagStatus  stm32f10x_usart.o
    0x0800733a   0x00000054   Code   RO         4240    i.USART_GetITStatus  stm32f10x_usart.o
    0x0800738e   0x0000004a   Code   RO         4242    i.USART_ITConfig    stm32f10x_usart.o
    0x080073d8   0x000000d8   Code   RO         4243    i.USART_Init        stm32f10x_usart.o
    0x080074b0   0x0000000a   Code   RO         4250    i.USART_ReceiveData  stm32f10x_usart.o
    0x080074ba   0x00000008   Code   RO         4253    i.USART_SendData    stm32f10x_usart.o
    0x080074c2   0x00000002   Code   RO           18    i.USBWakeUp_IRQHandler  stm32f10x_it.o
    0x080074c4   0x00000002   Code   RO           19    i.USB_HP_CAN1_TX_IRQHandler  stm32f10x_it.o
    0x080074c6   0x00000002   Code   RO           20    i.USB_LP_CAN1_RX0_IRQHandler  stm32f10x_it.o
    0x080074c8   0x00000004   Code   RO           21    i.UsageFault_Handler  stm32f10x_it.o
    0x080074cc   0x00000020   Code   RO         1734    i.VCNL4000_Init1    vcnl4000.o
    0x080074ec   0x00000020   Code   RO         1735    i.VCNL4000_Init2    vcnl4000.o
    0x0800750c   0x00000026   Code   RO         1736    i.VCNL4000_MeasurementResult1  vcnl4000.o
    0x08007532   0x00000026   Code   RO         1737    i.VCNL4000_MeasurementResult2  vcnl4000.o
    0x08007558   0x0000003e   Code   RO         1740    i.VCNL4000_ReadOneByte1  vcnl4000.o
    0x08007596   0x0000003e   Code   RO         1741    i.VCNL4000_ReadOneByte2  vcnl4000.o
    0x080075d4   0x0000002e   Code   RO         1742    i.VCNL4000_WriteOneByte1  vcnl4000.o
    0x08007602   0x0000002e   Code   RO         1743    i.VCNL4000_WriteOneByte2  vcnl4000.o
    0x08007630   0x00000028   Code   RO         4615    i.__ARM_fpclassify  m_ws.l(fpclassify.o)(m_ws.l)
    0x08007658   0x00000006   Code   RO          421    i._sys_exit         usart.o
    0x0800765e   0x00000042   Code   RO         1262    i.data_lvbo         ec808.o
    0x080076a0   0x00000030   Code   RO          344    i.delay_init        delay.o
    0x080076d0   0x0000003c   Code   RO          345    i.delay_ms          delay.o
    0x0800770c   0x0000003c   Code   RO          346    i.delay_us          delay.o
    0x08007748   0x00000032   Code   RO          772    i.flash_read        flash.o
    0x0800777a   0x000000ae   Code   RO          773    i.flash_write       flash.o
    0x08007828   0x0000013c   Code   RO          902    i.get_params        task.o
    0x08007964   0x0000005c   Code   RO          904    i.get_params2       task.o
    0x080079c0   0x000001b8   Code   RO          905    i.led_display       task.o
    0x08007b78   0x0000015c   Code   RO          213    i.main              main_v1.0.o
    0x08007cd4   0x00000098   Code   RO          906    i.pm25_test         task.o
    0x08007d6c   0x00000110   Code   RO          214    i.receice_from_co2  main_v1.0.o
    0x08007e7c   0x000000b4   Code   RO          215    i.receice_from_usb  main_v1.0.o
    0x08007f30   0x00000170   Code   RO          216    i.receice_from_wifi  main_v1.0.o
    0x080080a0   0x00000108   Code   RO          426    i.receive_mac_from_wifi  usart.o
    0x080081a8   0x000004d8   Code   RO          427    i.receive_msg_from_usb  usart.o
    0x08008680   0x00000174   Code   RO          428    i.receive_msg_from_wifi  usart.o
    0x080087f4   0x000001e8   Code   RO          429    i.send_msg_to_usb   usart.o
    0x080089dc   0x0000014c   Code   RO          430    i.send_msg_to_wifi  usart.o
    0x08008b28   0x000000b0   Code   RO          431    i.send_msg_to_wifi_1  usart.o
    0x08008bd8   0x000001e0   Code   RO          907    i.task              task.o
    0x08008db8   0x000000cc   Code   RO          908    i.task_10ms         task.o
    0x08008e84   0x00000064   Code   RO          909    i.task_10s          task.o
    0x08008ee8   0x00000002   Code   RO          910    i.task_1m           task.o
    0x08008eea   0x00000002   Code   RO          911    i.task_1ms          task.o
    0x08008eec   0x0000057c   Code   RO          912    i.task_1s           task.o
    0x08009468   0x00000002   Code   RO          913    i.task_20ms         task.o
    0x0800946a   0x00000008   Code   RO          914    i.task_25ms         task.o
    0x08009472   0x00000002   PAD
    0x08009474   0x00000214   Code   RO          915    i.task_2s           task.o
    0x08009688   0x00000118   Code   RO          916    i.task_300ms        task.o
    0x080097a0   0x00000040   Code   RO          917    i.task_3s           task.o
    0x080097e0   0x00000020   Code   RO          918    i.task_5m           task.o
    0x08009800   0x00000128   Code   RO          919    i.task_5ms          task.o
    0x08009928   0x00000008   Code   RO          920    i.task_75ms         task.o
    0x08009930   0x000002e8   Code   RO          921    i.task_data         task.o
    0x08009c18   0x000004b0   Code   RO          922    i.task_message      task.o
    0x0800a0c8   0x00000688   Code   RO          432    i.time_sound        usart.o
    0x0800a750   0x000000a4   Code   RO          433    i.uart1_init        usart.o
    0x0800a7f4   0x00000238   Code   RO          923    i.vncl_4010_1       task.o
    0x0800aa2c   0x00000290   Code   RO          924    i.vncl_4010_2       task.o
    0x0800acbc   0x0000002c   Code   RO         4611    locale$$code        c_w.l(lc_numeric_c.o)(c_w.l)
    0x0800ace8   0x00000062   Code   RO         4459    x$fpl$d2f           fz_ws.l(d2f.o)(fz_ws.l)
    0x0800ad4a   0x00000002   PAD
    0x0800ad4c   0x0000014c   Code   RO         4461    x$fpl$dadd          fz_ws.l(daddsub_clz.o)(fz_ws.l)
    0x0800ae98   0x00000018   Code   RO         4540    x$fpl$dcmpinf       fz_ws.l(dcmpi.o)(fz_ws.l)
    0x0800aeb0   0x000002b0   Code   RO         4468    x$fpl$ddiv          fz_ws.l(ddiv.o)(fz_ws.l)
    0x0800b160   0x0000005a   Code   RO         4471    x$fpl$dfixu         fz_ws.l(dfixu.o)(fz_ws.l)
    0x0800b1ba   0x0000002e   Code   RO         4476    x$fpl$dflt          fz_ws.l(dflt_clz.o)(fz_ws.l)
    0x0800b1e8   0x00000026   Code   RO         4475    x$fpl$dfltu         fz_ws.l(dflt_clz.o)(fz_ws.l)
    0x0800b20e   0x00000002   PAD
    0x0800b210   0x00000078   Code   RO         4481    x$fpl$dleqf         fz_ws.l(dleqf.o)(fz_ws.l)
    0x0800b288   0x00000154   Code   RO         4483    x$fpl$dmul          fz_ws.l(dmul.o)(fz_ws.l)
    0x0800b3dc   0x0000009c   Code   RO         4542    x$fpl$dnaninf       fz_ws.l(dnaninf.o)(fz_ws.l)
    0x0800b478   0x0000000c   Code   RO         4544    x$fpl$dretinf       fz_ws.l(dretinf.o)(fz_ws.l)
    0x0800b484   0x0000006c   Code   RO         4485    x$fpl$drleqf        fz_ws.l(drleqf.o)(fz_ws.l)
    0x0800b4f0   0x000001d4   Code   RO         4463    x$fpl$dsub          fz_ws.l(daddsub_clz.o)(fz_ws.l)
    0x0800b6c4   0x00000056   Code   RO         4487    x$fpl$f2d           fz_ws.l(f2d.o)(fz_ws.l)
    0x0800b71a   0x00000002   PAD
    0x0800b71c   0x000000c4   Code   RO         4489    x$fpl$fadd          fz_ws.l(faddsub_clz.o)(fz_ws.l)
    0x0800b7e0   0x00000018   Code   RO         4546    x$fpl$fcmpinf       fz_ws.l(fcmpi.o)(fz_ws.l)
    0x0800b7f8   0x00000184   Code   RO         4496    x$fpl$fdiv          fz_ws.l(fdiv.o)(fz_ws.l)
    0x0800b97c   0x00000068   Code   RO         4499    x$fpl$feqf          fz_ws.l(feqf.o)(fz_ws.l)
    0x0800b9e4   0x00000036   Code   RO         4501    x$fpl$ffix          fz_ws.l(ffix.o)(fz_ws.l)
    0x0800ba1a   0x00000002   PAD
    0x0800ba1c   0x0000003e   Code   RO         4505    x$fpl$ffixu         fz_ws.l(ffixu.o)(fz_ws.l)
    0x0800ba5a   0x00000002   PAD
    0x0800ba5c   0x00000030   Code   RO         4510    x$fpl$fflt          fz_ws.l(fflt_clz.o)(fz_ws.l)
    0x0800ba8c   0x00000026   Code   RO         4509    x$fpl$ffltu         fz_ws.l(fflt_clz.o)(fz_ws.l)
    0x0800bab2   0x00000002   PAD
    0x0800bab4   0x00000068   Code   RO         4515    x$fpl$fleqf         fz_ws.l(fleqf.o)(fz_ws.l)
    0x0800bb1c   0x00000102   Code   RO         4517    x$fpl$fmul          fz_ws.l(fmul.o)(fz_ws.l)
    0x0800bc1e   0x0000008c   Code   RO         4548    x$fpl$fnaninf       fz_ws.l(fnaninf.o)(fz_ws.l)
    0x0800bcaa   0x0000000e   Code   RO         4678    x$fpl$fpinit        fz_ws.l(fpinit.o)(fz_ws.l)
    0x0800bcb8   0x0000000a   Code   RO         4550    x$fpl$fretinf       fz_ws.l(fretinf.o)(fz_ws.l)
    0x0800bcc2   0x00000062   Code   RO         4519    x$fpl$frleqf        fz_ws.l(frleqf.o)(fz_ws.l)
    0x0800bd24   0x00000014   Code   RO         4490    x$fpl$frsb          fz_ws.l(faddsub_clz.o)(fz_ws.l)
    0x0800bd38   0x000000ea   Code   RO         4491    x$fpl$fsub          fz_ws.l(faddsub_clz.o)(fz_ws.l)
    0x0800be22   0x00000004   Code   RO         4521    x$fpl$printf1       fz_ws.l(printf1.o)(fz_ws.l)
    0x0800be26   0x00000000   Code   RO         4552    x$fpl$usenofp       fz_ws.l(usenofp.o)(fz_ws.l)
    0x0800be26   0x0000003c   Data   RO          830    .constdata          rtc.o
    0x0800be62   0x000077ee   Data   RO         1839    .constdata          oled.o
    0x08013650   0x00000011   Data   RO         4439    .constdata          c_w.l(__printf_flags_wp.o)(c_w.l)
    0x08013661   0x00000003   PAD
    0x08013664   0x00000094   Data   RO         4583    .constdata          c_w.l(bigflt0.o)(c_w.l)
    0x080136f8   0x0000002d   Data   RO         1840    .conststring        oled.o
    0x08013725   0x00000003   PAD
    0x08013728   0x00000020   Data   RO         4753    Region$$Table       anon$$obj.o
    0x08013748   0x0000001c   Data   RO         4610    locale$$data        c_w.l(lc_numeric_c.o)(c_w.l)


    Execution Region RW_IRAM1 (Base: 0x20000000, Size: 0x00006070, Max: 0x0000c000, ABSOLUTE, COMPRESSED[0x000003c8])

    Base Addr    Size         Type   Attr      Idx    E Section Name        Object

    0x20000000   0x00000270   Data   RW          218    .data               main_v1.0.o
    0x20000270   0x00000004   Data   RW          347    .data               delay.o
    0x20000274   0x00000004   PAD
    0x20000278   0x0000037c   Data   RW          435    .data               usart.o
    0x200005f4   0x00000046   Data   RW          729    .data               adc.o
    0x2000063a   0x00000002   PAD
    0x2000063c   0x000000e5   Data   RW          775    .data               flash.o
    0x20000721   0x00000003   PAD
    0x20000724   0x0000001a   Data   RW          831    .data               rtc.o
    0x2000073e   0x00000002   PAD
    0x20000740   0x000000a7   Data   RW          926    .data               task.o
    0x200007e7   0x00000001   PAD
    0x200007e8   0x00000008   Data   RW         1086    .data               timer.o
    0x200007f0   0x00000200   Data   RW         1237    .data               crc.o
    0x200009f0   0x0000000c   Data   RW         1264    .data               ec808.o
    0x200009fc   0x0000000e   Data   RW         1344    .data               sht21.o
    0x20000a0a   0x00000014   Data   RW         1745    .data               vcnl4000.o
    0x20000a1e   0x00000002   PAD
    0x20000a20   0x00000056   Data   RW         1841    .data               oled.o
    0x20000a76   0x00000014   Data   RW         3282    .data               stm32f10x_rcc.o
    0x20000a8a   0x00000002   PAD
    0x20000a8c   0x00000075   Zero   RW          217    .bss                main_v1.0.o
    0x20000b01   0x00000001   PAD
    0x20000b02   0x00000b6c   Zero   RW          434    .bss                usart.o
    0x2000166e   0x00002000   Zero   RW          728    .bss                adc.o
    0x2000366e   0x00000002   PAD
    0x20003670   0x000000e0   Zero   RW          774    .bss                flash.o
    0x20003750   0x0000003c   Zero   RW          829    .bss                rtc.o
    0x2000378c   0x000007fd   Zero   RW          925    .bss                task.o
    0x20003f89   0x00000001   PAD
    0x20003f8a   0x00000032   Zero   RW         1263    .bss                ec808.o
    0x20003fbc   0x00000014   Zero   RW         1343    .bss                sht21.o
    0x20003fd0   0x00001000   Zero   RW         1418    .bss                spi_flash.o
    0x20004fd0   0x00000840   Zero   RW         1838    .bss                oled.o
    0x20005810   0x00000060   Zero   RW         4618    .bss                c_w.l(libspace.o)(c_w.l)
    0x20005870   0x00000000   Zero   RW            2    HEAP                startup_stm32f10x_hd.o
    0x20005870   0x00000800   Zero   RW            1    STACK               startup_stm32f10x_hd.o


==============================================================================

Image component sizes


      Code (inc. data)   RO Data    RW Data    ZI Data      Debug   Object Name

      1444        174          0         70       8192          0   adc.o
        56          8          0        512          0          0   crc.o
       168         20          0          4          0          0   delay.o
      2070        170          0         12         50          0   ec808.o
       224          0          0        229        224          0   flash.o
       452         20          0          0          0          0   gpio.o
       304         34          0          0          0          0   ht1632.o
      1230        152          0          0          0          0   i2c.o
      2008        222          0        624        117          0   main_v1.0.o
       192         24          0          0          0          0   misc.o
      3824        304      30747         86       2112          0   oled.o
       978         62         60         26         60          0   rtc.o
      1622        198          0         14         20          0   sht21.o
       864         48          0          0       4096          0   spi_flash.o
        72         26        304          0       2048          0   startup_stm32f10x_hd.o
       394         10          0          0          0          0   stm32f10x_adc.o
        48         10          0          0          0          0   stm32f10x_bkp.o
       492         36          0          0          0          0   stm32f10x_dma.o
       326         38          0          0          0          0   stm32f10x_flash.o
       282          0          0          0          0          0   stm32f10x_gpio.o
        32          0          0          0          0          0   stm32f10x_it.o
       102         30          0          0          0          0   stm32f10x_iwdg.o
        12          6          0          0          0          0   stm32f10x_pwr.o
       504         78          0         20          0          0   stm32f10x_rcc.o
       232         56          0          0          0          0   stm32f10x_rtc.o
        84          0          0          0          0          0   stm32f10x_spi.o
       306         42          0          0          0          0   stm32f10x_tim.o
       442          6          0          0          0          0   stm32f10x_usart.o
        12          0          0          0          0          0   sys.o
       304         26          0          0          0          0   system_stm32f10x.o
      7610       1188          0        167       2045          0   task.o
       908         58          0          8          0          0   timer.o
     10798       1122          0        892       2924          0   usart.o
       356          0          0         20          0          0   vcnl4000.o

    ----------------------------------------------------------------------
     38784       4168      31146       2700      21892          0   Object Totals
         0          0         32          0          0          0   (incl. Generated)
        32          0          3         16          4          1   (incl. Padding)

    ----------------------------------------------------------------------

      Code (inc. data)   RO Data    RW Data    ZI Data      Debug   Library Member Name

       100          0          0          0          0          0   __dclz77c.o
         8          0          0          0          0          0   __main.o
       324          4         17          0          0          0   __printf_flags_wp.o
        52          8          0          0          0          0   __scatter.o
        28          0          0          0          0          0   __scatter_zi.o
        48          6          0          0          0          0   _printf_char_common.o
         6          0          0          0          0          0   _printf_d.o
       116         18          0          0          0          0   _printf_dec.o
         6          0          0          0          0          0   _printf_f.o
      1038          0          0          0          0          0   _printf_fp_dec.o
       124         16          0          0          0          0   _printf_fp_infnan.o
       180          0          0          0          0          0   _printf_intcommon.o
        80          0          0          0          0          0   _printf_pad.o
         0          0          0          0          0          0   _printf_percent.o
         4          0          0          0          0          0   _printf_percent_end.o
        10          0          0          0          0          0   _sputc.o
       236          6        148          0          0          0   bigflt0.o
      1910        128          0          0          0          0   btod.o
        12          0          0          0          0          0   exit.o
         6          0          0          0          0          0   heapauxi.o
        44         10         28          0          0          0   lc_numeric_c.o
         6          0          0          0          0          0   libinit.o
        18          0          0          0          0          0   libinit2.o
         2          0          0          0          0          0   libshutdown.o
         2          0          0          0          0          0   libshutdown2.o
         8          4          0          0         96          0   libspace.o
       138          0          0          0          0          0   lludiv10.o
        40          6          0          0          0          0   noretval__2sprintf.o
        12          4          0          0          0          0   rt_fp_status_addr_intlibspace.o
        12          4          0          0          0          0   rt_locale_intlibspace.o
       138          0          0          0          0          0   rt_memcpy_v6.o
       100          0          0          0          0          0   rt_memcpy_w.o
         0          0          0          0          0          0   rtentry.o
        12          0          0          0          0          0   rtentry2.o
         6          0          0          0          0          0   rtentry4.o
         2          0          0          0          0          0   rtexit.o
        10          0          0          0          0          0   rtexit2.o
        16          0          0          0          0          0   rtudiv10.o
       128          0          0          0          0          0   strcmpv7m.o
        62          0          0          0          0          0   strlen.o
        74          0          0          0          0          0   sys_stackheap_outer.o
         2          0          0          0          0          0   use_no_semi.o
         2          0          0          0          0          0   use_no_semi_2.o
        98          4          0          0          0          0   d2f.o
       800         16          0          0          0          0   daddsub_clz.o
        24          0          0          0          0          0   dcmpi.o
       688        140          0          0          0          0   ddiv.o
        90          4          0          0          0          0   dfixu.o
        84          0          0          0          0          0   dflt_clz.o
       120          4          0          0          0          0   dleqf.o
       340         12          0          0          0          0   dmul.o
       156          4          0          0          0          0   dnaninf.o
        12          0          0          0          0          0   dretinf.o
       108          0          0          0          0          0   drleqf.o
        86          4          0          0          0          0   f2d.o
       450          8          0          0          0          0   faddsub_clz.o
        24          0          0          0          0          0   fcmpi.o
       388         76          0          0          0          0   fdiv.o
       104          4          0          0          0          0   feqf.o
        54          4          0          0          0          0   ffix.o
        62          4          0          0          0          0   ffixu.o
        86          0          0          0          0          0   fflt_clz.o
       104          4          0          0          0          0   fleqf.o
       258          4          0          0          0          0   fmul.o
       140          4          0          0          0          0   fnaninf.o
        14          0          0          0          0          0   fpinit.o
        10          0          0          0          0          0   fretinf.o
        98          0          0          0          0          0   frleqf.o
         4          0          0          0          0          0   printf1.o
         0          0          0          0          0          0   usenofp.o
        40          0          0          0          0          0   fpclassify.o

    ----------------------------------------------------------------------
      9590        510        196          0         96          0   Library Totals
        26          0          3          0          0          0   (incl. Padding)

    ----------------------------------------------------------------------

      Code (inc. data)   RO Data    RW Data    ZI Data      Debug   Library Name

      5122        214        193          0         96       2920   c_w.l
      4402        296          0          0          0       2712   fz_ws.l
        40          0          0          0          0         68   m_ws.l

    ----------------------------------------------------------------------
      9590        510        196          0         96          0   Library Totals

    ----------------------------------------------------------------------

==============================================================================


      Code (inc. data)   RO Data    RW Data    ZI Data      Debug   

     48374       4678      31342       2700      21988     479664   Grand Totals
     48374       4678      31342        968      21988     479664   ELF Image Totals (compressed)
     48374       4678      31342        968          0          0   ROM Totals

==============================================================================

    Total RO  Size (Code + RO Data)                79716 (  77.85kB)
    Total RW  Size (RW Data + ZI Data)             24688 (  24.11kB)
    Total ROM Size (Code + RO Data + RW Data)      80684 (  78.79kB)

==============================================================================

